#
# There is insufficient memory for the Java Runtime Environment to continue.
# Native memory allocation (malloc) failed to allocate 338416 bytes for Chunk::new
# Possible reasons:
#   The system is out of physical RAM or swap space
#   The process is running with CompressedOops enabled, and the Java Heap may be blocking the growth of the native heap
# Possible solutions:
#   Reduce memory load on the system
#   Increase physical memory or swap space
#   Check if swap backing store is full
#   Decrease Java heap size (-Xmx/-Xms)
#   Decrease number of Java threads
#   Decrease Java thread stack sizes (-Xss)
#   Set larger code cache with -XX:ReservedCodeCacheSize=
#   JVM is running with Zero Based Compressed Oops mode in which the Java heap is
#     placed in the first 32GB address space. The Java Heap base address is the
#     maximum limit for the native heap growth. Please use -XX:HeapBaseMinAddress
#     to set the Java Heap base and to place the Java Heap above 32GB virtual address.
# This output file may be truncated or incomplete.
#
#  Out of Memory Error (arena.cpp:168), pid=14208, tid=8156
#
# JRE version: Java(TM) SE Runtime Environment (21.0.6+8) (build 21.0.6+8-LTS-188)
# Java VM: Java HotSpot(TM) 64-Bit Server VM (21.0.6+8-LTS-188, mixed mode, sharing, tiered, compressed oops, compressed class ptrs, g1 gc, windows-amd64)
# No core dump will be written. Minidumps are not enabled by default on client versions of Windows
#

---------------  S U M M A R Y ------------

Command Line: -javaagent:C:\Program Files\JetBrains\IntelliJ IDEA Community Edition 2024.2.3\lib\idea_rt.jar=56457:C:\Program Files\JetBrains\IntelliJ IDEA Community Edition 2024.2.3\bin -Dfile.encoding=UTF-8 -Dsun.stdout.encoding=UTF-8 -Dsun.stderr.encoding=UTF-8 com.eureka.service.eureka_service.EurekaServiceApplication

Host: AMD Ryzen 7 5700G with Radeon Graphics         , 16 cores, 15G,  Windows 11 , 64 bit Build 26100 (10.0.26100.7019)
Time: Sat Nov 15 19:37:03 2025 Hora estándar de Argentina elapsed time: 2525.009867 seconds (0d 0h 42m 5s)

---------------  T H R E A D  ---------------

Current thread (0x000002277a77b630):  JavaThread "C2 CompilerThread0" daemon [_thread_in_native, id=8156, stack(0x000000c63ca00000,0x000000c63cb00000) (1024K)]


Current CompileTask:
C2:2525009 9151   !   4       java.util.concurrent.ThreadPoolExecutor::getTask (177 bytes)

Stack: [0x000000c63ca00000,0x000000c63cb00000]
Native frames: (J=compiled Java code, j=interpreted, Vv=VM code, C=native code)
V  [jvm.dll+0x6ca6d9]
V  [jvm.dll+0x854f51]
V  [jvm.dll+0x85747e]
V  [jvm.dll+0x857b53]
V  [jvm.dll+0x27dcc6]
V  [jvm.dll+0xc4c2d]
V  [jvm.dll+0xc5163]
V  [jvm.dll+0x2f0fbd]
V  [jvm.dll+0x5f546a]
V  [jvm.dll+0x24f8a2]
V  [jvm.dll+0x24fc5f]
V  [jvm.dll+0x248764]
V  [jvm.dll+0x245df4]
V  [jvm.dll+0x1c6d2e]
V  [jvm.dll+0x2554f9]
V  [jvm.dll+0x253a8a]
V  [jvm.dll+0x3ee576]
V  [jvm.dll+0x7ff2fb]
V  [jvm.dll+0x6c8dbd]
C  [ucrtbase.dll+0x37b0]
C  [KERNEL32.DLL+0x2e8d7]
C  [ntdll.dll+0x8c53c]


---------------  P R O C E S S  ---------------

Threads class SMR info:
_java_thread_list=0x00000227561f9c50, length=37, elements={
0x000002277a775b00, 0x000002277a776960, 0x000002277f132830, 0x000002277f131b10,
0x000002277f133550, 0x000002277f130760, 0x000002277a77b630, 0x000002277a77e880,
0x000002277f130df0, 0x000002277f1300d0, 0x000002277f131480, 0x0000022750081470,
0x0000022750082190, 0x000002275007ed10, 0x000002275007e680, 0x0000022750083bd0,
0x0000022750083540, 0x0000022750084260, 0x00000227500848f0, 0x0000022750084f80,
0x0000022750085610, 0x0000022754f40450, 0x0000022754f42520, 0x0000022754f3fdc0,
0x0000022754f3f0a0, 0x0000022754f41e90, 0x0000022754f3f730, 0x0000022754f42bb0,
0x0000022754f43f60, 0x0000022754f438d0, 0x0000022754f43240, 0x0000022754f40ae0,
0x0000022754f445f0, 0x0000022754f41170, 0x0000022754f44c80, 0x0000022754f41800,
0x0000022754f45310
}

Java Threads: ( => current thread )
  0x000002277a775b00 JavaThread "Reference Handler"          daemon [_thread_blocked, id=11720, stack(0x000000c63c400000,0x000000c63c500000) (1024K)]
  0x000002277a776960 JavaThread "Finalizer"                  daemon [_thread_blocked, id=3728, stack(0x000000c63c500000,0x000000c63c600000) (1024K)]
  0x000002277f132830 JavaThread "Signal Dispatcher"          daemon [_thread_blocked, id=3056, stack(0x000000c63c600000,0x000000c63c700000) (1024K)]
  0x000002277f131b10 JavaThread "Attach Listener"            daemon [_thread_blocked, id=12212, stack(0x000000c63c700000,0x000000c63c800000) (1024K)]
  0x000002277f133550 JavaThread "Service Thread"             daemon [_thread_blocked, id=17232, stack(0x000000c63c800000,0x000000c63c900000) (1024K)]
  0x000002277f130760 JavaThread "Monitor Deflation Thread"   daemon [_thread_blocked, id=16508, stack(0x000000c63c900000,0x000000c63ca00000) (1024K)]
=>0x000002277a77b630 JavaThread "C2 CompilerThread0"         daemon [_thread_in_native, id=8156, stack(0x000000c63ca00000,0x000000c63cb00000) (1024K)]
  0x000002277a77e880 JavaThread "C1 CompilerThread0"         daemon [_thread_blocked, id=14732, stack(0x000000c63cb00000,0x000000c63cc00000) (1024K)]
  0x000002277f130df0 JavaThread "Common-Cleaner"             daemon [_thread_blocked, id=14876, stack(0x000000c63cc00000,0x000000c63cd00000) (1024K)]
  0x000002277f1300d0 JavaThread "Monitor Ctrl-Break"         daemon [_thread_in_native, id=7628, stack(0x000000c63d000000,0x000000c63d100000) (1024K)]
  0x000002277f131480 JavaThread "Notification Thread"        daemon [_thread_blocked, id=14152, stack(0x000000c63d100000,0x000000c63d200000) (1024K)]
  0x0000022750081470 JavaThread "Catalina-utility-1"                [_thread_blocked, id=13340, stack(0x000000c63ec00000,0x000000c63ed00000) (1024K)]
  0x0000022750082190 JavaThread "Catalina-utility-2"                [_thread_blocked, id=13516, stack(0x000000c63ed00000,0x000000c63ee00000) (1024K)]
  0x000002275007ed10 JavaThread "container-0"                       [_thread_blocked, id=15768, stack(0x000000c63ee00000,0x000000c63ef00000) (1024K)]
  0x000002275007e680 JavaThread "File Watcher"               daemon [_thread_blocked, id=2376, stack(0x000000c63d800000,0x000000c63d900000) (1024K)]
  0x0000022750083bd0 JavaThread "Live Reload Server"         daemon [_thread_in_native, id=10876, stack(0x000000c63e600000,0x000000c63e700000) (1024K)]
  0x0000022750083540 JavaThread "spectator-gauge-polling-0"  daemon [_thread_blocked, id=9912, stack(0x000000c63e800000,0x000000c63e900000) (1024K)]
  0x0000022750084260 JavaThread "Eureka-DeltaRetentionTimer" daemon [_thread_blocked, id=4412, stack(0x000000c63e900000,0x000000c63ea00000) (1024K)]
  0x00000227500848f0 JavaThread "Eureka-EvictionTimer"       daemon [_thread_blocked, id=16944, stack(0x000000c63ea00000,0x000000c63eb00000) (1024K)]
  0x0000022750084f80 JavaThread "Eureka-MeasureRateTimer"    daemon [_thread_blocked, id=1748, stack(0x000000c63eb00000,0x000000c63ec00000) (1024K)]
  0x0000022750085610 JavaThread "ReplicaAwareInstanceRegistry - RenewalThresholdUpdater" daemon [_thread_blocked, id=15204, stack(0x000000c63f000000,0x000000c63f100000) (1024K)]
  0x0000022754f40450 JavaThread "Eureka-MeasureRateTimer"    daemon [_thread_blocked, id=16436, stack(0x000000c63f100000,0x000000c63f200000) (1024K)]
  0x0000022754f42520 JavaThread "Eureka-PeerNodesUpdater"    daemon [_thread_blocked, id=11048, stack(0x000000c63f200000,0x000000c63f300000) (1024K)]
  0x0000022754f3fdc0 JavaThread "Eureka-CacheFillTimer"      daemon [_thread_blocked, id=4824, stack(0x000000c63f300000,0x000000c63f400000) (1024K)]
  0x0000022754f3f0a0 JavaThread "http-nio-8761-exec-1"       daemon [_thread_blocked, id=13636, stack(0x000000c63f500000,0x000000c63f600000) (1024K)]
  0x0000022754f41e90 JavaThread "http-nio-8761-exec-2"       daemon [_thread_blocked, id=1740, stack(0x000000c63f600000,0x000000c63f700000) (1024K)]
  0x0000022754f3f730 JavaThread "http-nio-8761-exec-3"       daemon [_thread_blocked, id=10824, stack(0x000000c63f700000,0x000000c63f800000) (1024K)]
  0x0000022754f42bb0 JavaThread "http-nio-8761-exec-4"       daemon [_thread_blocked, id=15932, stack(0x000000c63f800000,0x000000c63f900000) (1024K)]
  0x0000022754f43f60 JavaThread "http-nio-8761-exec-5"       daemon [_thread_blocked, id=14432, stack(0x000000c63f900000,0x000000c63fa00000) (1024K)]
  0x0000022754f438d0 JavaThread "http-nio-8761-exec-6"       daemon [_thread_blocked, id=15700, stack(0x000000c63fa00000,0x000000c63fb00000) (1024K)]
  0x0000022754f43240 JavaThread "http-nio-8761-exec-7"       daemon [_thread_blocked, id=17252, stack(0x000000c63fb00000,0x000000c63fc00000) (1024K)]
  0x0000022754f40ae0 JavaThread "http-nio-8761-exec-8"       daemon [_thread_blocked, id=12656, stack(0x000000c63fc00000,0x000000c63fd00000) (1024K)]
  0x0000022754f445f0 JavaThread "http-nio-8761-exec-9"       daemon [_thread_blocked, id=8588, stack(0x000000c63fd00000,0x000000c63fe00000) (1024K)]
  0x0000022754f41170 JavaThread "http-nio-8761-exec-10"      daemon [_thread_blocked, id=16612, stack(0x000000c63fe00000,0x000000c63ff00000) (1024K)]
  0x0000022754f44c80 JavaThread "http-nio-8761-Poller"       daemon [_thread_in_native, id=13572, stack(0x000000c63f400000,0x000000c63f500000) (1024K)]
  0x0000022754f41800 JavaThread "http-nio-8761-Acceptor"     daemon [_thread_in_native, id=6188, stack(0x000000c63ff00000,0x000000c640000000) (1024K)]
  0x0000022754f45310 JavaThread "DestroyJavaVM"                     [_thread_blocked, id=15852, stack(0x000000c63bc00000,0x000000c63bd00000) (1024K)]
Total: 37

Other Threads:
  0x000002277a75b540 VMThread "VM Thread"                           [id=5656, stack(0x000000c63c300000,0x000000c63c400000) (1024K)]
  0x000002277a74a1e0 WatcherThread "VM Periodic Task Thread"        [id=14616, stack(0x000000c63c200000,0x000000c63c300000) (1024K)]
  0x000002276a6edeb0 WorkerThread "GC Thread#0"                     [id=13556, stack(0x000000c63bd00000,0x000000c63be00000) (1024K)]
  0x000002277fb87250 WorkerThread "GC Thread#1"                     [id=17224, stack(0x000000c63d400000,0x000000c63d500000) (1024K)]
  0x000002277fb875f0 WorkerThread "GC Thread#2"                     [id=17056, stack(0x000000c63d500000,0x000000c63d600000) (1024K)]
  0x0000022750192010 WorkerThread "GC Thread#3"                     [id=15296, stack(0x000000c63d600000,0x000000c63d700000) (1024K)]
  0x00000227501923b0 WorkerThread "GC Thread#4"                     [id=16164, stack(0x000000c63d700000,0x000000c63d800000) (1024K)]
  0x0000022750658340 WorkerThread "GC Thread#5"                     [id=16248, stack(0x000000c63da00000,0x000000c63db00000) (1024K)]
  0x00000227508148b0 WorkerThread "GC Thread#6"                     [id=15044, stack(0x000000c63db00000,0x000000c63dc00000) (1024K)]
  0x0000022750fb9a20 WorkerThread "GC Thread#7"                     [id=5960, stack(0x000000c63de00000,0x000000c63df00000) (1024K)]
  0x0000022750fb9680 WorkerThread "GC Thread#8"                     [id=4576, stack(0x000000c63df00000,0x000000c63e000000) (1024K)]
  0x0000022750fb9dc0 WorkerThread "GC Thread#9"                     [id=440, stack(0x000000c63e000000,0x000000c63e100000) (1024K)]
  0x0000022750fb8f40 WorkerThread "GC Thread#10"                    [id=2092, stack(0x000000c63e100000,0x000000c63e200000) (1024K)]
  0x0000022750fb92e0 WorkerThread "GC Thread#11"                    [id=16972, stack(0x000000c63e200000,0x000000c63e300000) (1024K)]
  0x0000022750fb8460 WorkerThread "GC Thread#12"                    [id=15404, stack(0x000000c63d300000,0x000000c63d400000) (1024K)]
  0x000002276a71ccd0 ConcurrentGCThread "G1 Main Marker"            [id=2004, stack(0x000000c63be00000,0x000000c63bf00000) (1024K)]
  0x000002276a71d7d0 WorkerThread "G1 Conc#0"                       [id=3192, stack(0x000000c63bf00000,0x000000c63c000000) (1024K)]
  0x0000022750fb8800 WorkerThread "G1 Conc#1"                       [id=14112, stack(0x000000c63d900000,0x000000c63da00000) (1024K)]
  0x0000022750fb8ba0 WorkerThread "G1 Conc#2"                       [id=16420, stack(0x000000c63e400000,0x000000c63e500000) (1024K)]
  0x000002277a618440 ConcurrentGCThread "G1 Refine#0"               [id=3744, stack(0x000000c63c000000,0x000000c63c100000) (1024K)]
  0x000002277a619dd0 ConcurrentGCThread "G1 Service"                [id=16064, stack(0x000000c63c100000,0x000000c63c200000) (1024K)]
Total: 21

Threads with active compile tasks:
C2 CompilerThread0  2525482 9151   !   4       java.util.concurrent.ThreadPoolExecutor::getTask (177 bytes)
Total: 1

VM state: not at safepoint (normal execution)

VM Mutex/Monitor currently owned by a thread: None

Heap address: 0x000000070b200000, size: 3918 MB, Compressed Oops mode: Zero based, Oop shift amount: 3

CDS archive(s) mapped at: [0x000002270f000000-0x000002270fc90000-0x000002270fc90000), size 13172736, SharedBaseAddress: 0x000002270f000000, ArchiveRelocationMode: 1.
Compressed class space mapped at: 0x0000022710000000-0x0000022750000000, reserved size: 1073741824
Narrow klass base: 0x000002270f000000, Narrow klass shift: 0, Narrow klass range: 0x100000000

GC Precious Log:
 CardTable entry size: 512
 Card Set container configuration: InlinePtr #cards 4 size 8 Array Of Cards #cards 16 size 48 Howl #buckets 8 coarsen threshold 3686 Howl Bitmap #cards 512 size 80 coarsen threshold 460 Card regions per heap region 1 cards per card region 4096
 CPUs: 16 total, 16 available
 Memory: 15664M
 Large Page Support: Disabled
 NUMA Support: Disabled
 Compressed Oops: Enabled (Zero based)
 Heap Region Size: 2M
 Heap Min Capacity: 8M
 Heap Initial Capacity: 246M
 Heap Max Capacity: 3918M
 Pre-touch: Disabled
 Parallel Workers: 13
 Concurrent Workers: 3
 Concurrent Refinement Workers: 13
 Periodic GC: Disabled

Heap:
 garbage-first heap   total 104448K, used 81274K [0x000000070b200000, 0x0000000800000000)
  region size 2048K, 21 young (43008K), 2 survivors (4096K)
 Metaspace       used 62338K, committed 63232K, reserved 1114112K
  class space    used 8083K, committed 8512K, reserved 1048576K

Heap Regions: E=young(eden), S=young(survivor), O=old, HS=humongous(starts), HC=humongous(continues), CS=collection set, F=free, TAMS=top-at-mark-start, PB=parsable bottom
|   0|0x000000070b200000, 0x000000070b400000, 0x000000070b400000|100%| O|  |TAMS 0x000000070b200000| PB 0x000000070b200000| Untracked 
|   1|0x000000070b400000, 0x000000070b600000, 0x000000070b600000|100%| O|  |TAMS 0x000000070b400000| PB 0x000000070b400000| Untracked 
|   2|0x000000070b600000, 0x000000070b800000, 0x000000070b800000|100%| O|  |TAMS 0x000000070b600000| PB 0x000000070b600000| Untracked 
|   3|0x000000070b800000, 0x000000070ba00000, 0x000000070ba00000|100%| O|  |TAMS 0x000000070b800000| PB 0x000000070b800000| Untracked 
|   4|0x000000070ba00000, 0x000000070bc00000, 0x000000070bc00000|100%| O|  |TAMS 0x000000070ba00000| PB 0x000000070ba00000| Untracked 
|   5|0x000000070bc00000, 0x000000070be00000, 0x000000070be00000|100%| O|  |TAMS 0x000000070bc00000| PB 0x000000070bc00000| Untracked 
|   6|0x000000070be00000, 0x000000070c000000, 0x000000070c000000|100%| O|  |TAMS 0x000000070be00000| PB 0x000000070be00000| Untracked 
|   7|0x000000070c000000, 0x000000070c200000, 0x000000070c200000|100%| O|  |TAMS 0x000000070c000000| PB 0x000000070c000000| Untracked 
|   8|0x000000070c200000, 0x000000070c400000, 0x000000070c400000|100%| O|  |TAMS 0x000000070c200000| PB 0x000000070c200000| Untracked 
|   9|0x000000070c400000, 0x000000070c600000, 0x000000070c600000|100%| O|  |TAMS 0x000000070c400000| PB 0x000000070c400000| Untracked 
|  10|0x000000070c600000, 0x000000070c800000, 0x000000070c800000|100%| O|  |TAMS 0x000000070c600000| PB 0x000000070c600000| Untracked 
|  11|0x000000070c800000, 0x000000070ca00000, 0x000000070ca00000|100%| O|  |TAMS 0x000000070c800000| PB 0x000000070c800000| Untracked 
|  12|0x000000070ca00000, 0x000000070cc00000, 0x000000070cc00000|100%| O|  |TAMS 0x000000070ca00000| PB 0x000000070ca00000| Untracked 
|  13|0x000000070cc00000, 0x000000070ce00000, 0x000000070ce00000|100%| O|  |TAMS 0x000000070cc00000| PB 0x000000070cc00000| Untracked 
|  14|0x000000070ce00000, 0x000000070d000000, 0x000000070d000000|100%| O|Cm|TAMS 0x000000070ce00000| PB 0x000000070ce00000| Complete 
|  15|0x000000070d000000, 0x000000070d200000, 0x000000070d200000|100%| O|  |TAMS 0x000000070d000000| PB 0x000000070d000000| Untracked 
|  16|0x000000070d200000, 0x000000070d400000, 0x000000070d400000|100%| O|  |TAMS 0x000000070d200000| PB 0x000000070d200000| Untracked 
|  17|0x000000070d400000, 0x000000070d600000, 0x000000070d600000|100%| O|Cm|TAMS 0x000000070d400000| PB 0x000000070d400000| Complete 
|  18|0x000000070d600000, 0x000000070d800000, 0x000000070d800000|100%| O|  |TAMS 0x000000070d600000| PB 0x000000070d600000| Untracked 
|  19|0x000000070d800000, 0x000000070da00000, 0x000000070da00000|100%| O|  |TAMS 0x000000070d800000| PB 0x000000070d800000| Untracked 
|  20|0x000000070da00000, 0x000000070da00000, 0x000000070dc00000|  0%| F|  |TAMS 0x000000070da00000| PB 0x000000070da00000| Untracked 
|  21|0x000000070dc00000, 0x000000070dd949d0, 0x000000070de00000| 79%| O|  |TAMS 0x000000070dc00000| PB 0x000000070dc00000| Untracked 
|  22|0x000000070de00000, 0x000000070de00000, 0x000000070e000000|  0%| F|  |TAMS 0x000000070de00000| PB 0x000000070de00000| Untracked 
|  23|0x000000070e000000, 0x000000070e000000, 0x000000070e200000|  0%| F|  |TAMS 0x000000070e000000| PB 0x000000070e000000| Untracked 
|  24|0x000000070e200000, 0x000000070e200000, 0x000000070e400000|  0%| F|  |TAMS 0x000000070e200000| PB 0x000000070e200000| Untracked 
|  25|0x000000070e400000, 0x000000070e400000, 0x000000070e600000|  0%| F|  |TAMS 0x000000070e400000| PB 0x000000070e400000| Untracked 
|  26|0x000000070e600000, 0x000000070e600000, 0x000000070e800000|  0%| F|  |TAMS 0x000000070e600000| PB 0x000000070e600000| Untracked 
|  27|0x000000070e800000, 0x000000070e800000, 0x000000070ea00000|  0%| F|  |TAMS 0x000000070e800000| PB 0x000000070e800000| Untracked 
|  28|0x000000070ea00000, 0x000000070ea00000, 0x000000070ec00000|  0%| F|  |TAMS 0x000000070ea00000| PB 0x000000070ea00000| Untracked 
|  29|0x000000070ec00000, 0x000000070ec00000, 0x000000070ee00000|  0%| F|  |TAMS 0x000000070ec00000| PB 0x000000070ec00000| Untracked 
|  30|0x000000070ee00000, 0x000000070efca158, 0x000000070f000000| 89%| S|CS|TAMS 0x000000070ee00000| PB 0x000000070ee00000| Complete 
|  31|0x000000070f000000, 0x000000070f200000, 0x000000070f200000|100%| S|CS|TAMS 0x000000070f000000| PB 0x000000070f000000| Complete 
|  32|0x000000070f200000, 0x000000070f34b480, 0x000000070f400000| 64%| E|  |TAMS 0x000000070f200000| PB 0x000000070f200000| Complete 
|  33|0x000000070f400000, 0x000000070f600000, 0x000000070f600000|100%| E|CS|TAMS 0x000000070f400000| PB 0x000000070f400000| Complete 
|  34|0x000000070f600000, 0x000000070f800000, 0x000000070f800000|100%| E|CS|TAMS 0x000000070f600000| PB 0x000000070f600000| Complete 
|  35|0x000000070f800000, 0x000000070fa00000, 0x000000070fa00000|100%| E|CS|TAMS 0x000000070f800000| PB 0x000000070f800000| Complete 
|  36|0x000000070fa00000, 0x000000070fc00000, 0x000000070fc00000|100%| E|CS|TAMS 0x000000070fa00000| PB 0x000000070fa00000| Complete 
|  37|0x000000070fc00000, 0x000000070fe00000, 0x000000070fe00000|100%| E|CS|TAMS 0x000000070fc00000| PB 0x000000070fc00000| Complete 
|  38|0x000000070fe00000, 0x0000000710000000, 0x0000000710000000|100%| E|CS|TAMS 0x000000070fe00000| PB 0x000000070fe00000| Complete 
|  39|0x0000000710000000, 0x0000000710200000, 0x0000000710200000|100%| E|CS|TAMS 0x0000000710000000| PB 0x0000000710000000| Complete 
|  40|0x0000000710200000, 0x0000000710400000, 0x0000000710400000|100%| E|CS|TAMS 0x0000000710200000| PB 0x0000000710200000| Complete 
|  41|0x0000000710400000, 0x0000000710600000, 0x0000000710600000|100%| E|CS|TAMS 0x0000000710400000| PB 0x0000000710400000| Complete 
|  42|0x0000000710600000, 0x0000000710800000, 0x0000000710800000|100%| E|CS|TAMS 0x0000000710600000| PB 0x0000000710600000| Complete 
|  43|0x0000000710800000, 0x0000000710a00000, 0x0000000710a00000|100%| E|CS|TAMS 0x0000000710800000| PB 0x0000000710800000| Complete 
|  44|0x0000000710a00000, 0x0000000710c00000, 0x0000000710c00000|100%| E|CS|TAMS 0x0000000710a00000| PB 0x0000000710a00000| Complete 
|  45|0x0000000710c00000, 0x0000000710e00000, 0x0000000710e00000|100%| E|CS|TAMS 0x0000000710c00000| PB 0x0000000710c00000| Complete 
|  46|0x0000000710e00000, 0x0000000711000000, 0x0000000711000000|100%| E|CS|TAMS 0x0000000710e00000| PB 0x0000000710e00000| Complete 
| 107|0x0000000718800000, 0x0000000718a00000, 0x0000000718a00000|100%| E|CS|TAMS 0x0000000718800000| PB 0x0000000718800000| Complete 
| 108|0x0000000718a00000, 0x0000000718c00000, 0x0000000718c00000|100%| E|CS|TAMS 0x0000000718a00000| PB 0x0000000718a00000| Complete 
| 109|0x0000000718c00000, 0x0000000718e00000, 0x0000000718e00000|100%| E|  |TAMS 0x0000000718c00000| PB 0x0000000718c00000| Complete 
| 122|0x000000071a600000, 0x000000071a800000, 0x000000071a800000|100%| E|CS|TAMS 0x000000071a600000| PB 0x000000071a600000| Complete 

Card table byte_map: [0x0000022773b40000,0x00000227742f0000] _byte_map_base: 0x00000227702e7000

Marking Bits: (CMBitMap*) 0x000002276a6eedc0
 Bits: [0x00000227742f0000, 0x0000022778028000)

Polling page: 0x0000022768520000

Metaspace:

Usage:
  Non-class:     52.98 MB used.
      Class:      7.89 MB used.
       Both:     60.88 MB used.

Virtual space:
  Non-class space:       64.00 MB reserved,      53.44 MB ( 83%) committed,  1 nodes.
      Class space:        1.00 GB reserved,       8.31 MB ( <1%) committed,  1 nodes.
             Both:        1.06 GB reserved,      61.75 MB (  6%) committed. 

Chunk freelists:
   Non-Class:  10.06 MB
       Class:  7.73 MB
        Both:  17.80 MB

MaxMetaspaceSize: unlimited
CompressedClassSpaceSize: 1.00 GB
Initial GC threshold: 21.00 MB
Current GC threshold: 98.69 MB
CDS: on
 - commit_granule_bytes: 65536.
 - commit_granule_words: 8192.
 - virtual_space_node_default_size: 8388608.
 - enlarge_chunks_in_place: 1.
 - use_allocation_guard: 0.


Internal statistics:

num_allocs_failed_limit: 9.
num_arena_births: 1222.
num_arena_deaths: 0.
num_vsnodes_births: 2.
num_vsnodes_deaths: 0.
num_space_committed: 987.
num_space_uncommitted: 0.
num_chunks_returned_to_freelist: 9.
num_chunks_taken_from_freelist: 3527.
num_chunk_merges: 9.
num_chunk_splits: 2369.
num_chunks_enlarged: 1673.
num_inconsistent_stats: 0.

CodeHeap 'non-profiled nmethods': size=119168Kb used=5597Kb max_used=5597Kb free=113570Kb
 bounds [0x0000022707ba0000, 0x0000022708120000, 0x000002270f000000]
CodeHeap 'profiled nmethods': size=119104Kb used=16745Kb max_used=16745Kb free=102358Kb
 bounds [0x0000022700000000, 0x0000022701060000, 0x0000022707450000]
CodeHeap 'non-nmethods': size=7488Kb used=1634Kb max_used=3352Kb free=5853Kb
 bounds [0x0000022707450000, 0x0000022707800000, 0x0000022707ba0000]
 total_blobs=8946 nmethods=8260 adapters=590
 compilation: enabled
              stopped_count=0, restarted_count=0
 full_count=0

Compilation events (20 events):
Event: 2509.942 Thread 0x000002277a77e880 nmethod 9142 0x0000022701052c10 code [0x0000022701052e40, 0x00000227010537a0]
Event: 2509.942 Thread 0x000002277a77e880 9143       3       org.springframework.boot.autoconfigure.web.embedded.TomcatWebServerFactoryCustomizer$$Lambda/0x000002271041c710::lifecycleEvent (13 bytes)
Event: 2509.942 Thread 0x000002277a77e880 nmethod 9143 0x0000022701053a90 code [0x0000022701053c40, 0x0000022701053d90]
Event: 2509.942 Thread 0x000002277a77e880 9144       3       org.springframework.boot.autoconfigure.web.embedded.TomcatWebServerFactoryCustomizer::lambda$customizeStaticResources$28 (56 bytes)
Event: 2509.943 Thread 0x000002277a77e880 nmethod 9144 0x0000022701053e10 code [0x0000022701054060, 0x0000022701054878]
Event: 2509.943 Thread 0x000002277a77e880 9145       3       org.springframework.boot.web.embedded.tomcat.TomcatWebServer$$Lambda/0x000002271041d088::lifecycleEvent (13 bytes)
Event: 2509.943 Thread 0x000002277a77e880 nmethod 9145 0x0000022701054c90 code [0x0000022701054ee0, 0x00000227010557e0]
Event: 2515.228 Thread 0x000002277a77b630 9146   !   4       org.apache.tomcat.util.net.NioEndpoint$Poller::events (275 bytes)
Event: 2515.233 Thread 0x000002277a77b630 nmethod 9146 0x0000022708116110 code [0x0000022708116380, 0x0000022708116d68]
Event: 2522.768 Thread 0x000002277a77e880 9147       3       org.jvnet.hk2.internal.ThreeThirtyResolver::resolve (58 bytes)
Event: 2522.768 Thread 0x000002277a77e880 nmethod 9147 0x0000022701055b10 code [0x0000022701055d40, 0x0000022701056308]
Event: 2522.768 Thread 0x000002277a77e880 9149       3       org.glassfish.jersey.internal.guava.LocalCache$AccessQueue::peek (5 bytes)
Event: 2522.768 Thread 0x000002277a77e880 nmethod 9149 0x0000022701056590 code [0x0000022701056740, 0x00000227010569d8]
Event: 2522.768 Thread 0x000002277a77e880 9150       3       org.glassfish.jersey.internal.guava.LocalCache$AccessQueue::peek (24 bytes)
Event: 2522.768 Thread 0x000002277a77e880 nmethod 9150 0x0000022701056b10 code [0x0000022701056cc0, 0x0000022701056f00]
Event: 2522.768 Thread 0x000002277a77e880 9148   !   3       org.jvnet.hk2.internal.ServiceLocatorImpl::getService (124 bytes)
Event: 2522.769 Thread 0x000002277a77e880 nmethod 9148 0x0000022701057010 code [0x00000227010573a0, 0x00000227010589e0]
Event: 2522.879 Thread 0x000002277a77b630 9151   !   4       java.util.concurrent.ThreadPoolExecutor::getTask (177 bytes)
Event: 2523.059 Thread 0x000002277a77e880 9152       3       org.glassfish.jersey.message.internal.MediaTypes::mostSpecific (57 bytes)
Event: 2523.060 Thread 0x000002277a77e880 nmethod 9152 0x0000022701059490 code [0x00000227010596e0, 0x000002270105a358]

GC Heap History (20 events):
Event: 0.533 GC heap before
{Heap before GC invocations=1 (full 0):
 garbage-first heap   total 251904K, used 29075K [0x000000070b200000, 0x0000000800000000)
  region size 2048K, 13 young (26624K), 2 survivors (4096K)
 Metaspace       used 6542K, committed 6784K, reserved 1114112K
  class space    used 694K, committed 832K, reserved 1048576K
}
Event: 0.536 GC heap after
{Heap after GC invocations=2 (full 0):
 garbage-first heap   total 251904K, used 14210K [0x000000070b200000, 0x0000000800000000)
  region size 2048K, 2 young (4096K), 2 survivors (4096K)
 Metaspace       used 6542K, committed 6784K, reserved 1114112K
  class space    used 694K, committed 832K, reserved 1048576K
}
Event: 0.979 GC heap before
{Heap before GC invocations=2 (full 0):
 garbage-first heap   total 251904K, used 49026K [0x000000070b200000, 0x0000000800000000)
  region size 2048K, 20 young (40960K), 2 survivors (4096K)
 Metaspace       used 14529K, committed 14912K, reserved 1114112K
  class space    used 1628K, committed 1792K, reserved 1048576K
}
Event: 0.982 GC heap after
{Heap after GC invocations=3 (full 0):
 garbage-first heap   total 251904K, used 17004K [0x000000070b200000, 0x0000000800000000)
  region size 2048K, 2 young (4096K), 2 survivors (4096K)
 Metaspace       used 14529K, committed 14912K, reserved 1114112K
  class space    used 1628K, committed 1792K, reserved 1048576K
}
Event: 5.295 GC heap before
{Heap before GC invocations=3 (full 0):
 garbage-first heap   total 251904K, used 41580K [0x000000070b200000, 0x0000000800000000)
  region size 2048K, 15 young (30720K), 2 survivors (4096K)
 Metaspace       used 21181K, committed 21504K, reserved 1114112K
  class space    used 2529K, committed 2688K, reserved 1048576K
}
Event: 5.298 GC heap after
{Heap after GC invocations=4 (full 0):
 garbage-first heap   total 251904K, used 19083K [0x000000070b200000, 0x0000000800000000)
  region size 2048K, 3 young (6144K), 3 survivors (6144K)
 Metaspace       used 21181K, committed 21504K, reserved 1114112K
  class space    used 2529K, committed 2688K, reserved 1048576K
}
Event: 5.965 GC heap before
{Heap before GC invocations=5 (full 0):
 garbage-first heap   total 75776K, used 74379K [0x000000070b200000, 0x0000000800000000)
  region size 2048K, 30 young (61440K), 3 survivors (6144K)
 Metaspace       used 26882K, committed 27328K, reserved 1114112K
  class space    used 3210K, committed 3456K, reserved 1048576K
}
Event: 5.969 GC heap after
{Heap after GC invocations=6 (full 0):
 garbage-first heap   total 86016K, used 23340K [0x000000070b200000, 0x0000000800000000)
  region size 2048K, 5 young (10240K), 5 survivors (10240K)
 Metaspace       used 26882K, committed 27328K, reserved 1114112K
  class space    used 3210K, committed 3456K, reserved 1048576K
}
Event: 6.660 GC heap before
{Heap before GC invocations=6 (full 0):
 garbage-first heap   total 86016K, used 64300K [0x000000070b200000, 0x0000000800000000)
  region size 2048K, 25 young (51200K), 5 survivors (10240K)
 Metaspace       used 32707K, committed 33152K, reserved 1114112K
  class space    used 3997K, committed 4224K, reserved 1048576K
}
Event: 6.666 GC heap after
{Heap after GC invocations=7 (full 0):
 garbage-first heap   total 86016K, used 26365K [0x000000070b200000, 0x0000000800000000)
  region size 2048K, 4 young (8192K), 4 survivors (8192K)
 Metaspace       used 32707K, committed 33152K, reserved 1114112K
  class space    used 3997K, committed 4224K, reserved 1048576K
}
Event: 7.050 GC heap before
{Heap before GC invocations=7 (full 0):
 garbage-first heap   total 86016K, used 67325K [0x000000070b200000, 0x0000000800000000)
  region size 2048K, 25 young (51200K), 4 survivors (8192K)
 Metaspace       used 35538K, committed 36096K, reserved 1114112K
  class space    used 4357K, committed 4608K, reserved 1048576K
}
Event: 7.056 GC heap after
{Heap after GC invocations=8 (full 0):
 garbage-first heap   total 86016K, used 31113K [0x000000070b200000, 0x0000000800000000)
  region size 2048K, 3 young (6144K), 3 survivors (6144K)
 Metaspace       used 35538K, committed 36096K, reserved 1114112K
  class space    used 4357K, committed 4608K, reserved 1048576K
}
Event: 7.064 GC heap before
{Heap before GC invocations=8 (full 0):
 garbage-first heap   total 86016K, used 31113K [0x000000070b200000, 0x0000000800000000)
  region size 2048K, 4 young (8192K), 3 survivors (6144K)
 Metaspace       used 35558K, committed 36096K, reserved 1114112K
  class space    used 4360K, committed 4608K, reserved 1048576K
}
Event: 7.066 GC heap after
{Heap after GC invocations=9 (full 0):
 garbage-first heap   total 104448K, used 31983K [0x000000070b200000, 0x0000000800000000)
  region size 2048K, 1 young (2048K), 1 survivors (2048K)
 Metaspace       used 35558K, committed 36096K, reserved 1114112K
  class space    used 4360K, committed 4608K, reserved 1048576K
}
Event: 7.802 GC heap before
{Heap before GC invocations=10 (full 0):
 garbage-first heap   total 104448K, used 83183K [0x000000070b200000, 0x0000000800000000)
  region size 2048K, 27 young (55296K), 1 survivors (2048K)
 Metaspace       used 43387K, committed 44032K, reserved 1114112K
  class space    used 5470K, committed 5760K, reserved 1048576K
}
Event: 7.805 GC heap after
{Heap after GC invocations=11 (full 0):
 garbage-first heap   total 104448K, used 36200K [0x000000070b200000, 0x0000000800000000)
  region size 2048K, 3 young (6144K), 3 survivors (6144K)
 Metaspace       used 43387K, committed 44032K, reserved 1114112K
  class space    used 5470K, committed 5760K, reserved 1048576K
}
Event: 9.589 GC heap before
{Heap before GC invocations=11 (full 0):
 garbage-first heap   total 104448K, used 85352K [0x000000070b200000, 0x0000000800000000)
  region size 2048K, 27 young (55296K), 3 survivors (6144K)
 Metaspace       used 50526K, committed 51264K, reserved 1114112K
  class space    used 6599K, committed 6912K, reserved 1048576K
}
Event: 9.594 GC heap after
{Heap after GC invocations=12 (full 0):
 garbage-first heap   total 104448K, used 42937K [0x000000070b200000, 0x0000000800000000)
  region size 2048K, 4 young (8192K), 4 survivors (8192K)
 Metaspace       used 50526K, committed 51264K, reserved 1114112K
  class space    used 6599K, committed 6912K, reserved 1048576K
}
Event: 38.658 GC heap before
{Heap before GC invocations=12 (full 0):
 garbage-first heap   total 104448K, used 77753K [0x000000070b200000, 0x0000000800000000)
  region size 2048K, 23 young (47104K), 4 survivors (8192K)
 Metaspace       used 59485K, committed 60288K, reserved 1114112K
  class space    used 7768K, committed 8128K, reserved 1048576K
}
Event: 38.662 GC heap after
{Heap after GC invocations=13 (full 0):
 garbage-first heap   total 104448K, used 46458K [0x000000070b200000, 0x0000000800000000)
  region size 2048K, 2 young (4096K), 2 survivors (4096K)
 Metaspace       used 59485K, committed 60288K, reserved 1114112K
  class space    used 7768K, committed 8128K, reserved 1048576K
}

Dll operation events (14 events):
Event: 0.005 Loaded shared library C:\Program Files\Java\jdk-21\bin\java.dll
Event: 0.025 Loaded shared library C:\Program Files\Java\jdk-21\bin\jsvml.dll
Event: 0.089 Loaded shared library C:\Program Files\Java\jdk-21\bin\zip.dll
Event: 0.091 Loaded shared library C:\Program Files\Java\jdk-21\bin\instrument.dll
Event: 0.095 Loaded shared library C:\Program Files\Java\jdk-21\bin\net.dll
Event: 0.096 Loaded shared library C:\Program Files\Java\jdk-21\bin\nio.dll
Event: 0.098 Loaded shared library C:\Program Files\Java\jdk-21\bin\zip.dll
Event: 0.156 Loaded shared library C:\Program Files\JetBrains\IntelliJ IDEA Community Edition 2024.2.3\bin\breakgen64.dll
Event: 0.162 Loaded shared library C:\Program Files\Java\jdk-21\bin\extnet.dll
Event: 0.185 Loaded shared library C:\Program Files\Java\jdk-21\bin\jimage.dll
Event: 0.516 Loaded shared library C:\Program Files\Java\jdk-21\bin\management.dll
Event: 0.518 Loaded shared library C:\Program Files\Java\jdk-21\bin\management_ext.dll
Event: 5.288 Loaded shared library C:\Program Files\Java\jdk-21\bin\sunmscapi.dll
Event: 6.889 Loaded shared library C:\Program Files\Java\jdk-21\bin\verify.dll

Deoptimization events (20 events):
Event: 851.869 Thread 0x0000022750081470 Uncommon trap: trap_request=0xffffff45 fr.pc=0x0000022707dc9c3c relative=0x000000000000091c
Event: 851.869 Thread 0x0000022750081470 Uncommon trap: reason=unstable_if action=reinterpret pc=0x0000022707dc9c3c method=java.util.concurrent.ScheduledThreadPoolExecutor$ScheduledFutureTask.compareTo(Ljava/util/concurrent/Delayed;)I @ 40 c2
Event: 851.869 Thread 0x0000022750081470 DEOPT PACKING pc=0x0000022707dc9c3c sp=0x000000c63ecfec70
Event: 851.869 Thread 0x0000022750081470 DEOPT UNPACKING pc=0x00000227074a46a2 sp=0x000000c63ecfead8 mode 2
Event: 1210.796 Thread 0x0000022754f42520 Uncommon trap: trap_request=0xffffffd6 fr.pc=0x0000022707dcbc18 relative=0x0000000000001458
Event: 1210.796 Thread 0x0000022754f42520 Uncommon trap: reason=array_check action=maybe_recompile pc=0x0000022707dcbc18 method=java.util.concurrent.ScheduledThreadPoolExecutor$DelayedWorkQueue.offer(Ljava/lang/Runnable;)Z @ 65 c2
Event: 1210.796 Thread 0x0000022754f42520 DEOPT PACKING pc=0x0000022707dcbc18 sp=0x000000c63f2ff4a0
Event: 1210.796 Thread 0x0000022754f42520 DEOPT UNPACKING pc=0x00000227074a46a2 sp=0x000000c63f2ff390 mode 2
Event: 1810.800 Thread 0x0000022754f42520 Uncommon trap: trap_request=0xffffff45 fr.pc=0x0000022707e238ec relative=0x0000000000001e8c
Event: 1810.800 Thread 0x0000022754f42520 Uncommon trap: reason=unstable_if action=reinterpret pc=0x0000022707e238ec method=java.util.concurrent.ScheduledThreadPoolExecutor$DelayedWorkQueue.take()Ljava/util/concurrent/RunnableScheduledFuture; @ 68 c2
Event: 1810.800 Thread 0x0000022754f42520 DEOPT PACKING pc=0x0000022707e238ec sp=0x000000c63f2ff500
Event: 1810.800 Thread 0x0000022754f42520 DEOPT UNPACKING pc=0x00000227074a46a2 sp=0x000000c63f2ff3f0 mode 2
Event: 1810.800 Thread 0x0000022754f42520 Uncommon trap: trap_request=0xffffffd6 fr.pc=0x0000022707dcbc18 relative=0x0000000000001458
Event: 1810.800 Thread 0x0000022754f42520 Uncommon trap: reason=array_check action=maybe_recompile pc=0x0000022707dcbc18 method=java.util.concurrent.ScheduledThreadPoolExecutor$DelayedWorkQueue.offer(Ljava/lang/Runnable;)Z @ 65 c2
Event: 1810.800 Thread 0x0000022754f42520 DEOPT PACKING pc=0x0000022707dcbc18 sp=0x000000c63f2ff4a0
Event: 1810.800 Thread 0x0000022754f42520 DEOPT UNPACKING pc=0x00000227074a46a2 sp=0x000000c63f2ff390 mode 2
Event: 2410.815 Thread 0x0000022754f42520 Uncommon trap: trap_request=0xffffffd6 fr.pc=0x0000022707dcbc18 relative=0x0000000000001458
Event: 2410.815 Thread 0x0000022754f42520 Uncommon trap: reason=array_check action=maybe_recompile pc=0x0000022707dcbc18 method=java.util.concurrent.ScheduledThreadPoolExecutor$DelayedWorkQueue.offer(Ljava/lang/Runnable;)Z @ 65 c2
Event: 2410.815 Thread 0x0000022754f42520 DEOPT PACKING pc=0x0000022707dcbc18 sp=0x000000c63f2ff4a0
Event: 2410.815 Thread 0x0000022754f42520 DEOPT UNPACKING pc=0x00000227074a46a2 sp=0x000000c63f2ff390 mode 2

Classes loaded (20 events):
Event: 38.795 Loading class java/lang/EnumCustomizer
Event: 38.795 Loading class java/lang/EnumCustomizer done
Event: 38.796 Loading class java/lang/EnumCustomizer
Event: 38.796 Loading class java/lang/EnumCustomizer done
Event: 38.796 Loading class java/lang/Enum$EnumDesc
Event: 38.796 Loading class java/lang/constant/DynamicConstantDesc
Event: 38.796 Loading class java/lang/constant/DynamicConstantDesc done
Event: 38.796 Loading class java/lang/Enum$EnumDesc done
Event: 38.822 Loading class java/util/ArrayList$SubList$2
Event: 38.822 Loading class java/util/ArrayList$SubList$2 done
Event: 38.844 Loading class java/util/concurrent/locks/ReentrantReadWriteLock$Sync$HoldCounter
Event: 38.844 Loading class java/util/concurrent/locks/ReentrantReadWriteLock$Sync$HoldCounter done
Event: 38.859 Loading class java/util/stream/ReduceOps$7
Event: 38.860 Loading class java/util/stream/ReduceOps$7 done
Event: 38.860 Loading class java/util/stream/ReduceOps$6ReducingSink
Event: 38.860 Loading class java/util/stream/ReduceOps$6ReducingSink done
Event: 38.863 Loading class java/lang/Throwable$WrappedPrintWriter
Event: 38.863 Loading class java/lang/Throwable$PrintStreamOrWriter
Event: 38.863 Loading class java/lang/Throwable$PrintStreamOrWriter done
Event: 38.863 Loading class java/lang/Throwable$WrappedPrintWriter done

Classes unloaded (0 events):
No events

Classes redefined (0 events):
No events

Internal exceptions (20 events):
Event: 38.758 Thread 0x0000022754f3f730 Exception <a 'java/lang/ClassNotFoundException'{0x0000000718ad5bd0}: org/springframework/web/servlet/support/RequestContextBeanInfo> (0x0000000718ad5bd0) 
thrown [s\open\src\hotspot\share\classfile\systemDictionary.cpp, line 312]
Event: 38.758 Thread 0x0000022754f3f730 Exception <a 'java/lang/ClassNotFoundException'{0x0000000718ada570}: java/lang/ObjectBeanInfo> (0x0000000718ada570) 
thrown [s\open\src\hotspot\share\classfile\systemDictionary.cpp, line 312]
Event: 38.759 Thread 0x0000022754f3f730 Exception <a 'java/lang/ClassNotFoundException'{0x0000000718adf390}: java/lang/ObjectCustomizer> (0x0000000718adf390) 
thrown [s\open\src\hotspot\share\classfile\systemDictionary.cpp, line 312]
Event: 38.763 Thread 0x0000022754f3f730 Exception <a 'java/lang/ClassNotFoundException'{0x0000000718af2bc0}: org/springframework/web/servlet/support/RequestContextCustomizer> (0x0000000718af2bc0) 
thrown [s\open\src\hotspot\share\classfile\systemDictionary.cpp, line 312]
Event: 38.778 Thread 0x0000022754f3f730 Exception <a 'java/lang/ClassNotFoundException'{0x0000000718bcf608}: org/springframework/cloud/netflix/eureka/server/InstanceRegistryBeanInfo> (0x0000000718bcf608) 
thrown [s\open\src\hotspot\share\classfile\systemDictionary.cpp, line 312]
Event: 38.779 Thread 0x0000022754f3f730 Exception <a 'java/lang/ClassNotFoundException'{0x0000000718bd7240}: com/netflix/eureka/registry/PeerAwareInstanceRegistryImplBeanInfo> (0x0000000718bd7240) 
thrown [s\open\src\hotspot\share\classfile\systemDictionary.cpp, line 312]
Event: 38.780 Thread 0x0000022754f3f730 Exception <a 'java/lang/ClassNotFoundException'{0x0000000718bdee98}: com/netflix/eureka/registry/AbstractInstanceRegistryBeanInfo> (0x0000000718bdee98) 
thrown [s\open\src\hotspot\share\classfile\systemDictionary.cpp, line 312]
Event: 38.781 Thread 0x0000022754f3f730 Exception <a 'java/lang/ClassNotFoundException'{0x0000000718be6b98}: com/netflix/eureka/registry/AbstractInstanceRegistryCustomizer> (0x0000000718be6b98) 
thrown [s\open\src\hotspot\share\classfile\systemDictionary.cpp, line 312]
Event: 38.782 Thread 0x0000022754f3f730 Exception <a 'java/lang/ClassNotFoundException'{0x000000071881bc78}: com/netflix/eureka/registry/PeerAwareInstanceRegistryImplCustomizer> (0x000000071881bc78) 
thrown [s\open\src\hotspot\share\classfile\systemDictionary.cpp, line 312]
Event: 38.784 Thread 0x0000022754f3f730 Exception <a 'java/lang/ClassNotFoundException'{0x0000000718837858}: org/springframework/cloud/netflix/eureka/server/InstanceRegistryCustomizer> (0x0000000718837858) 
thrown [s\open\src\hotspot\share\classfile\systemDictionary.cpp, line 312]
Event: 38.791 Thread 0x0000022754f3f730 Exception <a 'java/lang/ClassNotFoundException'{0x0000000718873338}: java/util/HashMap$NodeBeanInfo> (0x0000000718873338) 
thrown [s\open\src\hotspot\share\classfile\systemDictionary.cpp, line 312]
Event: 38.791 Thread 0x0000022754f3f730 Exception <a 'java/lang/ClassNotFoundException'{0x00000007188775e8}: java/util/HashMap$NodeCustomizer> (0x00000007188775e8) 
thrown [s\open\src\hotspot\share\classfile\systemDictionary.cpp, line 312]
Event: 38.795 Thread 0x0000022754f3f730 Exception <a 'java/lang/ClassNotFoundException'{0x000000071889b1d0}: com/netflix/appinfo/InstanceInfo$InstanceStatusBeanInfo> (0x000000071889b1d0) 
thrown [s\open\src\hotspot\share\classfile\systemDictionary.cpp, line 312]
Event: 38.795 Thread 0x0000022754f3f730 Exception <a 'java/lang/ClassNotFoundException'{0x000000071889f8e8}: java/lang/EnumBeanInfo> (0x000000071889f8e8) 
thrown [s\open\src\hotspot\share\classfile\systemDictionary.cpp, line 312]
Event: 38.796 Thread 0x0000022754f3f730 Exception <a 'java/lang/ClassNotFoundException'{0x00000007188a4250}: java/lang/EnumCustomizer> (0x00000007188a4250) 
thrown [s\open\src\hotspot\share\classfile\systemDictionary.cpp, line 312]
Event: 38.797 Thread 0x0000022754f3f730 Exception <a 'java/lang/ClassNotFoundException'{0x00000007188b4180}: com/netflix/appinfo/InstanceInfo$InstanceStatusCustomizer> (0x00000007188b4180) 
thrown [s\open\src\hotspot\share\classfile\systemDictionary.cpp, line 312]
Event: 38.798 Thread 0x0000022754f3f730 Exception <a 'java/lang/ClassNotFoundException'{0x00000007188c1b50}: com/netflix/eureka/util/StatusInfoBeanInfo> (0x00000007188c1b50) 
thrown [s\open\src\hotspot\share\classfile\systemDictionary.cpp, line 312]
Event: 38.799 Thread 0x0000022754f3f730 Exception <a 'java/lang/ClassNotFoundException'{0x00000007188c8608}: com/netflix/eureka/util/StatusInfoCustomizer> (0x00000007188c8608) 
thrown [s\open\src\hotspot\share\classfile\systemDictionary.cpp, line 312]
Event: 38.821 Thread 0x0000022754f42bb0 Exception <a 'java/lang/NoSuchMethodError'{0x0000000718912890}: 'java.lang.Object java.lang.invoke.DirectMethodHandle$Holder.invokeStatic(java.lang.Object, int, int)'> (0x0000000718912890) 
thrown [s\open\src\hotspot\share\interpreter\linkResolver.cpp, line 773]
Event: 38.821 Thread 0x0000022754f43f60 Exception <a 'java/lang/NoSuchMethodError'{0x000000071894ed60}: 'java.lang.Object java.lang.invoke.DirectMethodHandle$Holder.invokeStatic(java.lang.Object, int, int)'> (0x000000071894ed60) 
thrown [s\open\src\hotspot\share\interpreter\linkResolver.cpp, line 773]

ZGC Phase Switch (0 events):
No events

VM Operations (20 events):
Event: 1982.436 Executing VM operation: Cleanup
Event: 1982.436 Executing VM operation: Cleanup done
Event: 2072.945 Executing VM operation: Cleanup
Event: 2072.945 Executing VM operation: Cleanup done
Event: 2188.770 Executing VM operation: Cleanup
Event: 2188.770 Executing VM operation: Cleanup done
Event: 2192.795 Executing VM operation: Cleanup
Event: 2192.795 Executing VM operation: Cleanup done
Event: 2253.251 Executing VM operation: Cleanup
Event: 2253.251 Executing VM operation: Cleanup done
Event: 2342.976 Executing VM operation: Cleanup
Event: 2342.976 Executing VM operation: Cleanup done
Event: 2344.905 Executing VM operation: HandshakeAllThreads (HandshakeForDeflation)
Event: 2344.905 Executing VM operation: HandshakeAllThreads (HandshakeForDeflation) done
Event: 2344.905 Executing VM operation: RendezvousGCThreads
Event: 2344.905 Executing VM operation: RendezvousGCThreads done
Event: 2373.091 Executing VM operation: Cleanup
Event: 2373.092 Executing VM operation: Cleanup done
Event: 2523.203 Executing VM operation: Cleanup
Event: 2523.203 Executing VM operation: Cleanup done

Events (20 events):
Event: 876.582 Thread 0x0000022752c3d6e0 Thread exited: 0x0000022752c3d6e0
Event: 876.582 Thread 0x0000022752c3a730 Thread exited: 0x0000022752c3a730
Event: 931.501 Thread 0x0000022752c3a730 Thread added: 0x0000022752c3a730
Event: 931.608 Thread 0x0000022752c3a730 Thread exited: 0x0000022752c3a730
Event: 1291.893 Thread 0x0000022752c3a730 Thread added: 0x0000022752c3a730
Event: 1296.901 Thread 0x0000022752c3a730 Thread exited: 0x0000022752c3a730
Event: 1802.349 Thread 0x0000022752c3c940 Thread added: 0x0000022752c3c940
Event: 1802.349 Thread 0x0000022752c3a730 Thread added: 0x0000022752c3a730
Event: 1807.354 Thread 0x0000022752c3a730 Thread exited: 0x0000022752c3a730
Event: 1815.810 Thread 0x0000022752c3c940 Thread exited: 0x0000022752c3c940
Event: 1832.172 Thread 0x0000022752c3d6e0 Thread added: 0x0000022752c3d6e0
Event: 1832.172 Thread 0x0000022752c3a730 Thread added: 0x0000022752c3a730
Event: 1837.386 Thread 0x0000022752c3a730 Thread exited: 0x0000022752c3a730
Event: 1842.394 Thread 0x0000022752c3d6e0 Thread exited: 0x0000022752c3d6e0
Event: 1922.438 Thread 0x0000022752c3c270 Thread added: 0x0000022752c3c270
Event: 1922.439 Thread 0x0000022752c3c940 Thread added: 0x0000022752c3c940
Event: 1922.439 Thread 0x0000022752c3d6e0 Thread added: 0x0000022752c3d6e0
Event: 1927.452 Thread 0x0000022752c3d6e0 Thread exited: 0x0000022752c3d6e0
Event: 1932.268 Thread 0x0000022752c3c940 Thread exited: 0x0000022752c3c940
Event: 1937.271 Thread 0x0000022752c3c270 Thread exited: 0x0000022752c3c270


Dynamic libraries:
0x00007ff7e26c0000 - 0x00007ff7e26d0000 	C:\Program Files\Java\jdk-21\bin\java.exe
0x00007ffd8cf80000 - 0x00007ffd8d1e8000 	C:\WINDOWS\SYSTEM32\ntdll.dll
0x00007ffd8c180000 - 0x00007ffd8c249000 	C:\WINDOWS\System32\KERNEL32.DLL
0x00007ffd8a920000 - 0x00007ffd8ad18000 	C:\WINDOWS\System32\KERNELBASE.dll
0x00007ffd8a2d0000 - 0x00007ffd8a41b000 	C:\WINDOWS\System32\ucrtbase.dll
0x00007ffd795c0000 - 0x00007ffd795db000 	C:\Program Files\Java\jdk-21\bin\VCRUNTIME140.dll
0x00007ffd798d0000 - 0x00007ffd798e9000 	C:\Program Files\Java\jdk-21\bin\jli.dll
0x00007ffd8ae80000 - 0x00007ffd8af34000 	C:\WINDOWS\System32\ADVAPI32.dll
0x00007ffd8c0d0000 - 0x00007ffd8c179000 	C:\WINDOWS\System32\msvcrt.dll
0x00007ffd8cad0000 - 0x00007ffd8cb76000 	C:\WINDOWS\System32\sechost.dll
0x00007ffd8c250000 - 0x00007ffd8c368000 	C:\WINDOWS\System32\RPCRT4.dll
0x00007ffd8cd60000 - 0x00007ffd8cf27000 	C:\WINDOWS\System32\USER32.dll
0x00007ffd705c0000 - 0x00007ffd70854000 	C:\WINDOWS\WinSxS\amd64_microsoft.windows.common-controls_6595b64144ccf1df_6.0.26100.7019_none_3e06ffa0e335b8a8\COMCTL32.dll
0x00007ffd8a420000 - 0x00007ffd8a447000 	C:\WINDOWS\System32\win32u.dll
0x00007ffd8bef0000 - 0x00007ffd8bf1b000 	C:\WINDOWS\System32\GDI32.dll
0x00007ffd8a450000 - 0x00007ffd8a57c000 	C:\WINDOWS\System32\gdi32full.dll
0x00007ffd8a580000 - 0x00007ffd8a623000 	C:\WINDOWS\System32\msvcp_win.dll
0x00007ffd7fa10000 - 0x00007ffd7fa1b000 	C:\WINDOWS\SYSTEM32\VERSION.dll
0x00007ffd8bf20000 - 0x00007ffd8bf51000 	C:\WINDOWS\System32\IMM32.DLL
0x00007ffd795b0000 - 0x00007ffd795bc000 	C:\Program Files\Java\jdk-21\bin\vcruntime140_1.dll
0x00007ffd65b30000 - 0x00007ffd65bbe000 	C:\Program Files\Java\jdk-21\bin\msvcp140.dll
0x00007ffd00fd0000 - 0x00007ffd01cea000 	C:\Program Files\Java\jdk-21\bin\server\jvm.dll
0x00007ffd8adb0000 - 0x00007ffd8ae24000 	C:\WINDOWS\System32\WS2_32.dll
0x00007ffd89f50000 - 0x00007ffd89fae000 	C:\WINDOWS\SYSTEM32\POWRPROF.dll
0x00007ffd7f510000 - 0x00007ffd7f545000 	C:\WINDOWS\SYSTEM32\WINMM.dll
0x00007ffd89f30000 - 0x00007ffd89f44000 	C:\WINDOWS\SYSTEM32\UMPDC.dll
0x00007ffd88df0000 - 0x00007ffd88e0b000 	C:\WINDOWS\SYSTEM32\kernel.appcore.dll
0x00007ffd795a0000 - 0x00007ffd795aa000 	C:\Program Files\Java\jdk-21\bin\jimage.dll
0x00007ffd82db0000 - 0x00007ffd82ff2000 	C:\WINDOWS\SYSTEM32\DBGHELP.DLL
0x00007ffd8b480000 - 0x00007ffd8b80b000 	C:\WINDOWS\System32\combase.dll
0x00007ffd8bd50000 - 0x00007ffd8be27000 	C:\WINDOWS\System32\OLEAUT32.dll
0x00007ffd71ba0000 - 0x00007ffd71bdc000 	C:\WINDOWS\SYSTEM32\dbgcore.DLL
0x00007ffd8a6f0000 - 0x00007ffd8a795000 	C:\WINDOWS\System32\bcryptPrimitives.dll
0x00007ffd64920000 - 0x00007ffd6492f000 	C:\Program Files\Java\jdk-21\bin\instrument.dll
0x00007ffd79580000 - 0x00007ffd7959f000 	C:\Program Files\Java\jdk-21\bin\java.dll
0x00007ffd8c370000 - 0x00007ffd8cabf000 	C:\WINDOWS\System32\SHELL32.dll
0x00007ffd8a160000 - 0x00007ffd8a2cb000 	C:\WINDOWS\System32\wintypes.dll
0x00007ffd87cd0000 - 0x00007ffd8852d000 	C:\WINDOWS\SYSTEM32\windows.storage.dll
0x00007ffd8af40000 - 0x00007ffd8b032000 	C:\WINDOWS\System32\SHCORE.dll
0x00007ffd8b810000 - 0x00007ffd8b877000 	C:\WINDOWS\System32\shlwapi.dll
0x00007ffd89fc0000 - 0x00007ffd89fe9000 	C:\WINDOWS\SYSTEM32\profapi.dll
0x00007ffd22030000 - 0x00007ffd22107000 	C:\Program Files\Java\jdk-21\bin\jsvml.dll
0x00007ffd65b10000 - 0x00007ffd65b28000 	C:\Program Files\Java\jdk-21\bin\zip.dll
0x00007ffd70c70000 - 0x00007ffd70c80000 	C:\Program Files\Java\jdk-21\bin\net.dll
0x00007ffd82bc0000 - 0x00007ffd82ce8000 	C:\WINDOWS\SYSTEM32\WINHTTP.dll
0x00007ffd893a0000 - 0x00007ffd8940b000 	C:\WINDOWS\system32\mswsock.dll
0x00007ffd669c0000 - 0x00007ffd669d6000 	C:\Program Files\Java\jdk-21\bin\nio.dll
0x00007ffd64860000 - 0x00007ffd6487a000 	C:\Program Files\JetBrains\IntelliJ IDEA Community Edition 2024.2.3\bin\breakgen64.dll
0x00007ffd65070000 - 0x00007ffd65079000 	C:\Program Files\Java\jdk-21\bin\extnet.dll
0x00007ffd65580000 - 0x00007ffd6558a000 	C:\Program Files\Java\jdk-21\bin\management.dll
0x00007ffd65090000 - 0x00007ffd6509b000 	C:\Program Files\Java\jdk-21\bin\management_ext.dll
0x00007ffd8ada0000 - 0x00007ffd8ada8000 	C:\WINDOWS\System32\PSAPI.DLL
0x00007ffd888d0000 - 0x00007ffd889fc000 	C:\WINDOWS\SYSTEM32\DNSAPI.dll
0x00007ffd88840000 - 0x00007ffd88874000 	C:\WINDOWS\SYSTEM32\IPHLPAPI.DLL
0x00007ffd8bd40000 - 0x00007ffd8bd4a000 	C:\WINDOWS\System32\NSI.dll
0x00007ffd81210000 - 0x00007ffd8121b000 	C:\Windows\System32\rasadhlp.dll
0x00007ffd81d40000 - 0x00007ffd81dc6000 	C:\WINDOWS\System32\fwpuclnt.dll
0x00007ffd65080000 - 0x00007ffd6508e000 	C:\Program Files\Java\jdk-21\bin\sunmscapi.dll
0x00007ffd8a7a0000 - 0x00007ffd8a917000 	C:\WINDOWS\System32\CRYPT32.dll
0x00007ffd89830000 - 0x00007ffd89860000 	C:\WINDOWS\SYSTEM32\ncrypt.dll
0x00007ffd89790000 - 0x00007ffd897cf000 	C:\WINDOWS\SYSTEM32\NTASN1.dll
0x00007ffd897e0000 - 0x00007ffd897fb000 	C:\WINDOWS\SYSTEM32\CRYPTSP.dll
0x00007ffd88db0000 - 0x00007ffd88dea000 	C:\WINDOWS\system32\rsaenh.dll
0x00007ffd89450000 - 0x00007ffd8947b000 	C:\WINDOWS\SYSTEM32\USERENV.dll
0x00007ffd89ff0000 - 0x00007ffd8a01a000 	C:\WINDOWS\SYSTEM32\bcrypt.dll
0x00007ffd895f0000 - 0x00007ffd895fc000 	C:\WINDOWS\SYSTEM32\CRYPTBASE.dll
0x00007ffd64850000 - 0x00007ffd64860000 	C:\Program Files\Java\jdk-21\bin\verify.dll
0x00007ffd54a90000 - 0x00007ffd54a98000 	C:\WINDOWS\system32\wshunix.dll

dbghelp: loaded successfully - version: 4.0.5 - missing functions: none
symbol engine: initialized successfully - sym options: 0x614 - pdb path: .;C:\Program Files\Java\jdk-21\bin;C:\WINDOWS\SYSTEM32;C:\WINDOWS\WinSxS\amd64_microsoft.windows.common-controls_6595b64144ccf1df_6.0.26100.7019_none_3e06ffa0e335b8a8;C:\Program Files\Java\jdk-21\bin\server;C:\Program Files\JetBrains\IntelliJ IDEA Community Edition 2024.2.3\bin

VM Arguments:
jvm_args: -javaagent:C:\Program Files\JetBrains\IntelliJ IDEA Community Edition 2024.2.3\lib\idea_rt.jar=56457:C:\Program Files\JetBrains\IntelliJ IDEA Community Edition 2024.2.3\bin -Dfile.encoding=UTF-8 -Dsun.stdout.encoding=UTF-8 -Dsun.stderr.encoding=UTF-8 
java_command: com.eureka.service.eureka_service.EurekaServiceApplication
java_class_path (initial): C:\Users\hugo_\IdeaProjects_JAVA_TODO\PORTAFOLIO_Proyecto_3\eureka-service\target\classes;C:\Users\hugo_\.m2\repository\org\springframework\cloud\spring-cloud-starter-config\4.3.0\spring-cloud-starter-config-4.3.0.jar;C:\Users\hugo_\.m2\repository\org\springframework\cloud\spring-cloud-starter\4.3.0\spring-cloud-starter-4.3.0.jar;C:\Users\hugo_\.m2\repository\org\springframework\cloud\spring-cloud-context\4.3.0\spring-cloud-context-4.3.0.jar;C:\Users\hugo_\.m2\repository\org\springframework\security\spring-security-crypto\6.5.6\spring-security-crypto-6.5.6.jar;C:\Users\hugo_\.m2\repository\org\springframework\cloud\spring-cloud-commons\4.3.0\spring-cloud-commons-4.3.0.jar;C:\Users\hugo_\.m2\repository\org\bouncycastle\bcprov-jdk18on\1.80\bcprov-jdk18on-1.80.jar;C:\Users\hugo_\.m2\repository\org\springframework\cloud\spring-cloud-config-client\4.3.0\spring-cloud-config-client-4.3.0.jar;C:\Users\hugo_\.m2\repository\org\springframework\spring-web\6.2.12\spring-web-6.2.12.jar;C:\Users\hugo_\.m2\repository\org\springframework\spring-beans\6.2.12\spring-beans-6.2.12.jar;C:\Users\hugo_\.m2\repository\io\micrometer\micrometer-observation\1.15.5\micrometer-observation-1.15.5.jar;C:\Users\hugo_\.m2\repository\io\micrometer\micrometer-commons\1.15.5\micrometer-commons-1.15.5.jar;C:\Users\hugo_\.m2\repository\com\fasterxml\jackson\core\jackson-annotations\2.19.2\jackson-annotations-2.19.2.jar;C:\Users\hugo_\.m2\repository\org\apache\httpcomponents\client5\httpclient5\5.5.1\httpclient5-5.5.1.jar;C:\Users\hugo_\.m2\repository\org\apache\httpcomponents\core5\httpcore5\5.3.6\httpcore5-5.3.6.jar;C:\Users\hugo_\.m2\repository\org\apache\httpcomponents\core5\httpcore5-h2\5.3.6\httpcore5-h2-5.3.6.jar;C:\Users\hugo_\.m2\repository\com\fasterxml\jackson\core\jackson-databind\2.19.2\jackson-databind-2.19.2.jar;C:\Users\hugo_\.m2\repository\com\fasterxml\jackson\core\jackson-core\2.19.2\jackson-core-2.19.2.jar;C:\Users\hugo_\.m2\repository\org\springframework\cloud\spring-cloud-starter-netflix-eureka-server\4.3.0\spring-cloud-starter-netflix-eureka-server-4.3.0.jar;C:\Users\hugo_\.m2\repository\org\springframework\cloud\spring-cloud-netflix-eureka-server\4.3.0\spring-cloud-netflix-eureka-server-4.3.0.jar;C:\Users\hugo_\.m2\repository\org\springframework\boot\spring-boot-starter-web\3.5.7\spring-boot-starter-web-3.5.7.jar;C:\Users\hugo_\.m2\repository\org\springframework\boot\spring-boot-starter-json\3.5.7\spring-boot-starter-json-3.5.7.jar;C:\Users\hugo_\.m2\repository\com\fasterxml\jackson\datatype\jackson-datatype-jdk8\2.19.2\jackson-datatype-jdk8-2.19.2.jar;C:\Users\hugo_\.m2\repository\com\fasterxml\jackson\datatype\jackson-datatype-jsr310\2.19.2\jackson-datatype-jsr310-2.19.2.jar;C:\Users\hugo_\.m2\repository\com\fasterxml\jackson\module\jackson-module-parameter-names\2.19.2\jackson-module-parameter-names-2.19.2.jar;C:\Users\hugo_\.m2\repository\org\springframework\boot\spring-boot-starter-tomcat\3.5.7\spring-boot-starter-tomcat-3.5.7.jar;C:\Users\hugo_\.m2\repository\org\apache\tomcat\embed\tomcat-embed-core\10.1.48\tomcat-embed-core-10.1.48.jar;C:\Users\hugo_\.m2\repository\org\apache\tomcat\embed\tomcat-embed-el\10.1.48\tomcat-embed-el-10.1.48.jar;C:\Users\hugo_\.m2\repository\org\apache\tomcat\embed\tomcat-embed-websocket\10.1.48\tomcat-embed-websocket-10.1.48.jar;C:\Users\hugo_\.m2\repository\org\springframework\spring-webmvc\6.2.12\spring-webmvc-6.2.12.jar;C:\Users\hugo_\.m2\repository\org\springframework\boot\spring-boot-starter-actuator\3.5.7\spring-boot-starter-actuator-3.5.7.jar;C:\Users\hugo_\.m2\repository\org\springframework\boot\spring-boot-actuator-autoconfigure\3.5.7\spring-boot-actuator-autoconfigure-3.5.7.jar;C:\Users\hugo_\.m2\repository\org\springframework\boot\spring-boot-actuator\3.5.7\spring-boot-actuator-3.5.7.jar;C:\Users\hugo_\.m2\repository\io\micrometer\micrometer-jakarta9\1.15.5\micrometer-jakarta9-1.15.5.jar;C:\Users\hugo_\.m2\repository\io\micrometer\micrometer-core\1.15.5\micrometer-core-1.15.5.jar;C:\Users\hugo_\.m2\repository\org\hdrhistogram\HdrHistogram\2.2.2\HdrHistogram-2.2.2.jar;C:\Users\hugo_\.m2\repository\org\latencyutils\LatencyUtils\2.0.3\LatencyUtils-2.0.3.jar;C:\Users\hugo_\.m2\repository\org\springframework\boot\spring-boot-starter-freemarker\3.5.7\spring-boot-starter-freemarker-3.5.7.jar;C:\Users\hugo_\.m2\repository\org\freemarker\freemarker\2.3.34\freemarker-2.3.34.jar;C:\Users\hugo_\.m2\repository\org\springframework\spring-context-support\6.2.12\spring-context-support-6.2.12.jar;C:\Users\hugo_\.m2\repository\org\springframework\cloud\spring-cloud-netflix-eureka-client\4.3.0\spring-cloud-netflix-eureka-client-4.3.0.jar;C:\Users\hugo_\.m2\repository\com\netflix\eureka\eureka-client\2.0.4\eureka-client-2.0.4.jar;C:\Users\hugo_\.m2\repository\com\thoughtworks\xstream\xstream\1.4.20\xstream-1.4.20.jar;C:\Users\hugo_\.m2\repository\io\github\x-stream\mxparser\1.2.2\mxparser-1.2.2.jar;C:\Users\hugo_\.m2\repository\xmlpull\xmlpull\1.1.3.1\xmlpull-1.1.3.1.jar;C:\Users\hugo_\.m2\repository\com\netflix\spectator\spectator-api\1.7.3\spectator-api-1.7.3.jar;C:\Users\hugo_\.m2\repository\org\apache\httpcomponents\httpclient\4.5.3\httpclient-4.5.3.jar;C:\Users\hugo_\.m2\repository\org\apache\httpcomponents\httpcore\4.4.16\httpcore-4.4.16.jar;C:\Users\hugo_\.m2\repository\commons-configuration\commons-configuration\1.10\commons-configuration-1.10.jar;C:\Users\hugo_\.m2\repository\commons-lang\commons-lang\2.6\commons-lang-2.6.jar;C:\Users\hugo_\.m2\repository\com\netflix\netflix-commons\netflix-eventbus\0.3.0\netflix-eventbus-0.3.0.jar;C:\Users\hugo_\.m2\repository\com\netflix\netflix-commons\netflix-infix\0.3.0\netflix-infix-0.3.0.jar;C:\Users\hugo_\.m2\repository\commons-jxpath\commons-jxpath\1.3\commons-jxpath-1.3.jar;C:\Users\hugo_\.m2\repository\joda-time\joda-time\2.3\joda-time-2.3.jar;C:\Users\hugo_\.m2\repository\org\antlr\antlr-runtime\3.4\antlr-runtime-3.4.jar;C:\Users\hugo_\.m2\repository\org\antlr\stringtemplate\3.2.1\stringtemplate-3.2.1.jar;C:\Users\hugo_\.m2\repository\antlr\antlr\2.7.7\antlr-2.7.7.jar;C:\Users\hugo_\.m2\repository\com\google\code\gson\gson\2.13.2\gson-2.13.2.jar;C:\Users\hugo_\.m2\repository\com\netflix\servo\servo-core\0.5.3\servo-core-0.5.3.jar;C:\Users\hugo_\.m2\repository\org\apache\commons\commons-math\2.2\commons-math-2.2.jar;C:\Users\hugo_\.m2\repository\javax\annotation\javax.annotation-api\1.2\javax.annotation-api-1.2.jar;C:\Users\hugo_\.m2\repository\org\codehaus\jettison\jettison\1.5.4\jettison-1.5.4.jar;C:\Users\hugo_\.m2\repository\com\netflix\eureka\eureka-client-jersey3\2.0.4\eureka-client-jersey3-2.0.4.jar;C:\Users\hugo_\.m2\repository\org\glassfish\jersey\connectors\jersey-apache-connector\3.1.11\jersey-apache-connector-3.1.11.jar;C:\Users\hugo_\.m2\repository\commons-codec\commons-codec\1.18.0\commons-codec-1.18.0.jar;C:\Users\hugo_\.m2\repository\com\netflix\eureka\eureka-core-jersey3\2.0.4\eureka-core-jersey3-2.0.4.jar;C:\Users\hugo_\.m2\repository\com\netflix\eureka\eureka-core\2.0.4\eureka-core-2.0.4.jar;C:\Users\hugo_\.m2\repository\com\google\guava\guava\33.0.0-jre\guava-33.0.0-jre.jar;C:\Users\hugo_\.m2\repository\com\google\guava\failureaccess\1.0.2\failureaccess-1.0.2.jar;C:\Users\hugo_\.m2\repository\com\google\guava\listenablefuture\9999.0-empty-to-avoid-conflict-with-guava\listenablefuture-9999.0-empty-to-avoid-conflict-with-guava.jar;C:\Users\hugo_\.m2\repository\org\checkerframework\checker-qual\3.41.0\checker-qual-3.41.0.jar;C:\Users\hugo_\.m2\repository\com\google\errorprone\error_prone_annotations\2.23.0\error_prone_annotations-2.23.0.jar;C:\Users\hugo_\.m2\repository\com\google\j2objc\j2objc-annotations\2.8\j2objc-annotations-2.8.jar;C:\Users\hugo_\.m2\repository\org\glassfish\jersey\containers\jersey-container-servlet\3.1.11\jersey-container-servlet-3.1.11.jar;C:\Users\hugo_\.m2\repository\org\glassfish\jersey\containers\jersey-container-servlet-core\3.1.11\jersey-container-servlet-core-3.1.11.jar;C:\Users\hugo_\.m2\repository\org\glassfish\jersey\core\jersey-common\3.1.11\jersey-common-3.1.11.jar;C:\Users\hugo_\.m2\repository\org\glassfish\hk2\osgi-resource-locator\1.0.3\osgi-resource-locator-1.0.3.jar;C:\Users\hugo_\.m2\repository\jakarta\ws\rs\jakarta.ws.rs-api\3.1.0\jakarta.ws.rs-api-3.1.0.jar;C:\Users\hugo_\.m2\repository\org\glassfish\jersey\core\jersey-server\3.1.11\jersey-server-3.1.11.jar;C:\Users\hugo_\.m2\repository\jakarta\inject\jakarta.inject-api\2.0.1\jakarta.inject-api-2.0.1.jar;C:\Users\hugo_\.m2\repository\jakarta\validation\jakarta.validation-api\3.0.2\jakarta.validation-api-3.0.2.jar;C:\Users\hugo_\.m2\repository\org\glassfish\jersey\core\jersey-client\3.1.11\jersey-client-3.1.11.jar;C:\Users\hugo_\.m2\repository\org\glassfish\jersey\inject\jersey-hk2\3.1.11\jersey-hk2-3.1.11.jar;C:\Users\hugo_\.m2\repository\org\glassfish\hk2\hk2-locator\3.0.6\hk2-locator-3.0.6.jar;C:\Users\hugo_\.m2\repository\org\glassfish\hk2\hk2-utils\3.0.6\hk2-utils-3.0.6.jar;C:\Users\hugo_\.m2\repository\org\javassist\javassist\3.30.2-GA\javassist-3.30.2-GA.jar;C:\Users\hugo_\.m2\repository\org\glassfish\hk2\spring-bridge\3.1.1\spring-bridge-3.1.1.jar;C:\Users\hugo_\.m2\repository\org\glassfish\hk2\hk2-api\3.1.1\hk2-api-3.1.1.jar;C:\Users\hugo_\.m2\repository\com\fasterxml\jackson\dataformat\jackson-dataformat-xml\2.19.2\jackson-dataformat-xml-2.19.2.jar;C:\Users\hugo_\.m2\repository\org\codehaus\woodstox\stax2-api\4.2.2\stax2-api-4.2.2.jar;C:\Users\hugo_\.m2\repository\com\fasterxml\woodstox\woodstox-core\7.1.1\woodstox-core-7.1.1.jar;C:\Users\hugo_\.m2\repository\org\springframework\cloud\spring-cloud-starter-loadbalancer\4.3.0\spring-cloud-starter-loadbalancer-4.3.0.jar;C:\Users\hugo_\.m2\repository\org\springframework\cloud\spring-cloud-loadbalancer\4.3.0\spring-cloud-loadbalancer-4.3.0.jar;C:\Users\hugo_\.m2\repository\io\projectreactor\reactor-core\3.7.12\reactor-core-3.7.12.jar;C:\Users\hugo_\.m2\repository\org\reactivestreams\reactive-streams\1.0.4\reactive-streams-1.0.4.jar;C:\Users\hugo_\.m2\repository\io\projectreactor\addons\reactor-extra\3.5.4\reactor-extra-3.5.4.jar;C:\Users\hugo_\.m2\repository\org\springframework\boot\spring-boot-starter-cache\3.5.7\spring-boot-starter-cache-3.5.7.jar;C:\Users\hugo_\.m2\repository\com\stoyanr\evictor\1.0.0\evictor-1.0.0.jar;C:\Users\hugo_\.m2\repository\org\glassfish\jaxb\jaxb-runtime\4.0.6\jaxb-runtime-4.0.6.jar;C:\Users\hugo_\.m2\repository\org\glassfish\jaxb\jaxb-core\4.0.6\jaxb-core-4.0.6.jar;C:\Users\hugo_\.m2\repository\org\eclipse\angus\angus-activation\2.0.3\angus-activation-2.0.3.jar;C:\Users\hugo_\.m2\repository\org\glassfish\jaxb\txw2\4.0.6\txw2-4.0.6.jar;C:\Users\hugo_\.m2\repository\com\sun\istack\istack-commons-runtime\4.1.2\istack-commons-runtime-4.1.2.jar;C:\Users\hugo_\.m2\repository\org\springframework\boot\spring-boot-devtools\3.5.7\spring-boot-devtools-3.5.7.jar;C:\Users\hugo_\.m2\repository\org\springframework\boot\spring-boot\3.5.7\spring-boot-3.5.7.jar;C:\Users\hugo_\.m2\repository\org\springframework\spring-context\6.2.12\spring-context-6.2.12.jar;C:\Users\hugo_\.m2\repository\org\springframework\spring-aop\6.2.12\spring-aop-6.2.12.jar;C:\Users\hugo_\.m2\repository\org\springframework\spring-expression\6.2.12\spring-expression-6.2.12.jar;C:\Users\hugo_\.m2\repository\org\springframework\boot\spring-boot-autoconfigure\3.5.7\spring-boot-autoconfigure-3.5.7.jar;C:\Users\hugo_\.m2\repository\org\springframework\boot\spring-boot-starter\3.5.7\spring-boot-starter-3.5.7.jar;C:\Users\hugo_\.m2\repository\org\springframework\boot\spring-boot-starter-logging\3.5.7\spring-boot-starter-logging-3.5.7.jar;C:\Users\hugo_\.m2\repository\ch\qos\logback\logback-classic\1.5.20\logback-classic-1.5.20.jar;C:\Users\hugo_\.m2\repository\ch\qos\logback\logback-core\1.5.20\logback-core-1.5.20.jar;C:\Users\hugo_\.m2\repository\org\apache\logging\log4j\log4j-to-slf4j\2.24.3\log4j-to-slf4j-2.24.3.jar;C:\Users\hugo_\.m2\repository\org\apache\logging\log4j\log4j-api\2.24.3\log4j-api-2.24.3.jar;C:\Users\hugo_\.m2\repository\org\slf4j\jul-to-slf4j\2.0.17\jul-to-slf4j-2.0.17.jar;C:\Users\hugo_\.m2\repository\jakarta\annotation\jakarta.annotation-api\2.1.1\jakarta.annotation-api-2.1.1.jar;C:\Users\hugo_\.m2\repository\org\yaml\snakeyaml\2.4\snakeyaml-2.4.jar;C:\Users\hugo_\.m2\repository\org\slf4j\slf4j-api\2.0.17\slf4j-api-2.0.17.jar;C:\Users\hugo_\.m2\repository\jakarta\xml\bind\jakarta.xml.bind-api\4.0.4\jakarta.xml.bind-api-4.0.4.jar;C:\Users\hugo_\.m2\repository\jakarta\activation\jakarta.activation-api\2.1.4\jakarta.activation-api-2.1.4.jar;C:\Users\hugo_\.m2\repository\org\springframework\spring-core\6.2.12\spring-core-6.2.12.jar;C:\Users\hugo_\.m2\repository\org\springframework\spring-jcl\6.2.12\spring-jcl-6.2.12.jar
Launcher Type: SUN_STANDARD

[Global flags]
     intx CICompilerCount                          = 12                                        {product} {ergonomic}
     uint ConcGCThreads                            = 3                                         {product} {ergonomic}
     uint G1ConcRefinementThreads                  = 13                                        {product} {ergonomic}
   size_t G1HeapRegionSize                         = 2097152                                   {product} {ergonomic}
    uintx GCDrainStackTargetSize                   = 64                                        {product} {ergonomic}
   size_t InitialHeapSize                          = 257949696                                 {product} {ergonomic}
   size_t MarkStackSize                            = 4194304                                   {product} {ergonomic}
   size_t MaxHeapSize                              = 4108320768                                {product} {ergonomic}
   size_t MaxNewSize                               = 2464153600                                {product} {ergonomic}
   size_t MinHeapDeltaBytes                        = 2097152                                   {product} {ergonomic}
   size_t MinHeapSize                              = 8388608                                   {product} {ergonomic}
    uintx NonNMethodCodeHeapSize                   = 7602480                                {pd product} {ergonomic}
    uintx NonProfiledCodeHeapSize                  = 122027880                              {pd product} {ergonomic}
    uintx ProfiledCodeHeapSize                     = 122027880                              {pd product} {ergonomic}
    uintx ReservedCodeCacheSize                    = 251658240                              {pd product} {ergonomic}
     bool SegmentedCodeCache                       = true                                      {product} {ergonomic}
   size_t SoftMaxHeapSize                          = 4108320768                             {manageable} {ergonomic}
     bool UseCompressedOops                        = true                           {product lp64_product} {ergonomic}
     bool UseG1GC                                  = true                                      {product} {ergonomic}
     bool UseLargePagesIndividualAllocation        = false                                  {pd product} {ergonomic}

Logging:
Log output configuration:
 #0: stdout all=warning uptime,level,tags foldmultilines=false
 #1: stderr all=off uptime,level,tags foldmultilines=false

Environment Variables:
JAVA_HOME=C:\Program Files\Java\jdk-17
PATH=C:\Program Files\Common Files\Oracle\Java\javapath;C:\Program Files (x86)\Common Files\Oracle\Java\java8path;C:\Program Files (x86)\Common Files\Oracle\Java\javapath;C:\WINDOWS\system32;C:\WINDOWS;C:\WINDOWS\System32\Wbem;C:\WINDOWS\System32\WindowsPowerShell\v1.0\;C:\WINDOWS\System32\OpenSSH\;C:\Program Files\dotnet\;C:\Program Files (x86)\Microsoft SQL Server\160\Tools\Binn\;C:\Program Files\Microsoft SQL Server\160\Tools\Binn\;C:\Program Files\Microsoft SQL Server\Client SDK\ODBC\170\Tools\Binn\;C:\Program Files\Microsoft SQL Server\160\DTS\Binn\;C:\Program Files (x86)\Windows Kits\10\Windows Performance Toolkit\;C:\Program Files\Microsoft SQL Server\150\Tools\Binn\;C:\Program Files (x86)\Microsoft SQL Server\160\DTS\Binn\;C:\Program Files\Docker\Docker\resources\bin;C:\Program Files\Git\cmd;C:\Program Files\nodejs\;C:\Program Files\PuTTY\;C:\Users\hugo_\AppData\Local\Programs\Python\Python313\Scripts\;C:\Users\hugo_\AppData\Local\Programs\Python\Python313\;C:\Users\hugo_\AppData\Local\Programs\Python\Launcher\;C:\Users\hugo_\AppData\Local\Microsoft\WindowsApps;C:\Users\hugo_\AppData\Local\Programs\Microsoft VS Code\bin;C:\Users\hugo_\.dotnet\tools;C:\Program Files\Java\jdk-17\bin;C:\Users\hugo_\AppData\Roaming\npm;
USERNAME=hugo_
OS=Windows_NT
PROCESSOR_IDENTIFIER=AMD64 Family 25 Model 80 Stepping 0, AuthenticAMD
TMP=C:\Users\hugo_\AppData\Local\Temp
TEMP=C:\Users\hugo_\AppData\Local\Temp




Periodic native trim disabled

---------------  S Y S T E M  ---------------

OS:
 Windows 11 , 64 bit Build 26100 (10.0.26100.7019)
OS uptime: 0 days 10:14 hours
Hyper-V role detected

CPU: total 16 (initial active 16) (16 cores per cpu, 2 threads per core) family 25 model 80 stepping 0 microcode 0xa50000d, cx8, cmov, fxsr, ht, mmx, 3dnowpref, sse, sse2, sse3, ssse3, sse4a, sse4.1, sse4.2, popcnt, lzcnt, tsc, tscinvbit, avx, avx2, aes, erms, clmul, bmi1, bmi2, adx, sha, fma, vzeroupper, clflush, clflushopt, hv, rdtscp, rdpid, fsrm, f16c, cet_ss
Processor Information for all 16 processors :
  Max Mhz: 3801, Current Mhz: 3801, Mhz Limit: 3801

Memory: 4k page, system-wide physical 15664M (1014M free)
TotalPageFile size 19760M (AvailPageFile size 3M)
current process WorkingSet (physical memory assigned to process): 217M, peak: 345M
current process commit charge ("private bytes"): 330M, peak: 398M

vm_info: Java HotSpot(TM) 64-Bit Server VM (21.0.6+8-LTS-188) for windows-amd64 JRE (21.0.6+8-LTS-188), built on 2024-12-03T10:50:54Z by "mach5one" with MS VC++ 17.6 (VS2022)

END.
