#
# There is insufficient memory for the Java Runtime Environment to continue.
# Native memory allocation (malloc) failed to allocate 1681696 bytes for Chunk::new
# Possible reasons:
#   The system is out of physical RAM or swap space
#   The process is running with CompressedOops enabled, and the Java Heap may be blocking the growth of the native heap
# Possible solutions:
#   Reduce memory load on the system
#   Increase physical memory or swap space
#   Check if swap backing store is full
#   Decrease Java heap size (-Xmx/-Xms)
#   Decrease number of Java threads
#   Decrease Java thread stack sizes (-Xss)
#   Set larger code cache with -XX:ReservedCodeCacheSize=
#   JVM is running with Zero Based Compressed Oops mode in which the Java heap is
#     placed in the first 32GB address space. The Java Heap base address is the
#     maximum limit for the native heap growth. Please use -XX:HeapBaseMinAddress
#     to set the Java Heap base and to place the Java Heap above 32GB virtual address.
# This output file may be truncated or incomplete.
#
#  Out of Memory Error (arena.cpp:168), pid=17192, tid=17852
#
# JRE version: Java(TM) SE Runtime Environment (21.0.6+8) (build 21.0.6+8-LTS-188)
# Java VM: Java HotSpot(TM) 64-Bit Server VM (21.0.6+8-LTS-188, mixed mode, sharing, tiered, compressed oops, compressed class ptrs, g1 gc, windows-amd64)
# No core dump will be written. Minidumps are not enabled by default on client versions of Windows
#

---------------  S U M M A R Y ------------

Command Line: -javaagent:C:\Program Files\JetBrains\IntelliJ IDEA Community Edition 2024.2.3\lib\idea_rt.jar=62044:C:\Program Files\JetBrains\IntelliJ IDEA Community Edition 2024.2.3\bin -Dfile.encoding=UTF-8 -Dsun.stdout.encoding=UTF-8 -Dsun.stderr.encoding=UTF-8 com.product_service.product_service.ProductServiceApplication

Host: AMD Ryzen 7 5700G with Radeon Graphics         , 16 cores, 15G,  Windows 11 , 64 bit Build 26100 (10.0.26100.8521)
Time: Fri Jun 12 19:42:37 2026 Hora estándar de Argentina elapsed time: 14.476246 seconds (0d 0h 0m 14s)

---------------  T H R E A D  ---------------

Current thread (0x000001959b020120):  JavaThread "C2 CompilerThread0" daemon [_thread_in_native, id=17852, stack(0x0000008cf0900000,0x0000008cf0a00000) (1024K)]


Current CompileTask:
C2:  14476 8766       4       org.aspectj.weaver.reflect.JavaLangTypeToResolvedTypeConverter::fromType (426 bytes)

Stack: [0x0000008cf0900000,0x0000008cf0a00000]
Native frames: (J=compiled Java code, j=interpreted, Vv=VM code, C=native code)
V  [jvm.dll+0x6ca6d9]
V  [jvm.dll+0x854f51]
V  [jvm.dll+0x85747e]
V  [jvm.dll+0x857b53]
V  [jvm.dll+0x27dcc6]
V  [jvm.dll+0xc4c2d]
V  [jvm.dll+0xc5163]
V  [jvm.dll+0x3b515c]
V  [jvm.dll+0x381855]
V  [jvm.dll+0x380cca]
V  [jvm.dll+0x246920]
V  [jvm.dll+0x245eff]
V  [jvm.dll+0x1c6d2e]
V  [jvm.dll+0x2554f9]
V  [jvm.dll+0x253a8a]
V  [jvm.dll+0x3ee576]
V  [jvm.dll+0x7ff2fb]
V  [jvm.dll+0x6c8dbd]
C  [ucrtbase.dll+0x2cd30]
C  [KERNEL32.DLL+0x2e957]
C  [ntdll.dll+0x87c1c]


---------------  P R O C E S S  ---------------

Threads class SMR info:
_java_thread_list=0x00000195a42f6510, length=24, elements={
0x00000195364e5240, 0x00000195555dba00, 0x00000195555dcbd0, 0x000001959b0064a0,
0x000001959b008570, 0x000001959b0050f0, 0x000001959b0071c0, 0x000001959b020120,
0x000001959b02f760, 0x000001959b007850, 0x000001959b005780, 0x000001959b006b30,
0x000001959b007ee0, 0x000001959b005e10, 0x000001959c6e14a0, 0x000001959c6e0780,
0x000001959c6de020, 0x000001959c6e1b30, 0x000001959c6e21c0, 0x000001959c6e2850,
0x000001959c6e3570, 0x000001959da5c1c0, 0x000001959eb319f0, 0x000001959eb32080
}

Java Threads: ( => current thread )
  0x00000195364e5240 JavaThread "main"                              [_thread_blocked, id=9660, stack(0x0000008cefb00000,0x0000008cefc00000) (1024K)]
  0x00000195555dba00 JavaThread "Reference Handler"          daemon [_thread_blocked, id=19340, stack(0x0000008cf0300000,0x0000008cf0400000) (1024K)]
  0x00000195555dcbd0 JavaThread "Finalizer"                  daemon [_thread_blocked, id=18400, stack(0x0000008cf0400000,0x0000008cf0500000) (1024K)]
  0x000001959b0064a0 JavaThread "Signal Dispatcher"          daemon [_thread_blocked, id=19692, stack(0x0000008cf0500000,0x0000008cf0600000) (1024K)]
  0x000001959b008570 JavaThread "Attach Listener"            daemon [_thread_blocked, id=20192, stack(0x0000008cf0600000,0x0000008cf0700000) (1024K)]
  0x000001959b0050f0 JavaThread "Service Thread"             daemon [_thread_blocked, id=20144, stack(0x0000008cf0700000,0x0000008cf0800000) (1024K)]
  0x000001959b0071c0 JavaThread "Monitor Deflation Thread"   daemon [_thread_blocked, id=17720, stack(0x0000008cf0800000,0x0000008cf0900000) (1024K)]
=>0x000001959b020120 JavaThread "C2 CompilerThread0"         daemon [_thread_in_native, id=17852, stack(0x0000008cf0900000,0x0000008cf0a00000) (1024K)]
  0x000001959b02f760 JavaThread "C1 CompilerThread0"         daemon [_thread_blocked, id=11756, stack(0x0000008cf0a00000,0x0000008cf0b00000) (1024K)]
  0x000001959b007850 JavaThread "Common-Cleaner"             daemon [_thread_blocked, id=15448, stack(0x0000008cf0b00000,0x0000008cf0c00000) (1024K)]
  0x000001959b005780 JavaThread "Monitor Ctrl-Break"         daemon [_thread_in_native, id=3700, stack(0x0000008cf1000000,0x0000008cf1100000) (1024K)]
  0x000001959b006b30 JavaThread "Notification Thread"        daemon [_thread_blocked, id=20496, stack(0x0000008cf1100000,0x0000008cf1200000) (1024K)]
  0x000001959b007ee0 JavaThread "Thread-0"                          [_thread_blocked, id=8904, stack(0x0000008cf1a00000,0x0000008cf1b00000) (1024K)]
  0x000001959b005e10 JavaThread "restartedMain"                     [_thread_blocked, id=14252, stack(0x0000008cf1b00000,0x0000008cf1c00000) (1024K)]
  0x000001959c6e14a0 JavaThread "Keep-Alive-Timer"           daemon [_thread_blocked, id=16212, stack(0x0000008cf0e00000,0x0000008cf0f00000) (1024K)]
  0x000001959c6e0780 JavaThread "Catalina-utility-1"                [_thread_blocked, id=19748, stack(0x0000008cf2000000,0x0000008cf2100000) (1024K)]
  0x000001959c6de020 JavaThread "Catalina-utility-2"                [_thread_blocked, id=12872, stack(0x0000008cf2800000,0x0000008cf2900000) (1024K)]
  0x000001959c6e1b30 JavaThread "container-0"                       [_thread_blocked, id=14920, stack(0x0000008cf2900000,0x0000008cf2a00000) (1024K)]
  0x000001959c6e21c0 JavaThread "mysql-cj-abandoned-connection-cleanup" daemon [_thread_blocked, id=14780, stack(0x0000008cf2a00000,0x0000008cf2b00000) (1024K)]
  0x000001959c6e2850 JavaThread "HikariPool-1:housekeeper"   daemon [_thread_blocked, id=15620, stack(0x0000008cf2b00000,0x0000008cf2c00000) (1024K)]
  0x000001959c6e3570 JavaThread "spring.cloud.inetutils"     daemon [_thread_blocked, id=19572, stack(0x0000008cf2d00000,0x0000008cf2e00000) (1024K)]
  0x000001959da5c1c0 JavaThread "C1 CompilerThread1"         daemon [_thread_blocked, id=19300, stack(0x0000008cf0c00000,0x0000008cf0d00000) (1024K)]
  0x000001959eb319f0 JavaThread "File Watcher"               daemon [_thread_blocked, id=8212, stack(0x0000008cf0d00000,0x0000008cf0e00000) (1024K)]
  0x000001959eb32080 JavaThread "spring.cloud.inetutils"     daemon [_thread_in_native, id=21168, stack(0x0000008cf0f00000,0x0000008cf1000000) (1024K)]
Total: 24

Other Threads:
  0x00000195555c26f0 VMThread "VM Thread"                           [id=10172, stack(0x0000008cf0200000,0x0000008cf0300000) (1024K)]
  0x00000195555b0f10 WatcherThread "VM Periodic Task Thread"        [id=2196, stack(0x0000008cf0100000,0x0000008cf0200000) (1024K)]
  0x000001953416dcb0 WorkerThread "GC Thread#0"                     [id=18552, stack(0x0000008cefc00000,0x0000008cefd00000) (1024K)]
  0x000001959c30aa60 WorkerThread "GC Thread#1"                     [id=8936, stack(0x0000008cf1300000,0x0000008cf1400000) (1024K)]
  0x000001959c1517f0 WorkerThread "GC Thread#2"                     [id=20728, stack(0x0000008cf1400000,0x0000008cf1500000) (1024K)]
  0x000001959bfaa240 WorkerThread "GC Thread#3"                     [id=19400, stack(0x0000008cf1500000,0x0000008cf1600000) (1024K)]
  0x000001959c307860 WorkerThread "GC Thread#4"                     [id=13136, stack(0x0000008cf1600000,0x0000008cf1700000) (1024K)]
  0x000001959bfef6a0 WorkerThread "GC Thread#5"                     [id=14288, stack(0x0000008cf1900000,0x0000008cf1a00000) (1024K)]
  0x000001959cdc5840 WorkerThread "GC Thread#6"                     [id=17768, stack(0x0000008cf1c00000,0x0000008cf1d00000) (1024K)]
  0x000001959c9813e0 WorkerThread "GC Thread#7"                     [id=7700, stack(0x0000008cf1d00000,0x0000008cf1e00000) (1024K)]
  0x000001959c50d5c0 WorkerThread "GC Thread#8"                     [id=10148, stack(0x0000008cf1e00000,0x0000008cf1f00000) (1024K)]
  0x000001959cc707f0 WorkerThread "GC Thread#9"                     [id=20356, stack(0x0000008cf1f00000,0x0000008cf2000000) (1024K)]
  0x000001959c70cb40 WorkerThread "GC Thread#10"                    [id=7516, stack(0x0000008cf2100000,0x0000008cf2200000) (1024K)]
  0x000001959d2c3bc0 WorkerThread "GC Thread#11"                    [id=17764, stack(0x0000008cf2200000,0x0000008cf2300000) (1024K)]
  0x000001959d2c46a0 WorkerThread "GC Thread#12"                    [id=21456, stack(0x0000008cf2300000,0x0000008cf2400000) (1024K)]
  0x000001953416eae0 ConcurrentGCThread "G1 Main Marker"            [id=16372, stack(0x0000008cefd00000,0x0000008cefe00000) (1024K)]
  0x000001953655a860 WorkerThread "G1 Conc#0"                       [id=18232, stack(0x0000008cefe00000,0x0000008ceff00000) (1024K)]
  0x000001959d2c2d40 WorkerThread "G1 Conc#1"                       [id=15944, stack(0x0000008cf2400000,0x0000008cf2500000) (1024K)]
  0x000001959d2c3820 WorkerThread "G1 Conc#2"                       [id=9656, stack(0x0000008cf2500000,0x0000008cf2600000) (1024K)]
  0x000001955547f0b0 ConcurrentGCThread "G1 Refine#0"               [id=20268, stack(0x0000008ceff00000,0x0000008cf0000000) (1024K)]
  0x000001955547f4e0 ConcurrentGCThread "G1 Service"                [id=5524, stack(0x0000008cf0000000,0x0000008cf0100000) (1024K)]
Total: 21

Threads with active compile tasks:
C2 CompilerThread0    14595 8766       4       org.aspectj.weaver.reflect.JavaLangTypeToResolvedTypeConverter::fromType (426 bytes)
Total: 1

VM state: at safepoint (normal execution)

VM Mutex/Monitor currently owned by a thread:  ([mutex/lock_event])
[0x00007ff92528de98] Threads_lock - owner thread: 0x00000195555c26f0
[0x00007ff92528df98] Heap_lock - owner thread: 0x000001959b005e10

Heap address: 0x000000070b200000, size: 3918 MB, Compressed Oops mode: Zero based, Oop shift amount: 3

CDS archive(s) mapped at: [0x0000019556000000-0x0000019556c90000-0x0000019556c90000), size 13172736, SharedBaseAddress: 0x0000019556000000, ArchiveRelocationMode: 1.
Compressed class space mapped at: 0x0000019557000000-0x0000019597000000, reserved size: 1073741824
Narrow klass base: 0x0000019556000000, Narrow klass shift: 0, Narrow klass range: 0x100000000

GC Precious Log:
 CardTable entry size: 512
 Card Set container configuration: InlinePtr #cards 4 size 8 Array Of Cards #cards 16 size 48 Howl #buckets 8 coarsen threshold 3686 Howl Bitmap #cards 512 size 80 coarsen threshold 460 Card regions per heap region 1 cards per card region 4096
 CPUs: 16 total, 16 available
 Memory: 15664M
 Large Page Support: Disabled
 NUMA Support: Disabled
 Compressed Oops: Enabled (Zero based)
 Heap Region Size: 2M
 Heap Min Capacity: 8M
 Heap Initial Capacity: 246M
 Heap Max Capacity: 3918M
 Pre-touch: Disabled
 Parallel Workers: 13
 Concurrent Workers: 3
 Concurrent Refinement Workers: 13
 Periodic GC: Disabled

Heap:
 garbage-first heap   total 145408K, used 65187K [0x000000070b200000, 0x0000000800000000)
  region size 2048K, 4 young (8192K), 3 survivors (6144K)
 Metaspace       used 83442K, committed 84352K, reserved 1179648K
  class space    used 11295K, committed 11712K, reserved 1048576K

Heap Regions: E=young(eden), S=young(survivor), O=old, HS=humongous(starts), HC=humongous(continues), CS=collection set, F=free, TAMS=top-at-mark-start, PB=parsable bottom
|   0|0x000000070b200000, 0x000000070b400000, 0x000000070b400000|100%| O|  |TAMS 0x000000070b200000| PB 0x000000070b200000| Untracked 
|   1|0x000000070b400000, 0x000000070b600000, 0x000000070b600000|100%| O|  |TAMS 0x000000070b400000| PB 0x000000070b400000| Untracked 
|   2|0x000000070b600000, 0x000000070b800000, 0x000000070b800000|100%| O|  |TAMS 0x000000070b600000| PB 0x000000070b600000| Untracked 
|   3|0x000000070b800000, 0x000000070ba00000, 0x000000070ba00000|100%| O|  |TAMS 0x000000070b800000| PB 0x000000070b800000| Untracked 
|   4|0x000000070ba00000, 0x000000070bc00000, 0x000000070bc00000|100%| O|  |TAMS 0x000000070ba00000| PB 0x000000070ba00000| Untracked 
|   5|0x000000070bc00000, 0x000000070be00000, 0x000000070be00000|100%| O|  |TAMS 0x000000070bc00000| PB 0x000000070bc00000| Untracked 
|   6|0x000000070be00000, 0x000000070c000000, 0x000000070c000000|100%| O|  |TAMS 0x000000070be00000| PB 0x000000070be00000| Untracked 
|   7|0x000000070c000000, 0x000000070c200000, 0x000000070c200000|100%| O|  |TAMS 0x000000070c000000| PB 0x000000070c000000| Untracked 
|   8|0x000000070c200000, 0x000000070c400000, 0x000000070c400000|100%| O|  |TAMS 0x000000070c200000| PB 0x000000070c200000| Untracked 
|   9|0x000000070c400000, 0x000000070c600000, 0x000000070c600000|100%| O|  |TAMS 0x000000070c400000| PB 0x000000070c400000| Untracked 
|  10|0x000000070c600000, 0x000000070c800000, 0x000000070c800000|100%| O|  |TAMS 0x000000070c600000| PB 0x000000070c600000| Untracked 
|  11|0x000000070c800000, 0x000000070ca00000, 0x000000070ca00000|100%| O|  |TAMS 0x000000070c800000| PB 0x000000070c800000| Untracked 
|  12|0x000000070ca00000, 0x000000070cc00000, 0x000000070cc00000|100%| O|  |TAMS 0x000000070ca00000| PB 0x000000070ca00000| Untracked 
|  13|0x000000070cc00000, 0x000000070ce00000, 0x000000070ce00000|100%| O|  |TAMS 0x000000070cc00000| PB 0x000000070cc00000| Untracked 
|  14|0x000000070ce00000, 0x000000070ce00000, 0x000000070d000000|  0%| F|  |TAMS 0x000000070ce00000| PB 0x000000070ce00000| Untracked 
|  15|0x000000070d000000, 0x000000070d200000, 0x000000070d200000|100%| O|  |TAMS 0x000000070d000000| PB 0x000000070d000000| Untracked 
|  16|0x000000070d200000, 0x000000070d400000, 0x000000070d400000|100%| O|  |TAMS 0x000000070d200000| PB 0x000000070d200000| Untracked 
|  17|0x000000070d400000, 0x000000070d600000, 0x000000070d600000|100%| O|  |TAMS 0x000000070d400000| PB 0x000000070d400000| Untracked 
|  18|0x000000070d600000, 0x000000070d800000, 0x000000070d800000|100%| O|  |TAMS 0x000000070d600000| PB 0x000000070d600000| Untracked 
|  19|0x000000070d800000, 0x000000070da00000, 0x000000070da00000|100%| O|  |TAMS 0x000000070d800000| PB 0x000000070d800000| Untracked 
|  20|0x000000070da00000, 0x000000070dc00000, 0x000000070dc00000|100%| O|  |TAMS 0x000000070da00000| PB 0x000000070da00000| Untracked 
|  21|0x000000070dc00000, 0x000000070de00000, 0x000000070de00000|100%| O|  |TAMS 0x000000070dc00000| PB 0x000000070dc00000| Untracked 
|  22|0x000000070de00000, 0x000000070e000000, 0x000000070e000000|100%| O|  |TAMS 0x000000070de00000| PB 0x000000070de00000| Untracked 
|  23|0x000000070e000000, 0x000000070e200000, 0x000000070e200000|100%| O|  |TAMS 0x000000070e000000| PB 0x000000070e000000| Untracked 
|  24|0x000000070e200000, 0x000000070e400000, 0x000000070e400000|100%| O|  |TAMS 0x000000070e200000| PB 0x000000070e200000| Untracked 
|  25|0x000000070e400000, 0x000000070e600000, 0x000000070e600000|100%| O|  |TAMS 0x000000070e400000| PB 0x000000070e400000| Untracked 
|  26|0x000000070e600000, 0x000000070e800000, 0x000000070e800000|100%| O|  |TAMS 0x000000070e600000| PB 0x000000070e600000| Untracked 
|  27|0x000000070e800000, 0x000000070ea00000, 0x000000070ea00000|100%| O|  |TAMS 0x000000070e800000| PB 0x000000070e800000| Untracked 
|  28|0x000000070ea00000, 0x000000070ec00000, 0x000000070ec00000|100%| O|  |TAMS 0x000000070ea00000| PB 0x000000070ea00000| Untracked 
|  29|0x000000070ec00000, 0x000000070ee00000, 0x000000070ee00000|100%| O|  |TAMS 0x000000070ec00000| PB 0x000000070ec00000| Untracked 
|  30|0x000000070ee00000, 0x000000070ee2dac0, 0x000000070f000000|  8%| O|  |TAMS 0x000000070ee00000| PB 0x000000070ee00000| Untracked 
|  31|0x000000070f000000, 0x000000070f000000, 0x000000070f200000|  0%| F|  |TAMS 0x000000070f000000| PB 0x000000070f000000| Untracked 
|  32|0x000000070f200000, 0x000000070f200000, 0x000000070f400000|  0%| F|  |TAMS 0x000000070f200000| PB 0x000000070f200000| Untracked 
|  33|0x000000070f400000, 0x000000070f400000, 0x000000070f600000|  0%| F|  |TAMS 0x000000070f400000| PB 0x000000070f400000| Untracked 
|  34|0x000000070f600000, 0x000000070f77b1d0, 0x000000070f800000| 74%| S|CS|TAMS 0x000000070f600000| PB 0x000000070f600000| Complete 
|  35|0x000000070f800000, 0x000000070f800000, 0x000000070fa00000|  0%| F|  |TAMS 0x000000070f800000| PB 0x000000070f800000| Untracked 
|  36|0x000000070fa00000, 0x000000070fa00000, 0x000000070fc00000|  0%| F|  |TAMS 0x000000070fa00000| PB 0x000000070fa00000| Untracked 
|  37|0x000000070fc00000, 0x000000070fe00000, 0x000000070fe00000|100%| S|CS|TAMS 0x000000070fc00000| PB 0x000000070fc00000| Complete 
|  38|0x000000070fe00000, 0x0000000710000000, 0x0000000710000000|100%| S|CS|TAMS 0x000000070fe00000| PB 0x000000070fe00000| Complete 
|  39|0x0000000710000000, 0x0000000710000000, 0x0000000710200000|  0%| F|  |TAMS 0x0000000710000000| PB 0x0000000710000000| Untracked 
|  40|0x0000000710200000, 0x0000000710200000, 0x0000000710400000|  0%| F|  |TAMS 0x0000000710200000| PB 0x0000000710200000| Untracked 
|  41|0x0000000710400000, 0x0000000710400000, 0x0000000710600000|  0%| F|  |TAMS 0x0000000710400000| PB 0x0000000710400000| Untracked 
|  42|0x0000000710600000, 0x0000000710600000, 0x0000000710800000|  0%| F|  |TAMS 0x0000000710600000| PB 0x0000000710600000| Untracked 
|  43|0x0000000710800000, 0x0000000710800000, 0x0000000710a00000|  0%| F|  |TAMS 0x0000000710800000| PB 0x0000000710800000| Untracked 
|  44|0x0000000710a00000, 0x0000000710a00000, 0x0000000710c00000|  0%| F|  |TAMS 0x0000000710a00000| PB 0x0000000710a00000| Untracked 
|  45|0x0000000710c00000, 0x0000000710c00000, 0x0000000710e00000|  0%| F|  |TAMS 0x0000000710c00000| PB 0x0000000710c00000| Untracked 
|  46|0x0000000710e00000, 0x0000000710e00000, 0x0000000711000000|  0%| F|  |TAMS 0x0000000710e00000| PB 0x0000000710e00000| Untracked 
|  47|0x0000000711000000, 0x0000000711000000, 0x0000000711200000|  0%| F|  |TAMS 0x0000000711000000| PB 0x0000000711000000| Untracked 
|  48|0x0000000711200000, 0x0000000711200000, 0x0000000711400000|  0%| F|  |TAMS 0x0000000711200000| PB 0x0000000711200000| Untracked 
|  49|0x0000000711400000, 0x0000000711400000, 0x0000000711600000|  0%| F|  |TAMS 0x0000000711400000| PB 0x0000000711400000| Untracked 
|  50|0x0000000711600000, 0x0000000711600000, 0x0000000711800000|  0%| F|  |TAMS 0x0000000711600000| PB 0x0000000711600000| Untracked 
|  51|0x0000000711800000, 0x0000000711800000, 0x0000000711a00000|  0%| F|  |TAMS 0x0000000711800000| PB 0x0000000711800000| Untracked 
|  52|0x0000000711a00000, 0x0000000711a00000, 0x0000000711c00000|  0%| F|  |TAMS 0x0000000711a00000| PB 0x0000000711a00000| Untracked 
|  53|0x0000000711c00000, 0x0000000711c00000, 0x0000000711e00000|  0%| F|  |TAMS 0x0000000711c00000| PB 0x0000000711c00000| Untracked 
|  54|0x0000000711e00000, 0x0000000711e00000, 0x0000000712000000|  0%| F|  |TAMS 0x0000000711e00000| PB 0x0000000711e00000| Untracked 
|  55|0x0000000712000000, 0x0000000712000000, 0x0000000712200000|  0%| F|  |TAMS 0x0000000712000000| PB 0x0000000712000000| Untracked 
|  56|0x0000000712200000, 0x0000000712200000, 0x0000000712400000|  0%| F|  |TAMS 0x0000000712200000| PB 0x0000000712200000| Untracked 
|  57|0x0000000712400000, 0x0000000712400000, 0x0000000712600000|  0%| F|  |TAMS 0x0000000712400000| PB 0x0000000712400000| Untracked 
|  58|0x0000000712600000, 0x0000000712600000, 0x0000000712800000|  0%| F|  |TAMS 0x0000000712600000| PB 0x0000000712600000| Untracked 
|  59|0x0000000712800000, 0x0000000712800000, 0x0000000712a00000|  0%| F|  |TAMS 0x0000000712800000| PB 0x0000000712800000| Untracked 
|  60|0x0000000712a00000, 0x0000000712a00000, 0x0000000712c00000|  0%| F|  |TAMS 0x0000000712a00000| PB 0x0000000712a00000| Untracked 
|  61|0x0000000712c00000, 0x0000000712c00000, 0x0000000712e00000|  0%| F|  |TAMS 0x0000000712c00000| PB 0x0000000712c00000| Untracked 
|  62|0x0000000712e00000, 0x0000000712e00000, 0x0000000713000000|  0%| F|  |TAMS 0x0000000712e00000| PB 0x0000000712e00000| Untracked 
|  63|0x0000000713000000, 0x0000000713000000, 0x0000000713200000|  0%| F|  |TAMS 0x0000000713000000| PB 0x0000000713000000| Untracked 
|  64|0x0000000713200000, 0x0000000713200000, 0x0000000713400000|  0%| F|  |TAMS 0x0000000713200000| PB 0x0000000713200000| Untracked 
|  65|0x0000000713400000, 0x0000000713400000, 0x0000000713600000|  0%| F|  |TAMS 0x0000000713400000| PB 0x0000000713400000| Untracked 
|  66|0x0000000713600000, 0x0000000713600000, 0x0000000713800000|  0%| F|  |TAMS 0x0000000713600000| PB 0x0000000713600000| Untracked 
|  67|0x0000000713800000, 0x0000000713800000, 0x0000000713a00000|  0%| F|  |TAMS 0x0000000713800000| PB 0x0000000713800000| Untracked 
|  68|0x0000000713a00000, 0x0000000713a00000, 0x0000000713c00000|  0%| F|  |TAMS 0x0000000713a00000| PB 0x0000000713a00000| Untracked 
|  69|0x0000000713c00000, 0x0000000713c00000, 0x0000000713e00000|  0%| F|  |TAMS 0x0000000713c00000| PB 0x0000000713c00000| Untracked 
| 122|0x000000071a600000, 0x000000071a800000, 0x000000071a800000|100%| E|  |TAMS 0x000000071a600000| PB 0x000000071a600000| Complete 

Card table byte_map: [0x000001954e9a0000,0x000001954f150000] _byte_map_base: 0x000001954b147000

Marking Bits: (CMBitMap*) 0x000001953416e2c0
 Bits: [0x000001954f150000, 0x0000019552e88000)

Polling page: 0x00000195343f0000

Metaspace:

Usage:
  Non-class:     70.48 MB used.
      Class:     11.03 MB used.
       Both:     81.52 MB used.

Virtual space:
  Non-class space:      128.00 MB reserved,      71.00 MB ( 55%) committed,  2 nodes.
      Class space:        1.00 GB reserved,      11.44 MB (  1%) committed,  1 nodes.
             Both:        1.12 GB reserved,      82.44 MB (  7%) committed. 

Chunk freelists:
   Non-Class:  9.04 MB
       Class:  4.39 MB
        Both:  13.42 MB

MaxMetaspaceSize: unlimited
CompressedClassSpaceSize: 1.00 GB
Initial GC threshold: 21.00 MB
Current GC threshold: 133.75 MB
CDS: on
 - commit_granule_bytes: 65536.
 - commit_granule_words: 8192.
 - virtual_space_node_default_size: 8388608.
 - enlarge_chunks_in_place: 1.
 - use_allocation_guard: 0.


Internal statistics:

num_allocs_failed_limit: 12.
num_arena_births: 1442.
num_arena_deaths: 0.
num_vsnodes_births: 3.
num_vsnodes_deaths: 0.
num_space_committed: 1319.
num_space_uncommitted: 0.
num_chunks_returned_to_freelist: 12.
num_chunks_taken_from_freelist: 4622.
num_chunk_merges: 9.
num_chunk_splits: 3276.
num_chunks_enlarged: 2497.
num_inconsistent_stats: 0.

CodeHeap 'non-profiled nmethods': size=119168Kb used=7420Kb max_used=8105Kb free=111747Kb
 bounds [0x00000195464f0000, 0x0000019546ce0000, 0x000001954d950000]
CodeHeap 'profiled nmethods': size=119104Kb used=15463Kb max_used=16946Kb free=103640Kb
 bounds [0x000001953e950000, 0x000001953f9f0000, 0x0000019545da0000]
CodeHeap 'non-nmethods': size=7488Kb used=2253Kb max_used=3437Kb free=5234Kb
 bounds [0x0000019545da0000, 0x0000019546150000, 0x00000195464f0000]
 total_blobs=8092 nmethods=7368 adapters=627
 compilation: enabled
              stopped_count=0, restarted_count=0
 full_count=0

Compilation events (20 events):
Event: 13.264 Thread 0x000001959b020120 8760   !   4       java.util.zip.ZipCoder$UTF8ZipCoder::compare (81 bytes)
Event: 13.264 Thread 0x000001959b02e2f0 nmethod 8759 0x0000019546671390 code [0x00000195466715a0, 0x0000019546671e08]
Event: 13.265 Thread 0x000001959b02e2f0 8761       4       org.aspectj.weaver.World::isExpendable (37 bytes)
Event: 13.267 Thread 0x000001959b02e2f0 nmethod 8761 0x0000019546529910 code [0x0000019546529b00, 0x0000019546529e40]
Event: 13.268 Thread 0x000001959b020120 nmethod 8760 0x0000019546586a90 code [0x0000019546586c60, 0x0000019546587328]
Event: 13.271 Thread 0x000001959b020120 8762       4       java.io.BufferedInputStream::fill (204 bytes)
Event: 13.277 Thread 0x000001959b020120 nmethod 8762 0x000001954694d810 code [0x000001954694d9e0, 0x000001954694e220]
Event: 13.291 Thread 0x000001959b020120 8763       4       java.util.concurrent.ConcurrentHashMap::remove (8 bytes)
Event: 13.292 Thread 0x000001959b020120 nmethod 8763 0x0000019546529490 code [0x0000019546529620, 0x00000195465296d8]
Event: 13.350 Thread 0x000001959b02f760 8764   !   3       jdk.proxy2.$Proxy97::annotationType (29 bytes)
Event: 13.350 Thread 0x000001959b02f760 nmethod 8764 0x000001953f0b1410 code [0x000001953f0b15e0, 0x000001953f0b19e8]
Event: 13.367 Thread 0x000001959b02f760 8765       3       java.lang.invoke.Invokers$Holder::invokeExact_MT (24 bytes)
Event: 13.367 Thread 0x000001959b02f760 nmethod 8765 0x000001953eb7e090 code [0x000001953eb7e2a0, 0x000001953eb7e8d8]
Event: 13.376 Thread 0x000001959b020120 8766       4       org.aspectj.weaver.reflect.JavaLangTypeToResolvedTypeConverter::fromType (426 bytes)
Event: 13.385 Thread 0x000001959da5c1c0 8768       3       java.beans.MethodRef::set (58 bytes)
Event: 13.386 Thread 0x000001959da5c1c0 nmethod 8768 0x000001953ebff910 code [0x000001953ebffb80, 0x000001953ec007f8]
Event: 13.387 Thread 0x000001959da5c1c0 8769       3       java.lang.reflect.Executable::verifyParameters (181 bytes)
Event: 13.388 Thread 0x000001959da5c1c0 nmethod 8769 0x000001953f1c5190 code [0x000001953f1c54a0, 0x000001953f1c63f0]
Event: 13.393 Thread 0x000001959da5c1c0 8770       3       java.util.concurrent.ConcurrentLinkedDeque$AbstractItr::next (23 bytes)
Event: 13.393 Thread 0x000001959da5c1c0 nmethod 8770 0x000001953eac2a10 code [0x000001953eac2be0, 0x000001953eac2e48]

GC Heap History (20 events):
Event: 6.477 GC heap before
{Heap before GC invocations=9 (full 0):
 garbage-first heap   total 116736K, used 109909K [0x000000070b200000, 0x0000000800000000)
  region size 2048K, 40 young (81920K), 2 survivors (4096K)
 Metaspace       used 43602K, committed 44160K, reserved 1114112K
  class space    used 5603K, committed 5888K, reserved 1048576K
}
Event: 6.485 GC heap after
{Heap after GC invocations=10 (full 0):
 garbage-first heap   total 120832K, used 37241K [0x000000070b200000, 0x0000000800000000)
  region size 2048K, 5 young (10240K), 5 survivors (10240K)
 Metaspace       used 43602K, committed 44160K, reserved 1114112K
  class space    used 5603K, committed 5888K, reserved 1048576K
}
Event: 7.050 GC heap before
{Heap before GC invocations=10 (full 0):
 garbage-first heap   total 120832K, used 96633K [0x000000070b200000, 0x0000000800000000)
  region size 2048K, 35 young (71680K), 5 survivors (10240K)
 Metaspace       used 46387K, committed 46976K, reserved 1114112K
  class space    used 5898K, committed 6208K, reserved 1048576K
}
Event: 7.059 GC heap after
{Heap after GC invocations=11 (full 0):
 garbage-first heap   total 120832K, used 40883K [0x000000070b200000, 0x0000000800000000)
  region size 2048K, 3 young (6144K), 3 survivors (6144K)
 Metaspace       used 46387K, committed 46976K, reserved 1114112K
  class space    used 5898K, committed 6208K, reserved 1048576K
}
Event: 7.865 GC heap before
{Heap before GC invocations=11 (full 0):
 garbage-first heap   total 120832K, used 100275K [0x000000070b200000, 0x0000000800000000)
  region size 2048K, 32 young (65536K), 3 survivors (6144K)
 Metaspace       used 52932K, committed 53632K, reserved 1114112K
  class space    used 6852K, committed 7168K, reserved 1048576K
}
Event: 7.869 GC heap after
{Heap after GC invocations=12 (full 0):
 garbage-first heap   total 120832K, used 43908K [0x000000070b200000, 0x0000000800000000)
  region size 2048K, 2 young (4096K), 2 survivors (4096K)
 Metaspace       used 52932K, committed 53632K, reserved 1114112K
  class space    used 6852K, committed 7168K, reserved 1048576K
}
Event: 8.216 GC heap before
{Heap before GC invocations=12 (full 0):
 garbage-first heap   total 120832K, used 66436K [0x000000070b200000, 0x0000000800000000)
  region size 2048K, 14 young (28672K), 2 survivors (4096K)
 Metaspace       used 59523K, committed 60096K, reserved 1114112K
  class space    used 7743K, committed 8000K, reserved 1048576K
}
Event: 8.220 GC heap after
{Heap after GC invocations=13 (full 0):
 garbage-first heap   total 120832K, used 45657K [0x000000070b200000, 0x0000000800000000)
  region size 2048K, 3 young (6144K), 3 survivors (6144K)
 Metaspace       used 59523K, committed 60096K, reserved 1114112K
  class space    used 7743K, committed 8000K, reserved 1048576K
}
Event: 8.883 GC heap before
{Heap before GC invocations=14 (full 0):
 garbage-first heap   total 120832K, used 100953K [0x000000070b200000, 0x0000000800000000)
  region size 2048K, 31 young (63488K), 3 survivors (6144K)
 Metaspace       used 73288K, committed 73984K, reserved 1114112K
  class space    used 9725K, committed 10048K, reserved 1048576K
}
Event: 8.886 GC heap after
{Heap after GC invocations=15 (full 0):
 garbage-first heap   total 120832K, used 49312K [0x000000070b200000, 0x0000000800000000)
  region size 2048K, 3 young (6144K), 3 survivors (6144K)
 Metaspace       used 73288K, committed 73984K, reserved 1114112K
  class space    used 9725K, committed 10048K, reserved 1048576K
}
Event: 9.383 GC heap before
{Heap before GC invocations=15 (full 0):
 garbage-first heap   total 120832K, used 104608K [0x000000070b200000, 0x0000000800000000)
  region size 2048K, 30 young (61440K), 3 survivors (6144K)
 Metaspace       used 76151K, committed 76928K, reserved 1179648K
  class space    used 10150K, committed 10496K, reserved 1048576K
}
Event: 9.389 GC heap after
{Heap after GC invocations=16 (full 0):
 garbage-first heap   total 120832K, used 51273K [0x000000070b200000, 0x0000000800000000)
  region size 2048K, 4 young (8192K), 4 survivors (8192K)
 Metaspace       used 76151K, committed 76928K, reserved 1179648K
  class space    used 10150K, committed 10496K, reserved 1048576K
}
Event: 11.080 GC heap before
{Heap before GC invocations=16 (full 0):
 garbage-first heap   total 120832K, used 102473K [0x000000070b200000, 0x0000000800000000)
  region size 2048K, 29 young (59392K), 4 survivors (8192K)
 Metaspace       used 77898K, committed 78720K, reserved 1179648K
  class space    used 10407K, committed 10752K, reserved 1048576K
}
Event: 11.085 GC heap after
{Heap after GC invocations=17 (full 0):
 garbage-first heap   total 145408K, used 54139K [0x000000070b200000, 0x0000000800000000)
  region size 2048K, 4 young (8192K), 4 survivors (8192K)
 Metaspace       used 77898K, committed 78720K, reserved 1179648K
  class space    used 10407K, committed 10752K, reserved 1048576K
}
Event: 11.714 GC heap before
{Heap before GC invocations=17 (full 0):
 garbage-first heap   total 145408K, used 123771K [0x000000070b200000, 0x0000000800000000)
  region size 2048K, 38 young (77824K), 4 survivors (8192K)
 Metaspace       used 79117K, committed 80000K, reserved 1179648K
  class space    used 10601K, committed 11008K, reserved 1048576K
}
Event: 11.719 GC heap after
{Heap after GC invocations=18 (full 0):
 garbage-first heap   total 145408K, used 57686K [0x000000070b200000, 0x0000000800000000)
  region size 2048K, 4 young (8192K), 4 survivors (8192K)
 Metaspace       used 79117K, committed 80000K, reserved 1179648K
  class space    used 10601K, committed 11008K, reserved 1048576K
}
Event: 12.351 GC heap before
{Heap before GC invocations=18 (full 0):
 garbage-first heap   total 145408K, used 123222K [0x000000070b200000, 0x0000000800000000)
  region size 2048K, 36 young (73728K), 4 survivors (8192K)
 Metaspace       used 81292K, committed 82176K, reserved 1179648K
  class space    used 10915K, committed 11328K, reserved 1048576K
}
Event: 12.356 GC heap after
{Heap after GC invocations=19 (full 0):
 garbage-first heap   total 145408K, used 60342K [0x000000070b200000, 0x0000000800000000)
  region size 2048K, 4 young (8192K), 4 survivors (8192K)
 Metaspace       used 81292K, committed 82176K, reserved 1179648K
  class space    used 10915K, committed 11328K, reserved 1048576K
}
Event: 12.949 GC heap before
{Heap before GC invocations=20 (full 0):
 garbage-first heap   total 145408K, used 123830K [0x000000070b200000, 0x0000000800000000)
  region size 2048K, 35 young (71680K), 4 survivors (8192K)
 Metaspace       used 82055K, committed 83008K, reserved 1179648K
  class space    used 11075K, committed 11520K, reserved 1048576K
}
Event: 12.954 GC heap after
{Heap after GC invocations=21 (full 0):
 garbage-first heap   total 145408K, used 62974K [0x000000070b200000, 0x0000000800000000)
  region size 2048K, 3 young (6144K), 3 survivors (6144K)
 Metaspace       used 82055K, committed 83008K, reserved 1179648K
  class space    used 11075K, committed 11520K, reserved 1048576K
}

Dll operation events (13 events):
Event: 0.006 Loaded shared library C:\Program Files\Java\jdk-21\bin\java.dll
Event: 0.030 Loaded shared library C:\Program Files\Java\jdk-21\bin\jsvml.dll
Event: 0.110 Loaded shared library C:\Program Files\Java\jdk-21\bin\zip.dll
Event: 0.112 Loaded shared library C:\Program Files\Java\jdk-21\bin\instrument.dll
Event: 0.115 Loaded shared library C:\Program Files\Java\jdk-21\bin\net.dll
Event: 0.116 Loaded shared library C:\Program Files\Java\jdk-21\bin\nio.dll
Event: 0.118 Loaded shared library C:\Program Files\Java\jdk-21\bin\zip.dll
Event: 0.194 Loaded shared library C:\Program Files\JetBrains\IntelliJ IDEA Community Edition 2024.2.3\bin\breakgen64.dll
Event: 0.200 Loaded shared library C:\Program Files\Java\jdk-21\bin\extnet.dll
Event: 0.232 Loaded shared library C:\Program Files\Java\jdk-21\bin\jimage.dll
Event: 0.632 Loaded shared library C:\Program Files\Java\jdk-21\bin\management.dll
Event: 0.634 Loaded shared library C:\Program Files\Java\jdk-21\bin\management_ext.dll
Event: 3.398 Loaded shared library C:\Program Files\Java\jdk-21\bin\sunmscapi.dll

Deoptimization events (20 events):
Event: 13.245 Thread 0x000001959b005e10 Uncommon trap: trap_request=0xffffffc6 fr.pc=0x000001954655c02c relative=0x000000000000022c
Event: 13.245 Thread 0x000001959b005e10 Uncommon trap: reason=bimorphic_or_optimized_type_check action=maybe_recompile pc=0x000001954655c02c method=org.aspectj.weaver.ArrayReferenceType.isPrimitiveArray()Z @ 4 c2
Event: 13.245 Thread 0x000001959b005e10 DEOPT PACKING pc=0x000001954655c02c sp=0x0000008cf1bfda70
Event: 13.245 Thread 0x000001959b005e10 DEOPT UNPACKING pc=0x0000019545df46a2 sp=0x0000008cf1bfd9a0 mode 2
Event: 13.248 Thread 0x000001959b005e10 Uncommon trap: trap_request=0xffffffc6 fr.pc=0x000001954655c02c relative=0x000000000000022c
Event: 13.248 Thread 0x000001959b005e10 Uncommon trap: reason=bimorphic_or_optimized_type_check action=maybe_recompile pc=0x000001954655c02c method=org.aspectj.weaver.ArrayReferenceType.isPrimitiveArray()Z @ 4 c2
Event: 13.248 Thread 0x000001959b005e10 DEOPT PACKING pc=0x000001954655c02c sp=0x0000008cf1bfda70
Event: 13.248 Thread 0x000001959b005e10 DEOPT UNPACKING pc=0x0000019545df46a2 sp=0x0000008cf1bfd9a0 mode 2
Event: 13.249 Thread 0x000001959b005e10 Uncommon trap: trap_request=0xffffffc6 fr.pc=0x000001954655c02c relative=0x000000000000022c
Event: 13.249 Thread 0x000001959b005e10 Uncommon trap: reason=bimorphic_or_optimized_type_check action=maybe_recompile pc=0x000001954655c02c method=org.aspectj.weaver.ArrayReferenceType.isPrimitiveArray()Z @ 4 c2
Event: 13.249 Thread 0x000001959b005e10 DEOPT PACKING pc=0x000001954655c02c sp=0x0000008cf1bfda70
Event: 13.249 Thread 0x000001959b005e10 DEOPT UNPACKING pc=0x0000019545df46a2 sp=0x0000008cf1bfd9a0 mode 2
Event: 13.251 Thread 0x000001959b005e10 Uncommon trap: trap_request=0xffffffc6 fr.pc=0x000001954655c02c relative=0x000000000000022c
Event: 13.251 Thread 0x000001959b005e10 Uncommon trap: reason=bimorphic_or_optimized_type_check action=maybe_recompile pc=0x000001954655c02c method=org.aspectj.weaver.ArrayReferenceType.isPrimitiveArray()Z @ 4 c2
Event: 13.251 Thread 0x000001959b005e10 DEOPT PACKING pc=0x000001954655c02c sp=0x0000008cf1bfda70
Event: 13.251 Thread 0x000001959b005e10 DEOPT UNPACKING pc=0x0000019545df46a2 sp=0x0000008cf1bfd9a0 mode 2
Event: 13.356 Thread 0x000001959b005e10 Uncommon trap: trap_request=0xffffff45 fr.pc=0x0000019546b8d380 relative=0x0000000000000a40
Event: 13.356 Thread 0x000001959b005e10 Uncommon trap: reason=unstable_if action=reinterpret pc=0x0000019546b8d380 method=org.springframework.beans.factory.annotation.InitDestroyAnnotationBeanPostProcessor.lambda$buildLifecycleMetadata$1(Ljava/util/List;Ljava/lang/Class;Ljava/util/List;Ljava/la
Event: 13.356 Thread 0x000001959b005e10 DEOPT PACKING pc=0x0000019546b8d380 sp=0x0000008cf1bfe0a0
Event: 13.356 Thread 0x000001959b005e10 DEOPT UNPACKING pc=0x0000019545df46a2 sp=0x0000008cf1bfe078 mode 2

Classes loaded (20 events):
Event: 12.988 Loading class java/lang/management/ThreadMXBean
Event: 12.988 Loading class java/lang/management/ThreadMXBean done
Event: 12.988 Loading class java/lang/management/ThreadInfo
Event: 12.988 Loading class java/lang/management/ThreadInfo done
Event: 13.003 Loading class java/lang/management/OperatingSystemMXBean
Event: 13.003 Loading class java/lang/management/OperatingSystemMXBean done
Event: 13.003 Loading class com/sun/management/internal/OperatingSystemImpl
Event: 13.004 Loading class com/sun/management/OperatingSystemMXBean
Event: 13.004 Loading class com/sun/management/OperatingSystemMXBean done
Event: 13.004 Loading class sun/management/BaseOperatingSystemImpl
Event: 13.004 Loading class sun/management/BaseOperatingSystemImpl done
Event: 13.004 Loading class com/sun/management/internal/OperatingSystemImpl done
Event: 13.007 Loading class com/sun/management/UnixOperatingSystemMXBean
Event: 13.007 Loading class com/sun/management/UnixOperatingSystemMXBean done
Event: 13.043 Loading class java/util/concurrent/ThreadPerTaskExecutor
Event: 13.044 Loading class java/util/concurrent/ThreadPerTaskExecutor done
Event: 13.096 Loading class java/util/concurrent/atomic/AtomicIntegerArray
Event: 13.097 Loading class java/util/concurrent/atomic/AtomicIntegerArray done
Event: 13.121 Loading class javax/net/ssl/HostnameVerifier
Event: 13.121 Loading class javax/net/ssl/HostnameVerifier done

Classes unloaded (0 events):
No events

Classes redefined (0 events):
No events

Internal exceptions (20 events):
Event: 9.478 Thread 0x000001959b005e10 Exception <a 'java/net/BindException'{0x0000000711dc88f8}: Address already in use: bind> (0x0000000711dc88f8) 
thrown [s\open\src\hotspot\share\prims\jni.cpp, line 539]
Event: 9.494 Thread 0x000001959b005e10 Exception <a 'java/lang/NoSuchMethodError'{0x0000000711bbd2b8}: 'void java.lang.invoke.Invokers$Holder.invokeExact_MT(java.lang.Object, java.lang.Object, int, java.lang.Object)'> (0x0000000711bbd2b8) 
thrown [s\open\src\hotspot\share\interpreter\linkResolver.cpp, line 773]
Event: 10.582 Thread 0x000001959b005e10 Exception <a 'java/lang/NoSuchMethodError'{0x00000007114e7430}: 'void java.lang.invoke.DirectMethodHandle$Holder.invokeStatic(java.lang.Object, java.lang.Object, java.lang.Object, int)'> (0x00000007114e7430) 
thrown [s\open\src\hotspot\share\interpreter\linkResolver.cpp, line 773]
Event: 10.673 Thread 0x000001959b005e10 Exception <a 'java/lang/IncompatibleClassChangeError'{0x0000000710f671a8}: Found class java.lang.Object, but interface was expected> (0x0000000710f671a8) 
thrown [s\open\src\hotspot\share\interpreter\linkResolver.cpp, line 840]
Event: 10.697 Thread 0x000001959b005e10 Implicit null exception at 0x000001954673c3ba to 0x000001954673c808
Event: 11.387 Thread 0x000001959b005e10 Exception <a 'java/lang/IncompatibleClassChangeError'{0x000000071214f960}: Found class java.lang.Object, but interface was expected> (0x000000071214f960) 
thrown [s\open\src\hotspot\share\interpreter\linkResolver.cpp, line 840]
Event: 11.437 Thread 0x000001959b005e10 Exception <a 'java/lang/NoSuchMethodError'{0x0000000711d94e20}: 'java.lang.Object java.lang.invoke.DirectMethodHandle$Holder.invokeVirtual(java.lang.Object, java.lang.Object, java.lang.Object, java.lang.Object, java.lang.Object, java.lang.Object, java.lang.Object, java.lang.Object, java.lang.Object)'> (0x0000000711d94e20) 
thrown [s\open\src\hotspot\share\interpreter\linkResolver.cpp, line 773]
Event: 11.465 Thread 0x000001959b005e10 Exception <a 'java/lang/NoSuchMethodError'{0x0000000711bdd450}: 'java.lang.Object java.lang.invoke.DirectMethodHandle$Holder.newInvokeSpecial(java.lang.Object, java.lang.Object, java.lang.Object, java.lang.Object, java.lang.Object, java.lang.Object, java.lang.Object, java.lang.Object, java.lang.Object)'> (0x0000000711bdd450) 
thrown [s\open\src\hotspot\share\interpreter\linkResolver.cpp, line 773]
Event: 11.484 Thread 0x000001959b005e10 Exception <a 'java/lang/NoSuchMethodError'{0x00000007119bafd0}: 'int java.lang.invoke.DirectMethodHandle$Holder.invokeStatic(java.lang.Object, java.lang.Object, java.lang.Object, java.lang.Object, java.lang.Object)'> (0x00000007119bafd0) 
thrown [s\open\src\hotspot\share\interpreter\linkResolver.cpp, line 773]
Event: 12.007 Thread 0x000001959b005e10 Exception <a 'java/lang/NoSuchMethodError'{0x000000071237dd08}: 'java.lang.Object java.lang.invoke.DirectMethodHandle$Holder.invokeInterface(java.lang.Object, java.lang.Object, java.lang.Object, java.lang.Object)'> (0x000000071237dd08) 
thrown [s\open\src\hotspot\share\interpreter\linkResolver.cpp, line 773]
Event: 12.191 Thread 0x000001959b005e10 Exception <a 'java/lang/NoSuchMethodError'{0x0000000711071508}: 'int java.lang.invoke.DirectMethodHandle$Holder.invokeStaticInit(java.lang.Object, java.lang.Object, java.lang.Object, java.lang.Object)'> (0x0000000711071508) 
thrown [s\open\src\hotspot\share\interpreter\linkResolver.cpp, line 773]
Event: 12.204 Thread 0x000001959b005e10 Implicit null exception at 0x0000019546cae853 to 0x0000019546caf6e0
Event: 12.350 Thread 0x000001959b005e10 Exception <a 'java/lang/IncompatibleClassChangeError'{0x00000007101f7e18}: Found class java.lang.Object, but interface was expected> (0x00000007101f7e18) 
thrown [s\open\src\hotspot\share\interpreter\linkResolver.cpp, line 840]
Event: 12.579 Thread 0x000001959b005e10 Exception <a 'java/lang/IncompatibleClassChangeError'{0x0000000712f437c8}: Found class java.lang.Object, but interface was expected> (0x0000000712f437c8) 
thrown [s\open\src\hotspot\share\interpreter\linkResolver.cpp, line 840]
Event: 12.588 Thread 0x000001959b005e10 Exception <a 'java/lang/NoSuchMethodError'{0x0000000712ca1418}: 'java.lang.Object java.lang.invoke.DirectMethodHandle$Holder.invokeVirtual(java.lang.Object, java.lang.Object, java.lang.Object, java.lang.Object, java.lang.Object, java.lang.Object, java.lang.Object, java.lang.Object)'> (0x0000000712ca1418) 
thrown [s\open\src\hotspot\share\interpreter\linkResolver.cpp, line 773]
Event: 12.794 Thread 0x000001959b005e10 Exception <a 'java/lang/NoSuchMethodError'{0x0000000711945540}: 'java.lang.Object java.lang.invoke.DirectMethodHandle$Holder.invokeVirtual(java.lang.Object, java.lang.Object, java.lang.Object, java.lang.Object, java.lang.Object, java.lang.Object, java.lang.Object, java.lang.Object, java.lang.Object, java.lang.Object)'> (0x0000000711945540) 
thrown [s\open\src\hotspot\share\interpreter\linkResolver.cpp, line 773]
Event: 12.906 Thread 0x000001959b005e10 Exception <a 'java/lang/IncompatibleClassChangeError'{0x000000071093d908}: Found class java.lang.Object, but interface was expected> (0x000000071093d908) 
thrown [s\open\src\hotspot\share\interpreter\linkResolver.cpp, line 840]
Event: 13.049 Thread 0x000001959b005e10 Exception <a 'java/lang/NoSuchMethodError'{0x00000007135eaa88}: 'double java.lang.invoke.DirectMethodHandle$Holder.invokeStatic(java.lang.Object, java.lang.Object)'> (0x00000007135eaa88) 
thrown [s\open\src\hotspot\share\interpreter\linkResolver.cpp, line 773]
Event: 13.136 Thread 0x000001959b005e10 Exception <a 'java/lang/NoSuchMethodError'{0x0000000712906bd0}: 'java.lang.Object java.lang.invoke.Invokers$Holder.invoke_MT(java.lang.Object, java.lang.Object, java.lang.Object, java.lang.Object, java.lang.Object, java.lang.Object, java.lang.Object, java.lang.Object, java.lang.Object, java.lang.Object, java.lang.Object)'> (0x0000000712906bd0) 
thrown [s\open\src\hotspot\share\interpreter\linkResolver.cpp, line 773]
Event: 13.212 Thread 0x000001959b005e10 Implicit null exception at 0x0000019546759b42 to 0x0000019546759bb8

ZGC Phase Switch (0 events):
No events

VM Operations (20 events):
Event: 11.575 Executing VM operation: HandshakeAllThreads (Deoptimize)
Event: 11.575 Executing VM operation: HandshakeAllThreads (Deoptimize) done
Event: 11.646 Executing VM operation: HandshakeAllThreads (Deoptimize)
Event: 11.646 Executing VM operation: HandshakeAllThreads (Deoptimize) done
Event: 11.714 Executing VM operation: G1CollectForAllocation (G1 Evacuation Pause)
Event: 11.719 Executing VM operation: G1CollectForAllocation (G1 Evacuation Pause) done
Event: 11.732 Executing VM operation: HandshakeAllThreads (Deoptimize)
Event: 11.732 Executing VM operation: HandshakeAllThreads (Deoptimize) done
Event: 12.161 Executing VM operation: HandshakeAllThreads (Deoptimize)
Event: 12.161 Executing VM operation: HandshakeAllThreads (Deoptimize) done
Event: 12.350 Executing VM operation: G1CollectForAllocation (G1 Evacuation Pause)
Event: 12.356 Executing VM operation: G1CollectForAllocation (G1 Evacuation Pause) done
Event: 12.390 Executing VM operation: G1PauseRemark
Event: 12.402 Executing VM operation: G1PauseRemark done
Event: 12.413 Executing VM operation: G1PauseCleanup
Event: 12.413 Executing VM operation: G1PauseCleanup done
Event: 12.949 Executing VM operation: G1CollectForAllocation (G1 Evacuation Pause)
Event: 12.954 Executing VM operation: G1CollectForAllocation (G1 Evacuation Pause) done
Event: 13.955 Executing VM operation: Cleanup
Event: 13.955 Executing VM operation: Cleanup done

Events (20 events):
Event: 12.400 Thread 0x00000195555c26f0 flushing nmethod 0x000001953ee66510
Event: 12.400 Thread 0x00000195555c26f0 flushing nmethod 0x000001953ee66c10
Event: 12.400 Thread 0x00000195555c26f0 flushing nmethod 0x000001953ee67290
Event: 12.400 Thread 0x00000195555c26f0 flushing nmethod 0x000001953ee67990
Event: 12.400 Thread 0x00000195555c26f0 flushing nmethod 0x000001953ee68110
Event: 12.400 Thread 0x00000195555c26f0 flushing nmethod 0x000001953ee7c290
Event: 12.400 Thread 0x00000195555c26f0 flushing nmethod 0x000001953eecc610
Event: 12.400 Thread 0x00000195555c26f0 flushing nmethod 0x000001953eeed390
Event: 12.400 Thread 0x00000195555c26f0 flushing nmethod 0x000001953f2ba190
Event: 12.400 Thread 0x00000195555c26f0 flushing nmethod 0x000001953f2ea610
Event: 12.400 Thread 0x00000195555c26f0 flushing nmethod 0x000001953f3fae10
Event: 12.400 Thread 0x00000195555c26f0 flushing nmethod 0x000001953f3fc290
Event: 12.400 Thread 0x00000195555c26f0 flushing nmethod 0x000001953f558610
Event: 12.400 Thread 0x00000195555c26f0 flushing nmethod 0x000001953f594a90
Event: 12.400 Thread 0x00000195555c26f0 flushing nmethod 0x000001953f594e90
Event: 12.832 Thread 0x000001959b02f090 Thread exited: 0x000001959b02f090
Event: 13.339 Thread 0x000001959eb319f0 Thread added: 0x000001959eb319f0
Event: 13.376 Thread 0x000001959b02e2f0 Thread exited: 0x000001959b02e2f0
Event: 13.398 Thread 0x000001959eb32080 Thread added: 0x000001959eb32080
Event: 13.661 Thread 0x000001959c6df3d0 Thread exited: 0x000001959c6df3d0


Dynamic libraries:
0x00007ff67a270000 - 0x00007ff67a280000 	C:\Program Files\Java\jdk-21\bin\java.exe
0x00007ff9b3b20000 - 0x00007ff9b3d86000 	C:\WINDOWS\SYSTEM32\ntdll.dll
0x00007ff9b25f0000 - 0x00007ff9b26b9000 	C:\WINDOWS\System32\KERNEL32.DLL
0x00007ff9b0db0000 - 0x00007ff9b11aa000 	C:\WINDOWS\System32\KERNELBASE.dll
0x00007ff9b16b0000 - 0x00007ff9b17fc000 	C:\WINDOWS\System32\ucrtbase.dll
0x00007ff99ed30000 - 0x00007ff99ed4b000 	C:\Program Files\Java\jdk-21\bin\VCRUNTIME140.dll
0x00007ff99fed0000 - 0x00007ff99fee9000 	C:\Program Files\Java\jdk-21\bin\jli.dll
0x00007ff9b2030000 - 0x00007ff9b20e6000 	C:\WINDOWS\System32\ADVAPI32.dll
0x00007ff9b2740000 - 0x00007ff9b27e9000 	C:\WINDOWS\System32\msvcrt.dll
0x00007ff9b2910000 - 0x00007ff9b29ba000 	C:\WINDOWS\System32\sechost.dll
0x00007ff9b3880000 - 0x00007ff9b3998000 	C:\WINDOWS\System32\RPCRT4.dll
0x00007ff9b1890000 - 0x00007ff9b1a57000 	C:\WINDOWS\System32\USER32.dll
0x00007ff996890000 - 0x00007ff996b22000 	C:\WINDOWS\WinSxS\amd64_microsoft.windows.common-controls_6595b64144ccf1df_6.0.26100.8521_none_3e08b75ce33403b3\COMCTL32.dll
0x00007ff9b11b0000 - 0x00007ff9b11d7000 	C:\WINDOWS\System32\win32u.dll
0x00007ff9b21d0000 - 0x00007ff9b21fb000 	C:\WINDOWS\System32\GDI32.dll
0x00007ff9b1350000 - 0x00007ff9b147b000 	C:\WINDOWS\System32\gdi32full.dll
0x00007ff9a7cd0000 - 0x00007ff9a7cdb000 	C:\WINDOWS\SYSTEM32\VERSION.dll
0x00007ff9b12a0000 - 0x00007ff9b1343000 	C:\WINDOWS\System32\msvcp_win.dll
0x00007ff9b3aa0000 - 0x00007ff9b3ad2000 	C:\WINDOWS\System32\IMM32.DLL
0x00007ff9aac40000 - 0x00007ff9aac4c000 	C:\Program Files\Java\jdk-21\bin\vcruntime140_1.dll
0x00007ff98d2d0000 - 0x00007ff98d35e000 	C:\Program Files\Java\jdk-21\bin\msvcp140.dll
0x00007ff924650000 - 0x00007ff92536a000 	C:\Program Files\Java\jdk-21\bin\server\jvm.dll
0x00007ff9b29c0000 - 0x00007ff9b2a40000 	C:\WINDOWS\System32\WS2_32.dll
0x00007ff9b0c30000 - 0x00007ff9b0c8e000 	C:\WINDOWS\SYSTEM32\POWRPROF.dll
0x00007ff9a7b50000 - 0x00007ff9a7b86000 	C:\WINDOWS\SYSTEM32\WINMM.dll
0x00007ff9b0c10000 - 0x00007ff9b0c24000 	C:\WINDOWS\SYSTEM32\UMPDC.dll
0x00007ff9afaa0000 - 0x00007ff9afabb000 	C:\WINDOWS\SYSTEM32\kernel.appcore.dll
0x00007ff99e3c0000 - 0x00007ff99e3ca000 	C:\Program Files\Java\jdk-21\bin\jimage.dll
0x00007ff9a99f0000 - 0x00007ff9a9c32000 	C:\WINDOWS\SYSTEM32\DBGHELP.DLL
0x00007ff9b3210000 - 0x00007ff9b3593000 	C:\WINDOWS\System32\combase.dll
0x00007ff9b20f0000 - 0x00007ff9b21c9000 	C:\WINDOWS\System32\OLEAUT32.dll
0x00007ff9982f0000 - 0x00007ff99832b000 	C:\WINDOWS\SYSTEM32\dbgcore.DLL
0x00007ff9b1480000 - 0x00007ff9b1528000 	C:\WINDOWS\System32\bcryptPrimitives.dll
0x00007ff9ad240000 - 0x00007ff9ad24f000 	C:\Program Files\Java\jdk-21\bin\instrument.dll
0x00007ff99bdf0000 - 0x00007ff99be0f000 	C:\Program Files\Java\jdk-21\bin\java.dll
0x00007ff9b2a50000 - 0x00007ff9b31d4000 	C:\WINDOWS\System32\SHELL32.dll
0x00007ff9ae950000 - 0x00007ff9af1d0000 	C:\WINDOWS\SYSTEM32\windows.storage.dll
0x00007ff9b3780000 - 0x00007ff9b3876000 	C:\WINDOWS\System32\SHCORE.dll
0x00007ff9b39a0000 - 0x00007ff9b3a07000 	C:\WINDOWS\System32\shlwapi.dll
0x00007ff9b0cd0000 - 0x00007ff9b0cf9000 	C:\WINDOWS\SYSTEM32\profapi.dll
0x00007ff98d1f0000 - 0x00007ff98d2c7000 	C:\Program Files\Java\jdk-21\bin\jsvml.dll
0x00007ff997b20000 - 0x00007ff997b38000 	C:\Program Files\Java\jdk-21\bin\zip.dll
0x00007ff99e370000 - 0x00007ff99e380000 	C:\Program Files\Java\jdk-21\bin\net.dll
0x00007ff9a9120000 - 0x00007ff9a9249000 	C:\WINDOWS\SYSTEM32\WINHTTP.dll
0x00007ff9b0050000 - 0x00007ff9b00bc000 	C:\WINDOWS\system32\mswsock.dll
0x00007ff9983b0000 - 0x00007ff9983c6000 	C:\Program Files\Java\jdk-21\bin\nio.dll
0x00007ff9ad220000 - 0x00007ff9ad23a000 	C:\Program Files\JetBrains\IntelliJ IDEA Community Edition 2024.2.3\bin\breakgen64.dll
0x00007ff99c420000 - 0x00007ff99c429000 	C:\Program Files\Java\jdk-21\bin\extnet.dll
0x00007ff99da60000 - 0x00007ff99da6a000 	C:\Program Files\Java\jdk-21\bin\management.dll
0x00007ff99d9e0000 - 0x00007ff99d9eb000 	C:\Program Files\Java\jdk-21\bin\management_ext.dll
0x00007ff9b2800000 - 0x00007ff9b2808000 	C:\WINDOWS\System32\PSAPI.DLL
0x00007ff9af570000 - 0x00007ff9af6ba000 	C:\WINDOWS\SYSTEM32\DNSAPI.dll
0x00007ff9afe70000 - 0x00007ff9afe7d000 	C:\WINDOWS\SYSTEM32\DSPARSE.dll
0x00007ff9af4e0000 - 0x00007ff9af513000 	C:\WINDOWS\SYSTEM32\IPHLPAPI.DLL
0x00007ff9b27f0000 - 0x00007ff9b27fa000 	C:\WINDOWS\System32\NSI.dll
0x00007ff9a7e20000 - 0x00007ff9a7e2b000 	C:\Windows\System32\rasadhlp.dll
0x00007ff9a8820000 - 0x00007ff9a88a6000 	C:\WINDOWS\System32\fwpuclnt.dll
0x00007ff998590000 - 0x00007ff99859e000 	C:\Program Files\Java\jdk-21\bin\sunmscapi.dll
0x00007ff9b1530000 - 0x00007ff9b16a8000 	C:\WINDOWS\System32\CRYPT32.dll
0x00007ff9b0590000 - 0x00007ff9b05c0000 	C:\WINDOWS\SYSTEM32\ncrypt.dll
0x00007ff9b0540000 - 0x00007ff9b057f000 	C:\WINDOWS\SYSTEM32\NTASN1.dll
0x00007ff9b0450000 - 0x00007ff9b046b000 	C:\WINDOWS\SYSTEM32\CRYPTSP.dll
0x00007ff9afa60000 - 0x00007ff9afa99000 	C:\WINDOWS\system32\rsaenh.dll
0x00007ff9b0100000 - 0x00007ff9b0133000 	C:\WINDOWS\SYSTEM32\USERENV.dll
0x00007ff9b0ca0000 - 0x00007ff9b0cca000 	C:\WINDOWS\SYSTEM32\bcrypt.dll
0x00007ff9b02b0000 - 0x00007ff9b02bc000 	C:\WINDOWS\SYSTEM32\CRYPTBASE.dll

dbghelp: loaded successfully - version: 4.0.5 - missing functions: none
symbol engine: initialized successfully - sym options: 0x614 - pdb path: .;C:\Program Files\Java\jdk-21\bin;C:\WINDOWS\SYSTEM32;C:\WINDOWS\WinSxS\amd64_microsoft.windows.common-controls_6595b64144ccf1df_6.0.26100.8521_none_3e08b75ce33403b3;C:\Program Files\Java\jdk-21\bin\server;C:\Program Files\JetBrains\IntelliJ IDEA Community Edition 2024.2.3\bin

VM Arguments:
jvm_args: -javaagent:C:\Program Files\JetBrains\IntelliJ IDEA Community Edition 2024.2.3\lib\idea_rt.jar=62044:C:\Program Files\JetBrains\IntelliJ IDEA Community Edition 2024.2.3\bin -Dfile.encoding=UTF-8 -Dsun.stdout.encoding=UTF-8 -Dsun.stderr.encoding=UTF-8 
java_command: com.product_service.product_service.ProductServiceApplication
java_class_path (initial): C:\Users\hugo_\IdeaProjects_JAVA_TODO\PORTAFOLIO_Proyecto_3\product-service\target\classes;C:\Users\hugo_\.m2\repository\org\springframework\boot\spring-boot-starter-actuator\3.5.7\spring-boot-starter-actuator-3.5.7.jar;C:\Users\hugo_\.m2\repository\org\springframework\boot\spring-boot-starter\3.5.7\spring-boot-starter-3.5.7.jar;C:\Users\hugo_\.m2\repository\org\springframework\boot\spring-boot-starter-logging\3.5.7\spring-boot-starter-logging-3.5.7.jar;C:\Users\hugo_\.m2\repository\ch\qos\logback\logback-classic\1.5.20\logback-classic-1.5.20.jar;C:\Users\hugo_\.m2\repository\ch\qos\logback\logback-core\1.5.20\logback-core-1.5.20.jar;C:\Users\hugo_\.m2\repository\org\apache\logging\log4j\log4j-to-slf4j\2.24.3\log4j-to-slf4j-2.24.3.jar;C:\Users\hugo_\.m2\repository\org\apache\logging\log4j\log4j-api\2.24.3\log4j-api-2.24.3.jar;C:\Users\hugo_\.m2\repository\org\slf4j\jul-to-slf4j\2.0.17\jul-to-slf4j-2.0.17.jar;C:\Users\hugo_\.m2\repository\jakarta\annotation\jakarta.annotation-api\2.1.1\jakarta.annotation-api-2.1.1.jar;C:\Users\hugo_\.m2\repository\org\yaml\snakeyaml\2.4\snakeyaml-2.4.jar;C:\Users\hugo_\.m2\repository\org\springframework\boot\spring-boot-actuator-autoconfigure\3.5.7\spring-boot-actuator-autoconfigure-3.5.7.jar;C:\Users\hugo_\.m2\repository\org\springframework\boot\spring-boot-actuator\3.5.7\spring-boot-actuator-3.5.7.jar;C:\Users\hugo_\.m2\repository\com\fasterxml\jackson\datatype\jackson-datatype-jsr310\2.19.2\jackson-datatype-jsr310-2.19.2.jar;C:\Users\hugo_\.m2\repository\io\micrometer\micrometer-observation\1.15.5\micrometer-observation-1.15.5.jar;C:\Users\hugo_\.m2\repository\io\micrometer\micrometer-commons\1.15.5\micrometer-commons-1.15.5.jar;C:\Users\hugo_\.m2\repository\io\micrometer\micrometer-jakarta9\1.15.5\micrometer-jakarta9-1.15.5.jar;C:\Users\hugo_\.m2\repository\io\micrometer\micrometer-core\1.15.5\micrometer-core-1.15.5.jar;C:\Users\hugo_\.m2\repository\org\hdrhistogram\HdrHistogram\2.2.2\HdrHistogram-2.2.2.jar;C:\Users\hugo_\.m2\repository\org\latencyutils\LatencyUtils\2.0.3\LatencyUtils-2.0.3.jar;C:\Users\hugo_\.m2\repository\org\springframework\boot\spring-boot-starter-data-jpa\3.5.7\spring-boot-starter-data-jpa-3.5.7.jar;C:\Users\hugo_\.m2\repository\org\springframework\boot\spring-boot-starter-jdbc\3.5.7\spring-boot-starter-jdbc-3.5.7.jar;C:\Users\hugo_\.m2\repository\com\zaxxer\HikariCP\6.3.3\HikariCP-6.3.3.jar;C:\Users\hugo_\.m2\repository\org\springframework\spring-jdbc\6.2.12\spring-jdbc-6.2.12.jar;C:\Users\hugo_\.m2\repository\org\hibernate\orm\hibernate-core\6.6.33.Final\hibernate-core-6.6.33.Final.jar;C:\Users\hugo_\.m2\repository\jakarta\persistence\jakarta.persistence-api\3.1.0\jakarta.persistence-api-3.1.0.jar;C:\Users\hugo_\.m2\repository\jakarta\transaction\jakarta.transaction-api\2.0.1\jakarta.transaction-api-2.0.1.jar;C:\Users\hugo_\.m2\repository\org\jboss\logging\jboss-logging\3.6.1.Final\jboss-logging-3.6.1.Final.jar;C:\Users\hugo_\.m2\repository\org\hibernate\common\hibernate-commons-annotations\7.0.3.Final\hibernate-commons-annotations-7.0.3.Final.jar;C:\Users\hugo_\.m2\repository\io\smallrye\jandex\3.2.0\jandex-3.2.0.jar;C:\Users\hugo_\.m2\repository\com\fasterxml\classmate\1.7.1\classmate-1.7.1.jar;C:\Users\hugo_\.m2\repository\net\bytebuddy\byte-buddy\1.17.8\byte-buddy-1.17.8.jar;C:\Users\hugo_\.m2\repository\org\glassfish\jaxb\jaxb-runtime\4.0.6\jaxb-runtime-4.0.6.jar;C:\Users\hugo_\.m2\repository\org\glassfish\jaxb\jaxb-core\4.0.6\jaxb-core-4.0.6.jar;C:\Users\hugo_\.m2\repository\org\eclipse\angus\angus-activation\2.0.3\angus-activation-2.0.3.jar;C:\Users\hugo_\.m2\repository\org\glassfish\jaxb\txw2\4.0.6\txw2-4.0.6.jar;C:\Users\hugo_\.m2\repository\com\sun\istack\istack-commons-runtime\4.1.2\istack-commons-runtime-4.1.2.jar;C:\Users\hugo_\.m2\repository\jakarta\inject\jakarta.inject-api\2.0.1\jakarta.inject-api-2.0.1.jar;C:\Users\hugo_\.m2\repository\org\antlr\antlr4-runtime\4.13.0\antlr4-runtime-4.13.0.jar;C:\Users\hugo_\.m2\repository\org\springframework\data\spring-data-jpa\3.5.5\spring-data-jpa-3.5.5.jar;C:\Users\hugo_\.m2\repository\org\springframework\data\spring-data-commons\3.5.5\spring-data-commons-3.5.5.jar;C:\Users\hugo_\.m2\repository\org\springframework\spring-orm\6.2.12\spring-orm-6.2.12.jar;C:\Users\hugo_\.m2\repository\org\springframework\spring-context\6.2.12\spring-context-6.2.12.jar;C:\Users\hugo_\.m2\repository\org\springframework\spring-tx\6.2.12\spring-tx-6.2.12.jar;C:\Users\hugo_\.m2\repository\org\springframework\spring-beans\6.2.12\spring-beans-6.2.12.jar;C:\Users\hugo_\.m2\repository\org\slf4j\slf4j-api\2.0.17\slf4j-api-2.0.17.jar;C:\Users\hugo_\.m2\repository\org\springframework\spring-aspects\6.2.12\spring-aspects-6.2.12.jar;C:\Users\hugo_\.m2\repository\org\aspectj\aspectjweaver\1.9.24\aspectjweaver-1.9.24.jar;C:\Users\hugo_\.m2\repository\org\springframework\boot\spring-boot-starter-security\3.5.7\spring-boot-starter-security-3.5.7.jar;C:\Users\hugo_\.m2\repository\org\springframework\spring-aop\6.2.12\spring-aop-6.2.12.jar;C:\Users\hugo_\.m2\repository\org\springframework\security\spring-security-config\6.5.6\spring-security-config-6.5.6.jar;C:\Users\hugo_\.m2\repository\org\springframework\security\spring-security-web\6.5.6\spring-security-web-6.5.6.jar;C:\Users\hugo_\.m2\repository\org\springframework\spring-expression\6.2.12\spring-expression-6.2.12.jar;C:\Users\hugo_\.m2\repository\org\springframework\boot\spring-boot-starter-validation\3.5.7\spring-boot-starter-validation-3.5.7.jar;C:\Users\hugo_\.m2\repository\org\apache\tomcat\embed\tomcat-embed-el\10.1.48\tomcat-embed-el-10.1.48.jar;C:\Users\hugo_\.m2\repository\org\hibernate\validator\hibernate-validator\8.0.3.Final\hibernate-validator-8.0.3.Final.jar;C:\Users\hugo_\.m2\repository\jakarta\validation\jakarta.validation-api\3.0.2\jakarta.validation-api-3.0.2.jar;C:\Users\hugo_\.m2\repository\org\springframework\boot\spring-boot-starter-web\3.5.7\spring-boot-starter-web-3.5.7.jar;C:\Users\hugo_\.m2\repository\org\springframework\boot\spring-boot-starter-json\3.5.7\spring-boot-starter-json-3.5.7.jar;C:\Users\hugo_\.m2\repository\com\fasterxml\jackson\datatype\jackson-datatype-jdk8\2.19.2\jackson-datatype-jdk8-2.19.2.jar;C:\Users\hugo_\.m2\repository\com\fasterxml\jackson\module\jackson-module-parameter-names\2.19.2\jackson-module-parameter-names-2.19.2.jar;C:\Users\hugo_\.m2\repository\org\springframework\boot\spring-boot-starter-tomcat\3.5.7\spring-boot-starter-tomcat-3.5.7.jar;C:\Users\hugo_\.m2\repository\org\apache\tomcat\embed\tomcat-embed-core\10.1.48\tomcat-embed-core-10.1.48.jar;C:\Users\hugo_\.m2\repository\org\apache\tomcat\embed\tomcat-embed-websocket\10.1.48\tomcat-embed-websocket-10.1.48.jar;C:\Users\hugo_\.m2\repository\org\springframework\spring-web\6.2.12\spring-web-6.2.12.jar;C:\Users\hugo_\.m2\repository\org\springframework\spring-webmvc\6.2.12\spring-webmvc-6.2.12.jar;C:\Users\hugo_\.m2\repository\org\springframework\cloud\spring-cloud-starter-circuitbreaker-resilience4j\3.3.0\spring-cloud-starter-circuitbreaker-resilience4j-3.3.0.jar;C:\Users\hugo_\.m2\repository\org\springframework\cloud\spring-cloud-starter\4.3.0\spring-cloud-starter-4.3.0.jar;C:\Users\hugo_\.m2\repository\org\springframework\cloud\spring-cloud-context\4.3.0\spring-cloud-context-4.3.0.jar;C:\Users\hugo_\.m2\repository\org\bouncycastle\bcprov-jdk18on\1.80\bcprov-jdk18on-1.80.jar;C:\Users\hugo_\.m2\repository\org\springframework\cloud\spring-cloud-circuitbreaker-resilience4j\3.3.0\spring-cloud-circuitbreaker-resilience4j-3.3.0.jar;C:\Users\hugo_\.m2\repository\io\github\resilience4j\resilience4j-spring-boot3\2.2.0\resilience4j-spring-boot3-2.2.0.jar;C:\Users\hugo_\.m2\repository\io\github\resilience4j\resilience4j-spring6\2.2.0\resilience4j-spring6-2.2.0.jar;C:\Users\hugo_\.m2\repository\io\github\resilience4j\resilience4j-annotations\2.2.0\resilience4j-annotations-2.2.0.jar;C:\Users\hugo_\.m2\repository\io\github\resilience4j\resilience4j-consumer\2.2.0\resilience4j-consumer-2.2.0.jar;C:\Users\hugo_\.m2\repository\io\github\resilience4j\resilience4j-circularbuffer\2.2.0\resilience4j-circularbuffer-2.2.0.jar;C:\Users\hugo_\.m2\repository\io\github\resilience4j\resilience4j-framework-common\2.2.0\resilience4j-framework-common-2.2.0.jar;C:\Users\hugo_\.m2\repository\io\github\resilience4j\resilience4j-micrometer\2.2.0\resilience4j-micrometer-2.2.0.jar;C:\Users\hugo_\.m2\repository\io\github\resilience4j\resilience4j-retry\2.2.0\resilience4j-retry-2.2.0.jar;C:\Users\hugo_\.m2\repository\io\github\resilience4j\resilience4j-ratelimiter\2.2.0\resilience4j-ratelimiter-2.2.0.jar;C:\Users\hugo_\.m2\repository\org\springframework\boot\spring-boot-configuration-processor\3.5.7\spring-boot-configuration-processor-3.5.7.jar;C:\Users\hugo_\.m2\repository\io\github\resilience4j\resilience4j-circuitbreaker\2.2.0\resilience4j-circuitbreaker-2.2.0.jar;C:\Users\hugo_\.m2\repository\io\github\resilience4j\resilience4j-core\2.2.0\resilience4j-core-2.2.0.jar;C:\Users\hugo_\.m2\repository\io\github\resilience4j\resilience4j-timelimiter\2.2.0\resilience4j-timelimiter-2.2.0.jar;C:\Users\hugo_\.m2\repository\org\springframework\cloud\spring-cloud-starter-config\4.3.0\spring-cloud-starter-config-4.3.0.jar;C:\Users\hugo_\.m2\repository\org\springframework\cloud\spring-cloud-config-client\4.3.0\spring-cloud-config-client-4.3.0.jar;C:\Users\hugo_\.m2\repository\com\fasterxml\jackson\core\jackson-annotations\2.19.2\jackson-annotations-2.19.2.jar;C:\Users\hugo_\.m2\repository\org\apache\httpcomponents\client5\httpclient5\5.5.1\httpclient5-5.5.1.jar;C:\Users\hugo_\.m2\repository\org\apache\httpcomponents\core5\httpcore5\5.3.6\httpcore5-5.3.6.jar;C:\Users\hugo_\.m2\repository\org\apache\httpcomponents\core5\httpcore5-h2\5.3.6\httpcore5-h2-5.3.6.jar;C:\Users\hugo_\.m2\repository\com\fasterxml\jackson\core\jackson-databind\2.19.2\jackson-databind-2.19.2.jar;C:\Users\hugo_\.m2\repository\org\springframework\cloud\spring-cloud-starter-loadbalancer\4.3.0\spring-cloud-starter-loadbalancer-4.3.0.jar;C:\Users\hugo_\.m2\repository\org\springframework\cloud\spring-cloud-loadbalancer\4.3.0\spring-cloud-loadbalancer-4.3.0.jar;C:\Users\hugo_\.m2\repository\io\projectreactor\reactor-core\3.7.12\reactor-core-3.7.12.jar;C:\Users\hugo_\.m2\repository\org\reactivestreams\reactive-streams\1.0.4\reactive-streams-1.0.4.jar;C:\Users\hugo_\.m2\repository\io\projectreactor\addons\reactor-extra\3.5.4\reactor-extra-3.5.4.jar;C:\Users\hugo_\.m2\repository\org\springframework\boot\spring-boot-starter-cache\3.5.7\spring-boot-starter-cache-3.5.7.jar;C:\Users\hugo_\.m2\repository\org\springframework\spring-context-support\6.2.12\spring-context-support-6.2.12.jar;C:\Users\hugo_\.m2\repository\com\stoyanr\evictor\1.0.0\evictor-1.0.0.jar;C:\Users\hugo_\.m2\repository\org\springframework\cloud\spring-cloud-starter-netflix-eureka-client\4.3.0\spring-cloud-starter-netflix-eureka-client-4.3.0.jar;C:\Users\hugo_\.m2\repository\org\springframework\cloud\spring-cloud-netflix-eureka-client\4.3.0\spring-cloud-netflix-eureka-client-4.3.0.jar;C:\Users\hugo_\.m2\repository\com\netflix\eureka\eureka-client\2.0.4\eureka-client-2.0.4.jar;C:\Users\hugo_\.m2\repository\com\thoughtworks\xstream\xstream\1.4.20\xstream-1.4.20.jar;C:\Users\hugo_\.m2\repository\io\github\x-stream\mxparser\1.2.2\mxparser-1.2.2.jar;C:\Users\hugo_\.m2\repository\xmlpull\xmlpull\1.1.3.1\xmlpull-1.1.3.1.jar;C:\Users\hugo_\.m2\repository\jakarta\ws\rs\jakarta.ws.rs-api\3.1.0\jakarta.ws.rs-api-3.1.0.jar;C:\Users\hugo_\.m2\repository\com\netflix\spectator\spectator-api\1.7.3\spectator-api-1.7.3.jar;C:\Users\hugo_\.m2\repository\org\apache\httpcomponents\httpclient\4.5.3\httpclient-4.5.3.jar;C:\Users\hugo_\.m2\repository\org\apache\httpcomponents\httpcore\4.4.16\httpcore-4.4.16.jar;C:\Users\hugo_\.m2\repository\commons-codec\commons-codec\1.18.0\commons-codec-1.18.0.jar;C:\Users\hugo_\.m2\repository\commons-configuration\commons-configuration\1.10\commons-configuration-1.10.jar;C:\Users\hugo_\.m2\repository\commons-lang\commons-lang\2.6\commons-lang-2.6.jar;C:\Users\hugo_\.m2\repository\com\netflix\netflix-commons\netflix-eventbus\0.3.0\netflix-eventbus-0.3.0.jar;C:\Users\hugo_\.m2\repository\com\netflix\netflix-commons\netflix-infix\0.3.0\netflix-infix-0.3.0.jar;C:\Users\hugo_\.m2\repository\commons-jxpath\commons-jxpath\1.3\commons-jxpath-1.3.jar;C:\Users\hugo_\.m2\repository\joda-time\joda-time\2.3\joda-time-2.3.jar;C:\Users\hugo_\.m2\repository\org\antlr\antlr-runtime\3.4\antlr-runtime-3.4.jar;C:\Users\hugo_\.m2\repository\org\antlr\stringtemplate\3.2.1\stringtemplate-3.2.1.jar;C:\Users\hugo_\.m2\repository\antlr\antlr\2.7.7\antlr-2.7.7.jar;C:\Users\hugo_\.m2\repository\com\google\guava\guava\14.0.1\guava-14.0.1.jar;C:\Users\hugo_\.m2\repository\com\google\code\gson\gson\2.13.2\gson-2.13.2.jar;C:\Users\hugo_\.m2\repository\com\google\errorprone\error_prone_annotations\2.41.0\error_prone_annotations-2.41.0.jar;C:\Users\hugo_\.m2\repository\com\netflix\servo\servo-core\0.5.3\servo-core-0.5.3.jar;C:\Users\hugo_\.m2\repository\org\apache\commons\commons-math\2.2\commons-math-2.2.jar;C:\Users\hugo_\.m2\repository\javax\annotation\javax.annotation-api\1.2\javax.annotation-api-1.2.jar;C:\Users\hugo_\.m2\repository\org\codehaus\jettison\jettison\1.5.4\jettison-1.5.4.jar;C:\Users\hugo_\.m2\repository\org\springframework\cloud\spring-cloud-starter-openfeign\4.3.0\spring-cloud-starter-openfeign-4.3.0.jar;C:\Users\hugo_\.m2\repository\org\springframework\cloud\spring-cloud-openfeign-core\4.3.0\spring-cloud-openfeign-core-4.3.0.jar;C:\Users\hugo_\.m2\repository\io\github\openfeign\feign-form-spring\13.6\feign-form-spring-13.6.jar;C:\Users\hugo_\.m2\repository\org\apache\commons\commons-text\1.13.0\commons-text-1.13.0.jar;C:\Users\hugo_\.m2\repository\org\apache\commons\commons-lang3\3.17.0\commons-lang3-3.17.0.jar;C:\Users\hugo_\.m2\repository\io\github\openfeign\feign-form\13.6\feign-form-13.6.jar;C:\Users\hugo_\.m2\repository\commons-fileupload\commons-fileupload\1.5\commons-fileupload-1.5.jar;C:\Users\hugo_\.m2\repository\org\springframework\cloud\spring-cloud-commons\4.3.0\spring-cloud-commons-4.3.0.jar;C:\Users\hugo_\.m2\repository\org\springframework\security\spring-security-crypto\6.5.6\spring-security-crypto-6.5.6.jar;C:\Users\hugo_\.m2\repository\io\github\openfeign\feign-core\13.6\feign-core-13.6.jar;C:\Users\hugo_\.m2\repository\io\github\openfeign\feign-slf4j\13.6\feign-slf4j-13.6.jar;C:\Users\hugo_\.m2\repository\org\springframework\boot\spring-boot-devtools\3.5.7\spring-boot-devtools-3.5.7.jar;C:\Users\hugo_\.m2\repository\org\springframework\boot\spring-boot\3.5.7\spring-boot-3.5.7.jar;C:\Users\hugo_\.m2\repository\org\springframework\boot\spring-boot-autoconfigure\3.5.7\spring-boot-autoconfigure-3.5.7.jar;C:\Users\hugo_\.m2\repository\com\mysql\mysql-connector-j\9.4.0\mysql-connector-j-9.4.0.jar;C:\Users\hugo_\.m2\repository\org\projectlombok\lombok\1.18.42\lombok-1.18.42.jar;C:\Users\hugo_\.m2\repository\jakarta\xml\bind\jakarta.xml.bind-api\4.0.4\jakarta.xml.bind-api-4.0.4.jar;C:\Users\hugo_\.m2\repository\jakarta\activation\jakarta.activation-api\2.1.4\jakarta.activation-api-2.1.4.jar;C:\Users\hugo_\.m2\repository\org\springframework\spring-core\6.2.12\spring-core-6.2.12.jar;C:\Users\hugo_\.m2\repository\org\springframework\spring-jcl\6.2.12\spring-jcl-6.2.12.jar;C:\Users\hugo_\.m2\repository\org\springframework\security\spring-security-core\6.5.6\spring-security-core-6.5.6.jar;C:\Users\hugo_\.m2\repository\com\auth0\java-jwt\4.5.0\java-jwt-4.5.0.jar;C:\Users\hugo_\.m2\repository\com\fasterxml\jackson\core\jackson-core\2.19.2\jackson-core-2.19.2.jar;C:\Users\hugo_\.m2\repository\org\mapstruct\mapstruct\1.5.5.Final\mapstruct-1.5.5.Final.jar;C:\Users\hugo_\.m2\repository\org\springdoc\springdoc-openapi-starter-webmvc-ui\2.5.0\springdoc-openapi-starter-webmvc-ui-2.5.0.jar;C:\Users\hugo_\.m2\repository\org\springdoc\springdoc-openapi-starter-webmvc-api\2.5.0\springdoc-openapi-starter-webmvc-api-2.5.0.jar;C:\Users\hugo_\.m2\repository\org\springdoc\springdoc-openapi-starter-common\2.5.0\springdoc-openapi-starter-common-2.5.0.jar;C:\Users\hugo_\.m2\repository\io\swagger\core\v3\swagger-core-jakarta\2.2.21\swagger-core-jakarta-2.2.21.jar;C:\Users\hugo_\.m2\repository\io\swagger\core\v3\swagger-annotations-jakarta\2.2.21\swagger-annotations-jakarta-2.2.21.jar;C:\Users\hugo_\.m2\repository\io\swagger\core\v3\swagger-models-jakarta\2.2.21\swagger-models-jakarta-2.2.21.jar;C:\Users\hugo_\.m2\repository\com\fasterxml\jackson\dataformat\jackson-dataformat-yaml\2.19.2\jackson-dataformat-yaml-2.19.2.jar;C:\Users\hugo_\.m2\repository\org\webjars\swagger-ui\5.13.0\swagger-ui-5.13.0.jar
Launcher Type: SUN_STANDARD

[Global flags]
     intx CICompilerCount                          = 12                                        {product} {ergonomic}
     uint ConcGCThreads                            = 3                                         {product} {ergonomic}
     uint G1ConcRefinementThreads                  = 13                                        {product} {ergonomic}
   size_t G1HeapRegionSize                         = 2097152                                   {product} {ergonomic}
    uintx GCDrainStackTargetSize                   = 64                                        {product} {ergonomic}
   size_t InitialHeapSize                          = 257949696                                 {product} {ergonomic}
   size_t MarkStackSize                            = 4194304                                   {product} {ergonomic}
   size_t MaxHeapSize                              = 4108320768                                {product} {ergonomic}
   size_t MaxNewSize                               = 2464153600                                {product} {ergonomic}
   size_t MinHeapDeltaBytes                        = 2097152                                   {product} {ergonomic}
   size_t MinHeapSize                              = 8388608                                   {product} {ergonomic}
    uintx NonNMethodCodeHeapSize                   = 7602480                                {pd product} {ergonomic}
    uintx NonProfiledCodeHeapSize                  = 122027880                              {pd product} {ergonomic}
    uintx ProfiledCodeHeapSize                     = 122027880                              {pd product} {ergonomic}
    uintx ReservedCodeCacheSize                    = 251658240                              {pd product} {ergonomic}
     bool SegmentedCodeCache                       = true                                      {product} {ergonomic}
   size_t SoftMaxHeapSize                          = 4108320768                             {manageable} {ergonomic}
     bool UseCompressedOops                        = true                           {product lp64_product} {ergonomic}
     bool UseG1GC                                  = true                                      {product} {ergonomic}
     bool UseLargePagesIndividualAllocation        = false                                  {pd product} {ergonomic}

Logging:
Log output configuration:
 #0: stdout all=warning uptime,level,tags foldmultilines=false
 #1: stderr all=off uptime,level,tags foldmultilines=false

Environment Variables:
JAVA_HOME=C:\Program Files\Java\jdk-17
PATH=C:\Program Files\Common Files\Oracle\Java\javapath;C:\Program Files (x86)\Common Files\Oracle\Java\java8path;C:\Program Files (x86)\Common Files\Oracle\Java\javapath;C:\WINDOWS\system32;C:\WINDOWS;C:\WINDOWS\System32\Wbem;C:\WINDOWS\System32\WindowsPowerShell\v1.0\;C:\WINDOWS\System32\OpenSSH\;C:\Program Files\dotnet\;C:\Program Files (x86)\Microsoft SQL Server\160\Tools\Binn\;C:\Program Files\Microsoft SQL Server\160\Tools\Binn\;C:\Program Files\Microsoft SQL Server\Client SDK\ODBC\170\Tools\Binn\;C:\Program Files\Microsoft SQL Server\160\DTS\Binn\;C:\Program Files (x86)\Windows Kits\10\Windows Performance Toolkit\;C:\Program Files\Microsoft SQL Server\150\Tools\Binn\;C:\Program Files (x86)\Microsoft SQL Server\160\DTS\Binn\;C:\Program Files\Docker\Docker\resources\bin;C:\Program Files\Git\cmd;C:\Program Files\nodejs\;C:\Program Files\PuTTY\;C:\Users\hugo_\AppData\Local\Programs\Python\Python313\Scripts\;C:\Users\hugo_\AppData\Local\Programs\Python\Python313\;C:\Users\hugo_\AppData\Local\Programs\Python\Launcher\;C:\Users\hugo_\AppData\Local\Microsoft\WindowsApps;C:\Users\hugo_\AppData\Local\Programs\Microsoft VS Code\bin;C:\Users\hugo_\.dotnet\tools;C:\Program Files\Java\jdk-17\bin;C:\Users\hugo_\AppData\Roaming\npm;
USERNAME=hugo_
OS=Windows_NT
PROCESSOR_IDENTIFIER=AMD64 Family 25 Model 80 Stepping 0, AuthenticAMD
TMP=C:\Users\hugo_\AppData\Local\Temp
TEMP=C:\Users\hugo_\AppData\Local\Temp




Periodic native trim disabled

---------------  S Y S T E M  ---------------

OS:
 Windows 11 , 64 bit Build 26100 (10.0.26100.8521)
OS uptime: 0 days 8:15 hours
Hyper-V role detected

CPU: total 16 (initial active 16) (16 cores per cpu, 2 threads per core) family 25 model 80 stepping 0 microcode 0xa50000d, cx8, cmov, fxsr, ht, mmx, 3dnowpref, sse, sse2, sse3, ssse3, sse4a, sse4.1, sse4.2, popcnt, lzcnt, tsc, tscinvbit, avx, avx2, aes, erms, clmul, bmi1, bmi2, adx, sha, fma, vzeroupper, clflush, clflushopt, hv, rdtscp, rdpid, fsrm, f16c, cet_ss
Processor Information for all 16 processors :
  Max Mhz: 3801, Current Mhz: 3801, Mhz Limit: 3801

Memory: 4k page, system-wide physical 15664M (968M free)
TotalPageFile size 19760M (AvailPageFile size 5M)
current process WorkingSet (physical memory assigned to process): 424M, peak: 430M
current process commit charge ("private bytes"): 471M, peak: 477M

vm_info: Java HotSpot(TM) 64-Bit Server VM (21.0.6+8-LTS-188) for windows-amd64 JRE (21.0.6+8-LTS-188), built on 2024-12-03T10:50:54Z by "mach5one" with MS VC++ 17.6 (VS2022)

END.
