#
# There is insufficient memory for the Java Runtime Environment to continue.
# Native memory allocation (malloc) failed to allocate 1889024 bytes for Chunk::new
# Possible reasons:
#   The system is out of physical RAM or swap space
#   The process is running with CompressedOops enabled, and the Java Heap may be blocking the growth of the native heap
# Possible solutions:
#   Reduce memory load on the system
#   Increase physical memory or swap space
#   Check if swap backing store is full
#   Decrease Java heap size (-Xmx/-Xms)
#   Decrease number of Java threads
#   Decrease Java thread stack sizes (-Xss)
#   Set larger code cache with -XX:ReservedCodeCacheSize=
#   JVM is running with Zero Based Compressed Oops mode in which the Java heap is
#     placed in the first 32GB address space. The Java Heap base address is the
#     maximum limit for the native heap growth. Please use -XX:HeapBaseMinAddress
#     to set the Java Heap base and to place the Java Heap above 32GB virtual address.
# This output file may be truncated or incomplete.
#
#  Out of Memory Error (arena.cpp:168), pid=18880, tid=21408
#
# JRE version: Java(TM) SE Runtime Environment (21.0.6+8) (build 21.0.6+8-LTS-188)
# Java VM: Java HotSpot(TM) 64-Bit Server VM (21.0.6+8-LTS-188, mixed mode, sharing, tiered, compressed oops, compressed class ptrs, g1 gc, windows-amd64)
# No core dump will be written. Minidumps are not enabled by default on client versions of Windows
#

---------------  S U M M A R Y ------------

Command Line: -javaagent:C:\Program Files\JetBrains\IntelliJ IDEA Community Edition 2024.2.3\lib\idea_rt.jar=62117:C:\Program Files\JetBrains\IntelliJ IDEA Community Edition 2024.2.3\bin -Dfile.encoding=UTF-8 -Dsun.stdout.encoding=UTF-8 -Dsun.stderr.encoding=UTF-8 com.stock_service.stock_service.StockServiceApplication

Host: AMD Ryzen 7 5700G with Radeon Graphics         , 16 cores, 15G,  Windows 11 , 64 bit Build 26100 (10.0.26100.8521)
Time: Fri Jun 12 19:43:30 2026 Hora estándar de Argentina elapsed time: 10.773810 seconds (0d 0h 0m 10s)

---------------  T H R E A D  ---------------

Current thread (0x000001ea0b1f2e00):  JavaThread "C2 CompilerThread1" daemon [_thread_in_native, id=21408, stack(0x0000001365500000,0x0000001365600000) (1024K)]


Current CompileTask:
C2:  10773 8108 %     4       org.springframework.boot.context.properties.source.ConfigurationPropertyName$ElementsParser::parse @ 23 (235 bytes)

Stack: [0x0000001365500000,0x0000001365600000]
Native frames: (J=compiled Java code, j=interpreted, Vv=VM code, C=native code)
V  [jvm.dll+0x6ca6d9]
V  [jvm.dll+0x854f51]
V  [jvm.dll+0x85747e]
V  [jvm.dll+0x857b53]
V  [jvm.dll+0x27dcc6]
V  [jvm.dll+0xc4c2d]
V  [jvm.dll+0xc5163]
V  [jvm.dll+0x3b515c]
V  [jvm.dll+0x381855]
V  [jvm.dll+0x380cca]
V  [jvm.dll+0x246920]
V  [jvm.dll+0x245eff]
V  [jvm.dll+0x1c6d2e]
V  [jvm.dll+0x2554f9]
V  [jvm.dll+0x253a8a]
V  [jvm.dll+0x3ee576]
V  [jvm.dll+0x7ff2fb]
V  [jvm.dll+0x6c8dbd]
C  [ucrtbase.dll+0x2cd30]
C  [KERNEL32.DLL+0x2e957]
C  [ntdll.dll+0x87c1c]


---------------  P R O C E S S  ---------------

Threads class SMR info:
_java_thread_list=0x000001ea11facc60, length=24, elements={
0x000001e9a4cacdf0, 0x000001e9c43cb920, 0x000001e9c43ccca0, 0x000001e9c43d53e0,
0x000001e9c43d5ca0, 0x000001e9c43d7530, 0x000001e9c43df9c0, 0x000001e9c47494e0,
0x000001e9c476a8b0, 0x000001e9c43a28f0, 0x000001ea0a5f40a0, 0x000001ea0a5f4700,
0x000001ea0b40a740, 0x000001ea0b40ada0, 0x000001e9c4a11810, 0x000001ea0b1f2e00,
0x000001ea0bf41b30, 0x000001ea0bf43c00, 0x000001ea0c975080, 0x000001ea0c975da0,
0x000001ea0c976430, 0x000001ea0c9749f0, 0x000001ea0c973640, 0x000001ea0c0fb240
}

Java Threads: ( => current thread )
  0x000001e9a4cacdf0 JavaThread "main"                              [_thread_blocked, id=13872, stack(0x0000001364200000,0x0000001364300000) (1024K)]
  0x000001e9c43cb920 JavaThread "Reference Handler"          daemon [_thread_blocked, id=16288, stack(0x0000001364a00000,0x0000001364b00000) (1024K)]
  0x000001e9c43ccca0 JavaThread "Finalizer"                  daemon [_thread_blocked, id=13096, stack(0x0000001364b00000,0x0000001364c00000) (1024K)]
  0x000001e9c43d53e0 JavaThread "Signal Dispatcher"          daemon [_thread_blocked, id=9944, stack(0x0000001364c00000,0x0000001364d00000) (1024K)]
  0x000001e9c43d5ca0 JavaThread "Attach Listener"            daemon [_thread_blocked, id=19708, stack(0x0000001364d00000,0x0000001364e00000) (1024K)]
  0x000001e9c43d7530 JavaThread "Service Thread"             daemon [_thread_blocked, id=9440, stack(0x0000001364e00000,0x0000001364f00000) (1024K)]
  0x000001e9c43df9c0 JavaThread "Monitor Deflation Thread"   daemon [_thread_blocked, id=4436, stack(0x0000001364f00000,0x0000001365000000) (1024K)]
  0x000001e9c47494e0 JavaThread "C2 CompilerThread0"         daemon [_thread_in_native, id=21348, stack(0x0000001365000000,0x0000001365100000) (1024K)]
  0x000001e9c476a8b0 JavaThread "C1 CompilerThread0"         daemon [_thread_blocked, id=4632, stack(0x0000001365100000,0x0000001365200000) (1024K)]
  0x000001e9c43a28f0 JavaThread "Common-Cleaner"             daemon [_thread_blocked, id=20872, stack(0x0000001365200000,0x0000001365300000) (1024K)]
  0x000001ea0a5f40a0 JavaThread "Monitor Ctrl-Break"         daemon [_thread_in_native, id=15260, stack(0x0000001365600000,0x0000001365700000) (1024K)]
  0x000001ea0a5f4700 JavaThread "Notification Thread"        daemon [_thread_blocked, id=16124, stack(0x0000001365700000,0x0000001365800000) (1024K)]
  0x000001ea0b40a740 JavaThread "Thread-0"                          [_thread_blocked, id=18988, stack(0x0000001366000000,0x0000001366100000) (1024K)]
  0x000001ea0b40ada0 JavaThread "restartedMain"                     [_thread_in_native, id=15484, stack(0x0000001366100000,0x0000001366200000) (1024K)]
  0x000001e9c4a11810 JavaThread "Keep-Alive-Timer"           daemon [_thread_blocked, id=13604, stack(0x0000001365400000,0x0000001365500000) (1024K)]
=>0x000001ea0b1f2e00 JavaThread "C2 CompilerThread1"         daemon [_thread_in_native, id=21408, stack(0x0000001365500000,0x0000001365600000) (1024K)]
  0x000001ea0bf41b30 JavaThread "Catalina-utility-1"                [_thread_blocked, id=19792, stack(0x0000001365e00000,0x0000001365f00000) (1024K)]
  0x000001ea0bf43c00 JavaThread "Catalina-utility-2"                [_thread_blocked, id=12124, stack(0x0000001366f00000,0x0000001367000000) (1024K)]
  0x000001ea0c975080 JavaThread "container-0"                       [_thread_blocked, id=1680, stack(0x0000001367000000,0x0000001367100000) (1024K)]
  0x000001ea0c975da0 JavaThread "mysql-cj-abandoned-connection-cleanup" daemon [_thread_blocked, id=18584, stack(0x0000001367100000,0x0000001367200000) (1024K)]
  0x000001ea0c976430 JavaThread "HikariPool-1:housekeeper"   daemon [_thread_blocked, id=13680, stack(0x0000001366b00000,0x0000001366c00000) (1024K)]
  0x000001ea0c9749f0 JavaThread "HikariPool-1:connection-adder" daemon [_thread_blocked, id=20092, stack(0x0000001367200000,0x0000001367300000) (1024K)]
  0x000001ea0c973640 JavaThread "spring.cloud.inetutils"     daemon [_thread_in_native, id=9404, stack(0x0000001366e00000,0x0000001366f00000) (1024K)]
  0x000001ea0c0fb240 JavaThread "C2 CompilerThread2"         daemon [_thread_in_native, id=13728, stack(0x0000001365300000,0x0000001365400000) (1024K)]
Total: 24

Other Threads:
  0x000001e9c43b3880 VMThread "VM Thread"                           [id=19688, stack(0x0000001364900000,0x0000001364a00000) (1024K)]
  0x000001e9c43a1ef0 WatcherThread "VM Periodic Task Thread"        [id=16608, stack(0x0000001364800000,0x0000001364900000) (1024K)]
  0x000001e9a4d138e0 WorkerThread "GC Thread#0"                     [id=9212, stack(0x0000001364300000,0x0000001364400000) (1024K)]
  0x000001ea0a9aff80 WorkerThread "GC Thread#1"                     [id=14372, stack(0x0000001365a00000,0x0000001365b00000) (1024K)]
  0x000001ea0a9b0b30 WorkerThread "GC Thread#2"                     [id=14380, stack(0x0000001365b00000,0x0000001365c00000) (1024K)]
  0x000001ea0a944ff0 WorkerThread "GC Thread#3"                     [id=19312, stack(0x0000001365c00000,0x0000001365d00000) (1024K)]
  0x000001ea0a960fe0 WorkerThread "GC Thread#4"                     [id=20396, stack(0x0000001365d00000,0x0000001365e00000) (1024K)]
  0x000001ea0aaef740 WorkerThread "GC Thread#5"                     [id=21192, stack(0x0000001365f00000,0x0000001366000000) (1024K)]
  0x000001ea0aaefe80 WorkerThread "GC Thread#6"                     [id=15856, stack(0x0000001366200000,0x0000001366300000) (1024K)]
  0x000001ea0aaf05c0 WorkerThread "GC Thread#7"                     [id=17672, stack(0x0000001366300000,0x0000001366400000) (1024K)]
  0x000001ea0aaf0220 WorkerThread "GC Thread#8"                     [id=456, stack(0x0000001366400000,0x0000001366500000) (1024K)]
  0x000001ea0aaf0d00 WorkerThread "GC Thread#9"                     [id=14788, stack(0x0000001366500000,0x0000001366600000) (1024K)]
  0x000001ea0aaf0960 WorkerThread "GC Thread#10"                    [id=21468, stack(0x0000001366600000,0x0000001366700000) (1024K)]
  0x000001ea0aaf10a0 WorkerThread "GC Thread#11"                    [id=17440, stack(0x0000001366700000,0x0000001366800000) (1024K)]
  0x000001ea0bb7deb0 WorkerThread "GC Thread#12"                    [id=12364, stack(0x0000001366800000,0x0000001366900000) (1024K)]
  0x000001e9a4d24c90 ConcurrentGCThread "G1 Main Marker"            [id=2972, stack(0x0000001364400000,0x0000001364500000) (1024K)]
  0x000001e9a4d25790 WorkerThread "G1 Conc#0"                       [id=13504, stack(0x0000001364500000,0x0000001364600000) (1024K)]
  0x000001ea0bb7e250 WorkerThread "G1 Conc#1"                       [id=6632, stack(0x0000001366a00000,0x0000001366b00000) (1024K)]
  0x000001ea0bb81170 WorkerThread "G1 Conc#2"                       [id=18668, stack(0x0000001366c00000,0x0000001366d00000) (1024K)]
  0x000001e9c426cdb0 ConcurrentGCThread "G1 Refine#0"               [id=20036, stack(0x0000001364600000,0x0000001364700000) (1024K)]
  0x000001e9c426f440 ConcurrentGCThread "G1 Service"                [id=21016, stack(0x0000001364700000,0x0000001364800000) (1024K)]
Total: 21

Threads with active compile tasks:
C2 CompilerThread0    10791 8162   !   4       org.springframework.util.ConcurrentReferenceHashMap$Segment::restructure (411 bytes)
C2 CompilerThread1    10791 8108 %     4       org.springframework.boot.context.properties.source.ConfigurationPropertyName$ElementsParser::parse @ 23 (235 bytes)
C2 CompilerThread2    10791 8112       4       org.springframework.boot.context.properties.source.SpringIterableConfigurationPropertySource::containsDescendantOf (145 bytes)
Total: 3

VM state: not at safepoint (normal execution)

VM Mutex/Monitor currently owned by a thread: None

Heap address: 0x000000070b200000, size: 3918 MB, Compressed Oops mode: Zero based, Oop shift amount: 3

CDS archive(s) mapped at: [0x000001e9c5000000-0x000001e9c5c90000-0x000001e9c5c90000), size 13172736, SharedBaseAddress: 0x000001e9c5000000, ArchiveRelocationMode: 1.
Compressed class space mapped at: 0x000001e9c6000000-0x000001ea06000000, reserved size: 1073741824
Narrow klass base: 0x000001e9c5000000, Narrow klass shift: 0, Narrow klass range: 0x100000000

GC Precious Log:
 CardTable entry size: 512
 Card Set container configuration: InlinePtr #cards 4 size 8 Array Of Cards #cards 16 size 48 Howl #buckets 8 coarsen threshold 3686 Howl Bitmap #cards 512 size 80 coarsen threshold 460 Card regions per heap region 1 cards per card region 4096
 CPUs: 16 total, 16 available
 Memory: 15664M
 Large Page Support: Disabled
 NUMA Support: Disabled
 Compressed Oops: Enabled (Zero based)
 Heap Region Size: 2M
 Heap Min Capacity: 8M
 Heap Initial Capacity: 246M
 Heap Max Capacity: 3918M
 Pre-touch: Disabled
 Parallel Workers: 13
 Concurrent Workers: 3
 Concurrent Refinement Workers: 13
 Periodic GC: Disabled

Heap:
 garbage-first heap   total 139264K, used 58412K [0x000000070b200000, 0x0000000800000000)
  region size 2048K, 6 young (12288K), 3 survivors (6144K)
 Metaspace       used 79408K, committed 80192K, reserved 1179648K
  class space    used 10604K, committed 10944K, reserved 1048576K

Heap Regions: E=young(eden), S=young(survivor), O=old, HS=humongous(starts), HC=humongous(continues), CS=collection set, F=free, TAMS=top-at-mark-start, PB=parsable bottom
|   0|0x000000070b200000, 0x000000070b400000, 0x000000070b400000|100%| O|  |TAMS 0x000000070b200000| PB 0x000000070b200000| Untracked 
|   1|0x000000070b400000, 0x000000070b600000, 0x000000070b600000|100%| O|  |TAMS 0x000000070b400000| PB 0x000000070b400000| Untracked 
|   2|0x000000070b600000, 0x000000070b800000, 0x000000070b800000|100%| O|  |TAMS 0x000000070b600000| PB 0x000000070b600000| Untracked 
|   3|0x000000070b800000, 0x000000070ba00000, 0x000000070ba00000|100%| O|  |TAMS 0x000000070b800000| PB 0x000000070b800000| Untracked 
|   4|0x000000070ba00000, 0x000000070bc00000, 0x000000070bc00000|100%| O|  |TAMS 0x000000070ba00000| PB 0x000000070ba00000| Untracked 
|   5|0x000000070bc00000, 0x000000070be00000, 0x000000070be00000|100%| O|  |TAMS 0x000000070bc00000| PB 0x000000070bc00000| Untracked 
|   6|0x000000070be00000, 0x000000070c000000, 0x000000070c000000|100%| O|  |TAMS 0x000000070be00000| PB 0x000000070be00000| Untracked 
|   7|0x000000070c000000, 0x000000070c200000, 0x000000070c200000|100%| O|  |TAMS 0x000000070c000000| PB 0x000000070c000000| Untracked 
|   8|0x000000070c200000, 0x000000070c400000, 0x000000070c400000|100%| O|  |TAMS 0x000000070c200000| PB 0x000000070c200000| Untracked 
|   9|0x000000070c400000, 0x000000070c600000, 0x000000070c600000|100%| O|  |TAMS 0x000000070c400000| PB 0x000000070c400000| Untracked 
|  10|0x000000070c600000, 0x000000070c800000, 0x000000070c800000|100%| O|  |TAMS 0x000000070c600000| PB 0x000000070c600000| Untracked 
|  11|0x000000070c800000, 0x000000070ca00000, 0x000000070ca00000|100%| O|  |TAMS 0x000000070c800000| PB 0x000000070c800000| Untracked 
|  12|0x000000070ca00000, 0x000000070cc00000, 0x000000070cc00000|100%| O|  |TAMS 0x000000070ca00000| PB 0x000000070ca00000| Untracked 
|  13|0x000000070cc00000, 0x000000070ce00000, 0x000000070ce00000|100%| O|  |TAMS 0x000000070cc00000| PB 0x000000070cc00000| Untracked 
|  14|0x000000070ce00000, 0x000000070d000000, 0x000000070d000000|100%| O|  |TAMS 0x000000070ce00000| PB 0x000000070ce00000| Untracked 
|  15|0x000000070d000000, 0x000000070d200000, 0x000000070d200000|100%| O|  |TAMS 0x000000070d000000| PB 0x000000070d000000| Untracked 
|  16|0x000000070d200000, 0x000000070d400000, 0x000000070d400000|100%| O|  |TAMS 0x000000070d200000| PB 0x000000070d200000| Untracked 
|  17|0x000000070d400000, 0x000000070d600000, 0x000000070d600000|100%| O|  |TAMS 0x000000070d400000| PB 0x000000070d400000| Untracked 
|  18|0x000000070d600000, 0x000000070d800000, 0x000000070d800000|100%| O|  |TAMS 0x000000070d600000| PB 0x000000070d600000| Untracked 
|  19|0x000000070d800000, 0x000000070da00000, 0x000000070da00000|100%| O|  |TAMS 0x000000070d800000| PB 0x000000070d800000| Untracked 
|  20|0x000000070da00000, 0x000000070dc00000, 0x000000070dc00000|100%| O|  |TAMS 0x000000070da00000| PB 0x000000070da00000| Untracked 
|  21|0x000000070dc00000, 0x000000070de00000, 0x000000070de00000|100%| O|Cm|TAMS 0x000000070dc00000| PB 0x000000070dc00000| Complete 
|  22|0x000000070de00000, 0x000000070e000000, 0x000000070e000000|100%| O|  |TAMS 0x000000070de00000| PB 0x000000070de00000| Untracked 
|  23|0x000000070e000000, 0x000000070e1f0ac0, 0x000000070e200000| 97%| O|  |TAMS 0x000000070e000000| PB 0x000000070e000000| Untracked 
|  24|0x000000070e200000, 0x000000070e200000, 0x000000070e400000|  0%| F|  |TAMS 0x000000070e200000| PB 0x000000070e200000| Untracked 
|  25|0x000000070e400000, 0x000000070e400000, 0x000000070e600000|  0%| F|  |TAMS 0x000000070e400000| PB 0x000000070e400000| Untracked 
|  26|0x000000070e600000, 0x000000070e600000, 0x000000070e800000|  0%| F|  |TAMS 0x000000070e600000| PB 0x000000070e600000| Untracked 
|  27|0x000000070e800000, 0x000000070e800000, 0x000000070ea00000|  0%| F|  |TAMS 0x000000070e800000| PB 0x000000070e800000| Untracked 
|  28|0x000000070ea00000, 0x000000070eb1a858, 0x000000070ec00000| 55%| S|CS|TAMS 0x000000070ea00000| PB 0x000000070ea00000| Complete 
|  29|0x000000070ec00000, 0x000000070ee00000, 0x000000070ee00000|100%| S|CS|TAMS 0x000000070ec00000| PB 0x000000070ec00000| Complete 
|  30|0x000000070ee00000, 0x000000070ee00000, 0x000000070f000000|  0%| F|  |TAMS 0x000000070ee00000| PB 0x000000070ee00000| Untracked 
|  31|0x000000070f000000, 0x000000070f200000, 0x000000070f200000|100%| S|CS|TAMS 0x000000070f000000| PB 0x000000070f000000| Complete 
|  32|0x000000070f200000, 0x000000070f200000, 0x000000070f400000|  0%| F|  |TAMS 0x000000070f200000| PB 0x000000070f200000| Untracked 
|  33|0x000000070f400000, 0x000000070f400000, 0x000000070f600000|  0%| F|  |TAMS 0x000000070f400000| PB 0x000000070f400000| Untracked 
|  34|0x000000070f600000, 0x000000070f600000, 0x000000070f800000|  0%| F|  |TAMS 0x000000070f600000| PB 0x000000070f600000| Untracked 
|  35|0x000000070f800000, 0x000000070f800000, 0x000000070fa00000|  0%| F|  |TAMS 0x000000070f800000| PB 0x000000070f800000| Untracked 
|  36|0x000000070fa00000, 0x000000070fa00000, 0x000000070fc00000|  0%| F|  |TAMS 0x000000070fa00000| PB 0x000000070fa00000| Untracked 
|  37|0x000000070fc00000, 0x000000070fc00000, 0x000000070fe00000|  0%| F|  |TAMS 0x000000070fc00000| PB 0x000000070fc00000| Untracked 
|  38|0x000000070fe00000, 0x000000070fe00000, 0x0000000710000000|  0%| F|  |TAMS 0x000000070fe00000| PB 0x000000070fe00000| Untracked 
|  39|0x0000000710000000, 0x0000000710000000, 0x0000000710200000|  0%| F|  |TAMS 0x0000000710000000| PB 0x0000000710000000| Untracked 
|  40|0x0000000710200000, 0x0000000710200000, 0x0000000710400000|  0%| F|  |TAMS 0x0000000710200000| PB 0x0000000710200000| Untracked 
|  41|0x0000000710400000, 0x0000000710400000, 0x0000000710600000|  0%| F|  |TAMS 0x0000000710400000| PB 0x0000000710400000| Untracked 
|  42|0x0000000710600000, 0x0000000710600000, 0x0000000710800000|  0%| F|  |TAMS 0x0000000710600000| PB 0x0000000710600000| Untracked 
|  43|0x0000000710800000, 0x0000000710800000, 0x0000000710a00000|  0%| F|  |TAMS 0x0000000710800000| PB 0x0000000710800000| Untracked 
|  44|0x0000000710a00000, 0x0000000710a00000, 0x0000000710c00000|  0%| F|  |TAMS 0x0000000710a00000| PB 0x0000000710a00000| Untracked 
|  45|0x0000000710c00000, 0x0000000710c00000, 0x0000000710e00000|  0%| F|  |TAMS 0x0000000710c00000| PB 0x0000000710c00000| Untracked 
|  46|0x0000000710e00000, 0x0000000710e00000, 0x0000000711000000|  0%| F|  |TAMS 0x0000000710e00000| PB 0x0000000710e00000| Untracked 
|  47|0x0000000711000000, 0x0000000711000000, 0x0000000711200000|  0%| F|  |TAMS 0x0000000711000000| PB 0x0000000711000000| Untracked 
|  48|0x0000000711200000, 0x0000000711200000, 0x0000000711400000|  0%| F|  |TAMS 0x0000000711200000| PB 0x0000000711200000| Untracked 
|  49|0x0000000711400000, 0x0000000711400000, 0x0000000711600000|  0%| F|  |TAMS 0x0000000711400000| PB 0x0000000711400000| Untracked 
|  50|0x0000000711600000, 0x0000000711600000, 0x0000000711800000|  0%| F|  |TAMS 0x0000000711600000| PB 0x0000000711600000| Untracked 
|  51|0x0000000711800000, 0x0000000711800000, 0x0000000711a00000|  0%| F|  |TAMS 0x0000000711800000| PB 0x0000000711800000| Untracked 
|  52|0x0000000711a00000, 0x0000000711a00000, 0x0000000711c00000|  0%| F|  |TAMS 0x0000000711a00000| PB 0x0000000711a00000| Untracked 
|  53|0x0000000711c00000, 0x0000000711c00000, 0x0000000711e00000|  0%| F|  |TAMS 0x0000000711c00000| PB 0x0000000711c00000| Untracked 
|  54|0x0000000711e00000, 0x0000000711e00000, 0x0000000712000000|  0%| F|  |TAMS 0x0000000711e00000| PB 0x0000000711e00000| Untracked 
|  55|0x0000000712000000, 0x0000000712000000, 0x0000000712200000|  0%| F|  |TAMS 0x0000000712000000| PB 0x0000000712000000| Untracked 
|  56|0x0000000712200000, 0x0000000712200000, 0x0000000712400000|  0%| F|  |TAMS 0x0000000712200000| PB 0x0000000712200000| Untracked 
|  57|0x0000000712400000, 0x0000000712400000, 0x0000000712600000|  0%| F|  |TAMS 0x0000000712400000| PB 0x0000000712400000| Untracked 
|  58|0x0000000712600000, 0x0000000712600000, 0x0000000712800000|  0%| F|  |TAMS 0x0000000712600000| PB 0x0000000712600000| Untracked 
|  59|0x0000000712800000, 0x0000000712800000, 0x0000000712a00000|  0%| F|  |TAMS 0x0000000712800000| PB 0x0000000712800000| Untracked 
|  60|0x0000000712a00000, 0x0000000712a00000, 0x0000000712c00000|  0%| F|  |TAMS 0x0000000712a00000| PB 0x0000000712a00000| Untracked 
|  61|0x0000000712c00000, 0x0000000712c00000, 0x0000000712e00000|  0%| F|  |TAMS 0x0000000712c00000| PB 0x0000000712c00000| Untracked 
|  62|0x0000000712e00000, 0x0000000712e00000, 0x0000000713000000|  0%| F|  |TAMS 0x0000000712e00000| PB 0x0000000712e00000| Untracked 
|  63|0x0000000713000000, 0x0000000713000000, 0x0000000713200000|  0%| F|  |TAMS 0x0000000713000000| PB 0x0000000713000000| Untracked 
| 107|0x0000000718800000, 0x0000000718800000, 0x0000000718a00000|  0%| F|  |TAMS 0x0000000718800000| PB 0x0000000718800000| Untracked 
| 108|0x0000000718a00000, 0x0000000718bce118, 0x0000000718c00000| 90%| E|  |TAMS 0x0000000718a00000| PB 0x0000000718a00000| Complete 
| 109|0x0000000718c00000, 0x0000000718e00000, 0x0000000718e00000|100%| E|CS|TAMS 0x0000000718c00000| PB 0x0000000718c00000| Complete 
| 122|0x000000071a600000, 0x000000071a800000, 0x000000071a800000|100%| E|CS|TAMS 0x000000071a600000| PB 0x000000071a600000| Complete 

Card table byte_map: [0x000001e9bd150000,0x000001e9bd900000] _byte_map_base: 0x000001e9b98f7000

Marking Bits: (CMBitMap*) 0x000001e9a4d13fe0
 Bits: [0x000001e9bd900000, 0x000001e9c1638000)

Polling page: 0x000001e9a2bb0000

Metaspace:

Usage:
  Non-class:     67.20 MB used.
      Class:     10.36 MB used.
       Both:     77.55 MB used.

Virtual space:
  Non-class space:      128.00 MB reserved,      67.62 MB ( 53%) committed,  2 nodes.
      Class space:        1.00 GB reserved,      10.69 MB (  1%) committed,  1 nodes.
             Both:        1.12 GB reserved,      78.31 MB (  7%) committed. 

Chunk freelists:
   Non-Class:  12.16 MB
       Class:  5.13 MB
        Both:  17.29 MB

MaxMetaspaceSize: unlimited
CompressedClassSpaceSize: 1.00 GB
Initial GC threshold: 21.00 MB
Current GC threshold: 130.44 MB
CDS: on
 - commit_granule_bytes: 65536.
 - commit_granule_words: 8192.
 - virtual_space_node_default_size: 8388608.
 - enlarge_chunks_in_place: 1.
 - use_allocation_guard: 0.


Internal statistics:

num_allocs_failed_limit: 11.
num_arena_births: 1078.
num_arena_deaths: 0.
num_vsnodes_births: 3.
num_vsnodes_deaths: 0.
num_space_committed: 1253.
num_space_uncommitted: 0.
num_chunks_returned_to_freelist: 11.
num_chunks_taken_from_freelist: 4017.
num_chunk_merges: 11.
num_chunk_splits: 2888.
num_chunks_enlarged: 2260.
num_inconsistent_stats: 0.

CodeHeap 'non-profiled nmethods': size=119168Kb used=5869Kb max_used=6760Kb free=113298Kb
 bounds [0x000001e9b4cc0000, 0x000001e9b5360000, 0x000001e9bc120000]
CodeHeap 'profiled nmethods': size=119104Kb used=14054Kb max_used=15845Kb free=105049Kb
 bounds [0x000001e9ad120000, 0x000001e9ae0a0000, 0x000001e9b4570000]
CodeHeap 'non-nmethods': size=7488Kb used=1666Kb max_used=3430Kb free=5821Kb
 bounds [0x000001e9b4570000, 0x000001e9b48d0000, 0x000001e9b4cc0000]
 total_blobs=7541 nmethods=6834 adapters=611
 compilation: enabled
              stopped_count=0, restarted_count=0
 full_count=0

Compilation events (20 events):
Event: 9.738 Thread 0x000001e9c476a8b0 8149       3       org.springframework.boot.context.properties.BindMethodAttribute::get (25 bytes)
Event: 9.738 Thread 0x000001e9c476a8b0 nmethod 8149 0x000001e9ae091a90 code [0x000001e9ae091cc0, 0x000001e9ae092560]
Event: 9.738 Thread 0x000001e9c476a8b0 8150   !   3       org.springframework.boot.context.properties.ConfigurationPropertiesBindingPostProcessor::bind (59 bytes)
Event: 9.740 Thread 0x000001e9c476a8b0 nmethod 8150 0x000001e9ae092810 code [0x000001e9ae092be0, 0x000001e9ae094610]
Event: 9.740 Thread 0x000001e9c476a8b0 8152       3       org.springframework.boot.autoconfigure.jdbc.JdbcConnectionDetailsBeanPostProcessor::postProcessBeforeInitialization (52 bytes)
Event: 9.740 Thread 0x000001e9c476a8b0 nmethod 8152 0x000001e9ae094f90 code [0x000001e9ae0951a0, 0x000001e9ae0958d8]
Event: 9.740 Thread 0x000001e9c476a8b0 8153   !   3       org.springframework.beans.factory.annotation.InitDestroyAnnotationBeanPostProcessor::postProcessBeforeInitialization (53 bytes)
Event: 9.740 Thread 0x000001e9c476a8b0 nmethod 8153 0x000001e9ae095b10 code [0x000001e9ae095d00, 0x000001e9ae096198]
Event: 9.741 Thread 0x000001e9c476a8b0 8154       3       org.springframework.beans.factory.annotation.InitDestroyAnnotationBeanPostProcessor$1::invokeInitMethods (1 bytes)
Event: 9.741 Thread 0x000001e9c476a8b0 nmethod 8154 0x000001e9ad6fdf10 code [0x000001e9ad6fe0a0, 0x000001e9ad6fe1a8]
Event: 9.741 Thread 0x000001e9c476a8b0 8155       3       org.springframework.aop.framework.autoproxy.AbstractAutoProxyCreator::postProcessAfterInitialization (38 bytes)
Event: 9.742 Thread 0x000001e9c476a8b0 nmethod 8155 0x000001e9ae096390 code [0x000001e9ae0966e0, 0x000001e9ae0979b8]
Event: 9.743 Thread 0x000001e9c476a8b0 8159       3       org.springframework.core.ResolvableType$DefaultVariableResolver::resolveVariable (9 bytes)
Event: 9.743 Thread 0x000001e9c476a8b0 nmethod 8159 0x000001e9ae098090 code [0x000001e9ae098240, 0x000001e9ae098388]
Event: 9.743 Thread 0x000001e9c476a8b0 8160       3       org.springframework.core.ResolvableType::resolveVariable (185 bytes)
Event: 9.744 Thread 0x000001e9c476a8b0 nmethod 8160 0x000001e9ae098490 code [0x000001e9ae098800, 0x000001e9ae099e78]
Event: 9.751 Thread 0x000001e9c47494e0 nmethod 8136 0x000001e9b4f90810 code [0x000001e9b4f90b00, 0x000001e9b4f925f0]
Event: 9.751 Thread 0x000001e9c47494e0 8156       4       org.springframework.transaction.interceptor.TransactionAttributeSourcePointcut::matches (27 bytes)
Event: 9.752 Thread 0x000001e9c476a8b0 8161       3       java.lang.invoke.LambdaFormBuffer::replaceFunctions (121 bytes)
Event: 9.753 Thread 0x000001e9c476a8b0 nmethod 8161 0x000001e9ad363610 code [0x000001e9ad363860, 0x000001e9ad364248]

GC Heap History (20 events):
Event: 4.183 GC heap before
{Heap before GC invocations=6 (full 0):
 garbage-first heap   total 94208K, used 68210K [0x000000070b200000, 0x0000000800000000)
  region size 2048K, 27 young (55296K), 6 survivors (12288K)
 Metaspace       used 32801K, committed 33280K, reserved 1114112K
  class space    used 4050K, committed 4288K, reserved 1048576K
}
Event: 4.189 GC heap after
{Heap after GC invocations=7 (full 0):
 garbage-first heap   total 94208K, used 27815K [0x000000070b200000, 0x0000000800000000)
  region size 2048K, 2 young (4096K), 2 survivors (4096K)
 Metaspace       used 32801K, committed 33280K, reserved 1114112K
  class space    used 4050K, committed 4288K, reserved 1048576K
}
Event: 4.601 GC heap before
{Heap before GC invocations=7 (full 0):
 garbage-first heap   total 94208K, used 50343K [0x000000070b200000, 0x0000000800000000)
  region size 2048K, 14 young (28672K), 2 survivors (4096K)
 Metaspace       used 35710K, committed 36096K, reserved 1114112K
  class space    used 4569K, committed 4736K, reserved 1048576K
}
Event: 4.603 GC heap after
{Heap after GC invocations=8 (full 0):
 garbage-first heap   total 94208K, used 28513K [0x000000070b200000, 0x0000000800000000)
  region size 2048K, 3 young (6144K), 3 survivors (6144K)
 Metaspace       used 35710K, committed 36096K, reserved 1114112K
  class space    used 4569K, committed 4736K, reserved 1048576K
}
Event: 5.253 GC heap before
{Heap before GC invocations=9 (full 0):
 garbage-first heap   total 94208K, used 75617K [0x000000070b200000, 0x0000000800000000)
  region size 2048K, 26 young (53248K), 3 survivors (6144K)
 Metaspace       used 41916K, committed 42496K, reserved 1114112K
  class space    used 5349K, committed 5632K, reserved 1048576K
}
Event: 5.257 GC heap after
{Heap after GC invocations=10 (full 0):
 garbage-first heap   total 114688K, used 31810K [0x000000070b200000, 0x0000000800000000)
  region size 2048K, 3 young (6144K), 3 survivors (6144K)
 Metaspace       used 41916K, committed 42496K, reserved 1114112K
  class space    used 5349K, committed 5632K, reserved 1048576K
}
Event: 5.783 GC heap before
{Heap before GC invocations=10 (full 0):
 garbage-first heap   total 114688K, used 91202K [0x000000070b200000, 0x0000000800000000)
  region size 2048K, 33 young (67584K), 3 survivors (6144K)
 Metaspace       used 44997K, committed 45504K, reserved 1114112K
  class space    used 5724K, committed 5952K, reserved 1048576K
}
Event: 5.791 GC heap after
{Heap after GC invocations=11 (full 0):
 garbage-first heap   total 114688K, used 38225K [0x000000070b200000, 0x0000000800000000)
  region size 2048K, 5 young (10240K), 5 survivors (10240K)
 Metaspace       used 44997K, committed 45504K, reserved 1114112K
  class space    used 5724K, committed 5952K, reserved 1048576K
}
Event: 6.320 GC heap before
{Heap before GC invocations=11 (full 0):
 garbage-first heap   total 114688K, used 95569K [0x000000070b200000, 0x0000000800000000)
  region size 2048K, 33 young (67584K), 5 survivors (10240K)
 Metaspace       used 47602K, committed 48192K, reserved 1114112K
  class space    used 6081K, committed 6336K, reserved 1048576K
}
Event: 6.325 GC heap after
{Heap after GC invocations=12 (full 0):
 garbage-first heap   total 114688K, used 40600K [0x000000070b200000, 0x0000000800000000)
  region size 2048K, 2 young (4096K), 2 survivors (4096K)
 Metaspace       used 47602K, committed 48192K, reserved 1114112K
  class space    used 6081K, committed 6336K, reserved 1048576K
}
Event: 7.079 GC heap before
{Heap before GC invocations=12 (full 0):
 garbage-first heap   total 114688K, used 91800K [0x000000070b200000, 0x0000000800000000)
  region size 2048K, 28 young (57344K), 2 survivors (4096K)
 Metaspace       used 59804K, committed 60416K, reserved 1114112K
  class space    used 7791K, committed 8064K, reserved 1048576K
}
Event: 7.082 GC heap after
{Heap after GC invocations=13 (full 0):
 garbage-first heap   total 114688K, used 43411K [0x000000070b200000, 0x0000000800000000)
  region size 2048K, 4 young (8192K), 4 survivors (8192K)
 Metaspace       used 59804K, committed 60416K, reserved 1114112K
  class space    used 7791K, committed 8064K, reserved 1048576K
}
Event: 7.729 GC heap before
{Heap before GC invocations=14 (full 0):
 garbage-first heap   total 114688K, used 92563K [0x000000070b200000, 0x0000000800000000)
  region size 2048K, 29 young (59392K), 4 survivors (8192K)
 Metaspace       used 72753K, committed 73472K, reserved 1114112K
  class space    used 9691K, committed 10048K, reserved 1048576K
}
Event: 7.733 GC heap after
{Heap after GC invocations=15 (full 0):
 garbage-first heap   total 114688K, used 46794K [0x000000070b200000, 0x0000000800000000)
  region size 2048K, 4 young (8192K), 4 survivors (8192K)
 Metaspace       used 72753K, committed 73472K, reserved 1114112K
  class space    used 9691K, committed 10048K, reserved 1048576K
}
Event: 8.160 GC heap before
{Heap before GC invocations=15 (full 0):
 garbage-first heap   total 114688K, used 95946K [0x000000070b200000, 0x0000000800000000)
  region size 2048K, 28 young (57344K), 4 survivors (8192K)
 Metaspace       used 76797K, committed 77568K, reserved 1179648K
  class space    used 10215K, committed 10560K, reserved 1048576K
}
Event: 8.165 GC heap after
{Heap after GC invocations=16 (full 0):
 garbage-first heap   total 114688K, used 49264K [0x000000070b200000, 0x0000000800000000)
  region size 2048K, 4 young (8192K), 4 survivors (8192K)
 Metaspace       used 76797K, committed 77568K, reserved 1179648K
  class space    used 10215K, committed 10560K, reserved 1048576K
}
Event: 8.454 GC heap before
{Heap before GC invocations=16 (full 0):
 garbage-first heap   total 114688K, used 96368K [0x000000070b200000, 0x0000000800000000)
  region size 2048K, 27 young (55296K), 4 survivors (8192K)
 Metaspace       used 78490K, committed 79232K, reserved 1179648K
  class space    used 10442K, committed 10816K, reserved 1048576K
}
Event: 8.458 GC heap after
{Heap after GC invocations=17 (full 0):
 garbage-first heap   total 114688K, used 52137K [0x000000070b200000, 0x0000000800000000)
  region size 2048K, 3 young (6144K), 3 survivors (6144K)
 Metaspace       used 78490K, committed 79232K, reserved 1179648K
  class space    used 10442K, committed 10816K, reserved 1048576K
}
Event: 9.718 GC heap before
{Heap before GC invocations=17 (full 0):
 garbage-first heap   total 114688K, used 99241K [0x000000070b200000, 0x0000000800000000)
  region size 2048K, 26 young (53248K), 3 survivors (6144K)
 Metaspace       used 79319K, committed 80128K, reserved 1179648K
  class space    used 10572K, committed 10944K, reserved 1048576K
}
Event: 9.722 GC heap after
{Heap after GC invocations=18 (full 0):
 garbage-first heap   total 139264K, used 54316K [0x000000070b200000, 0x0000000800000000)
  region size 2048K, 3 young (6144K), 3 survivors (6144K)
 Metaspace       used 79319K, committed 80128K, reserved 1179648K
  class space    used 10572K, committed 10944K, reserved 1048576K
}

Dll operation events (13 events):
Event: 0.006 Loaded shared library C:\Program Files\Java\jdk-21\bin\java.dll
Event: 0.027 Loaded shared library C:\Program Files\Java\jdk-21\bin\jsvml.dll
Event: 0.104 Loaded shared library C:\Program Files\Java\jdk-21\bin\zip.dll
Event: 0.107 Loaded shared library C:\Program Files\Java\jdk-21\bin\instrument.dll
Event: 0.110 Loaded shared library C:\Program Files\Java\jdk-21\bin\net.dll
Event: 0.112 Loaded shared library C:\Program Files\Java\jdk-21\bin\nio.dll
Event: 0.114 Loaded shared library C:\Program Files\Java\jdk-21\bin\zip.dll
Event: 0.191 Loaded shared library C:\Program Files\JetBrains\IntelliJ IDEA Community Edition 2024.2.3\bin\breakgen64.dll
Event: 0.197 Loaded shared library C:\Program Files\Java\jdk-21\bin\extnet.dll
Event: 0.222 Loaded shared library C:\Program Files\Java\jdk-21\bin\jimage.dll
Event: 0.581 Loaded shared library C:\Program Files\Java\jdk-21\bin\management.dll
Event: 0.584 Loaded shared library C:\Program Files\Java\jdk-21\bin\management_ext.dll
Event: 3.221 Loaded shared library C:\Program Files\Java\jdk-21\bin\sunmscapi.dll

Deoptimization events (20 events):
Event: 8.566 Thread 0x000001ea0b40ada0 Uncommon trap: trap_request=0xffffff45 fr.pc=0x000001e9b523cc14 relative=0x00000000000014b4
Event: 8.566 Thread 0x000001ea0b40ada0 Uncommon trap: reason=unstable_if action=reinterpret pc=0x000001e9b523cc14 method=java.net.URL.<init>(Ljava/net/URL;Ljava/lang/String;Ljava/net/URLStreamHandler;)V @ 30 c2
Event: 8.566 Thread 0x000001ea0b40ada0 DEOPT PACKING pc=0x000001e9b523cc14 sp=0x00000013661faa90
Event: 8.566 Thread 0x000001ea0b40ada0 DEOPT UNPACKING pc=0x000001e9b45c46a2 sp=0x00000013661faa30 mode 2
Event: 8.566 Thread 0x000001ea0b40ada0 Uncommon trap: trap_request=0xffffff45 fr.pc=0x000001e9b4e1e968 relative=0x0000000000000b68
Event: 8.566 Thread 0x000001ea0b40ada0 Uncommon trap: reason=unstable_if action=reinterpret pc=0x000001e9b4e1e968 method=java.net.URL.isBuiltinStreamHandler(Ljava/net/URLStreamHandler;)Z @ 13 c2
Event: 8.566 Thread 0x000001ea0b40ada0 DEOPT PACKING pc=0x000001e9b4e1e968 sp=0x00000013661fa8d0
Event: 8.566 Thread 0x000001ea0b40ada0 DEOPT UNPACKING pc=0x000001e9b45c46a2 sp=0x00000013661fa7e8 mode 2
Event: 9.708 Thread 0x000001ea0b40ada0 Uncommon trap: trap_request=0xffffff45 fr.pc=0x000001e9b4eb79d4 relative=0x0000000000000e14
Event: 9.708 Thread 0x000001ea0b40ada0 Uncommon trap: reason=unstable_if action=reinterpret pc=0x000001e9b4eb79d4 method=org.springframework.boot.context.properties.source.ConfigurationPropertyName.getElement(ILorg/springframework/boot/context/properties/source/ConfigurationPropertyName$Form;)
Event: 9.708 Thread 0x000001ea0b40ada0 DEOPT PACKING pc=0x000001e9b4eb79d4 sp=0x00000013661f5070
Event: 9.708 Thread 0x000001ea0b40ada0 DEOPT UNPACKING pc=0x000001e9b45c46a2 sp=0x00000013661f5040 mode 2
Event: 9.709 Thread 0x000001ea0b40ada0 Uncommon trap: trap_request=0xffffffde fr.pc=0x000001e9b52af5a8 relative=0x0000000000000cc8
Event: 9.709 Thread 0x000001ea0b40ada0 Uncommon trap: reason=class_check action=maybe_recompile pc=0x000001e9b52af5a8 method=org.springframework.boot.context.properties.source.SpringIterableConfigurationPropertySource$Cache.getMapped(Lorg/springframework/boot/context/properties/source/Configur
Event: 9.709 Thread 0x000001ea0b40ada0 DEOPT PACKING pc=0x000001e9b52af5a8 sp=0x00000013661f4a70
Event: 9.709 Thread 0x000001ea0b40ada0 DEOPT UNPACKING pc=0x000001e9b45c46a2 sp=0x00000013661f49c0 mode 2
Event: 9.756 Thread 0x000001ea0b40ada0 Uncommon trap: trap_request=0xffffff45 fr.pc=0x000001e9b5329fe8 relative=0x00000000000001e8
Event: 9.756 Thread 0x000001ea0b40ada0 Uncommon trap: reason=unstable_if action=reinterpret pc=0x000001e9b5329fe8 method=org.springframework.core.BridgeMethodResolver.isVisibilityBridgeMethodPair(Ljava/lang/reflect/Method;Ljava/lang/reflect/Method;)Z @ 59 c2
Event: 9.756 Thread 0x000001ea0b40ada0 DEOPT PACKING pc=0x000001e9b5329fe8 sp=0x00000013661f8f50
Event: 9.756 Thread 0x000001ea0b40ada0 DEOPT UNPACKING pc=0x000001e9b45c46a2 sp=0x00000013661f8f00 mode 2

Classes loaded (20 events):
Event: 8.023 Loading class java/util/regex/Pattern$SliceU
Event: 8.023 Loading class java/util/regex/Pattern$SliceU done
Event: 8.023 Loading class java/util/regex/Pattern$Bound
Event: 8.023 Loading class java/util/regex/Pattern$Bound done
Event: 8.023 Loading class java/util/regex/Pattern$Behind
Event: 8.024 Loading class java/util/regex/Pattern$Behind done
Event: 8.129 Loading class java/time/DurationEditor
Event: 8.129 Loading class java/time/DurationEditor done
Event: 8.188 Loading class java/util/Collections$SynchronizedRandomAccessList
Event: 8.188 Loading class java/util/Collections$SynchronizedList
Event: 8.189 Loading class java/util/Collections$SynchronizedList done
Event: 8.189 Loading class java/util/Collections$SynchronizedRandomAccessList done
Event: 8.353 Loading class java/util/Comparators$NullComparator
Event: 8.353 Loading class java/util/Comparators$NullComparator done
Event: 8.497 Loading class java/util/EnumMap$EntrySet
Event: 8.498 Loading class java/util/EnumMap$EntrySet done
Event: 8.498 Loading class java/util/EnumMap$EntryIterator
Event: 8.498 Loading class java/util/EnumMap$EnumMapIterator
Event: 8.498 Loading class java/util/EnumMap$EnumMapIterator done
Event: 8.498 Loading class java/util/EnumMap$EntryIterator done

Classes unloaded (0 events):
No events

Classes redefined (0 events):
No events

Internal exceptions (20 events):
Event: 7.572 Thread 0x000001ea0b40ada0 Exception <a 'java/lang/NoSuchMethodError'{0x000000070fc638e0}: 'java.lang.Object java.lang.invoke.DirectMethodHandle$Holder.newInvokeSpecial(java.lang.Object, java.lang.Object, java.lang.Object, java.lang.Object, java.lang.Object, int, java.lang.Object)'> (0x000000070fc638e0) 
thrown [s\open\src\hotspot\share\interpreter\linkResolver.cpp, line 773]
Event: 7.576 Thread 0x000001ea0b40ada0 Exception <a 'java/lang/NoSuchMethodError'{0x000000070fc92e28}: 'java.lang.Object java.lang.invoke.Invokers$Holder.linkToTargetMethod(java.lang.Object, java.lang.Object, java.lang.Object, java.lang.Object, java.lang.Object, java.lang.Object, java.lang.Object, java.lang.Object, java.lang.Object, java.lang.Object, java.lang.Object, java.lang.Object)'> (0x000000070fc92e28) 
thrown [s\open\src\hotspot\share\interpreter\linkResolver.cpp, line 773]
Event: 7.595 Thread 0x000001ea0b40ada0 Exception <a 'java/lang/IncompatibleClassChangeError'{0x000000070fdfdfe8}: Found class java.lang.Object, but interface was expected> (0x000000070fdfdfe8) 
thrown [s\open\src\hotspot\share\interpreter\linkResolver.cpp, line 840]
Event: 7.600 Thread 0x000001ea0b40ada0 Exception <a 'java/lang/NoSuchMethodError'{0x000000070fa70330}: 'java.lang.Object java.lang.invoke.DirectMethodHandle$Holder.newInvokeSpecial(java.lang.Object, java.lang.Object, java.lang.Object, java.lang.Object, java.lang.Object, java.lang.Object, java.lang.Object, int)'> (0x000000070fa70330) 
thrown [s\open\src\hotspot\share\interpreter\linkResolver.cpp, line 773]
Event: 7.600 Thread 0x000001ea0b40ada0 Exception <a 'java/lang/NoSuchMethodError'{0x000000070fa74858}: 'java.lang.Object java.lang.invoke.DirectMethodHandle$Holder.invokeSpecial(java.lang.Object, java.lang.Object, java.lang.Object, java.lang.Object, java.lang.Object, java.lang.Object, java.lang.Object, java.lang.Object, int)'> (0x000000070fa74858) 
thrown [s\open\src\hotspot\share\interpreter\linkResolver.cpp, line 773]
Event: 7.600 Thread 0x000001ea0b40ada0 Exception <a 'java/lang/NoSuchMethodError'{0x000000070fa78838}: 'java.lang.Object java.lang.invoke.Invokers$Holder.linkToTargetMethod(java.lang.Object, java.lang.Object, java.lang.Object, java.lang.Object, java.lang.Object, java.lang.Object, int, java.lang.Object)'> (0x000000070fa78838) 
thrown [s\open\src\hotspot\share\interpreter\linkResolver.cpp, line 773]
Event: 7.711 Thread 0x000001ea0b40ada0 Implicit null exception at 0x000001e9b4d3eff7 to 0x000001e9b4d3f260
Event: 7.786 Thread 0x000001ea0b40ada0 Implicit null exception at 0x000001e9b51726d0 to 0x000001e9b51741f8
Event: 7.789 Thread 0x000001ea0b40ada0 Exception <a 'java/lang/IncompatibleClassChangeError'{0x0000000711705470}: Found class java.lang.Object, but interface was expected> (0x0000000711705470) 
thrown [s\open\src\hotspot\share\interpreter\linkResolver.cpp, line 840]
Event: 7.827 Thread 0x000001ea0b40ada0 Exception <a 'java/lang/IncompatibleClassChangeError'{0x00000007113a0268}: Found class java.lang.Object, but interface was expected> (0x00000007113a0268) 
thrown [s\open\src\hotspot\share\interpreter\linkResolver.cpp, line 840]
Event: 7.894 Thread 0x000001ea0b40ada0 Exception <a 'java/lang/IncompatibleClassChangeError'{0x0000000710c44248}: Found class java.lang.Object, but interface was expected> (0x0000000710c44248) 
thrown [s\open\src\hotspot\share\interpreter\linkResolver.cpp, line 840]
Event: 8.002 Thread 0x000001ea0b40ada0 Exception <a 'java/lang/IncompatibleClassChangeError'{0x0000000710939018}: Found class java.lang.Object, but interface was expected> (0x0000000710939018) 
thrown [s\open\src\hotspot\share\interpreter\linkResolver.cpp, line 840]
Event: 8.002 Thread 0x000001ea0b40ada0 Exception <a 'java/lang/IncompatibleClassChangeError'{0x000000071093e5a0}: Found class java.lang.Object, but interface was expected> (0x000000071093e5a0) 
thrown [s\open\src\hotspot\share\interpreter\linkResolver.cpp, line 840]
Event: 8.145 Thread 0x000001ea0b40ada0 Exception <a 'java/lang/NoSuchMethodError'{0x000000070f4b9528}: 'java.lang.Object java.lang.invoke.DirectMethodHandle$Holder.newInvokeSpecial(java.lang.Object, java.lang.Object, java.lang.Object, java.lang.Object, java.lang.Object, java.lang.Object, java.lang.Object, java.lang.Object)'> (0x000000070f4b9528) 
thrown [s\open\src\hotspot\share\interpreter\linkResolver.cpp, line 773]
Event: 8.245 Thread 0x000001ea0b40ada0 Exception <a 'java/lang/NoSuchMethodError'{0x00000007114b64a8}: 'java.lang.Object java.lang.invoke.DirectMethodHandle$Holder.invokeVirtual(java.lang.Object, java.lang.Object, java.lang.Object, java.lang.Object, java.lang.Object, java.lang.Object, java.lang.Object)'> (0x00000007114b64a8) 
thrown [s\open\src\hotspot\share\interpreter\linkResolver.cpp, line 773]
Event: 8.547 Thread 0x000001ea0b40ada0 Exception <a 'java/lang/IncompatibleClassChangeError'{0x0000000710f6ea68}: Found class java.lang.Object, but interface was expected> (0x0000000710f6ea68) 
thrown [s\open\src\hotspot\share\interpreter\linkResolver.cpp, line 840]
Event: 8.581 Thread 0x000001ea0b40ada0 Exception <a 'java/lang/NoSuchMethodError'{0x0000000710be47f0}: 'java.lang.Object java.lang.invoke.DirectMethodHandle$Holder.invokeVirtual(java.lang.Object, java.lang.Object, java.lang.Object, java.lang.Object, java.lang.Object, java.lang.Object, java.lang.Object, java.lang.Object, java.lang.Object)'> (0x0000000710be47f0) 
thrown [s\open\src\hotspot\share\interpreter\linkResolver.cpp, line 773]
Event: 8.601 Thread 0x000001ea0b40ada0 Exception <a 'java/lang/NoSuchMethodError'{0x0000000710633448}: 'java.lang.Object java.lang.invoke.DirectMethodHandle$Holder.newInvokeSpecial(java.lang.Object, java.lang.Object, java.lang.Object, java.lang.Object, java.lang.Object, java.lang.Object, java.lang.Object, java.lang.Object, java.lang.Object)'> (0x0000000710633448) 
thrown [s\open\src\hotspot\share\interpreter\linkResolver.cpp, line 773]
Event: 8.613 Thread 0x000001ea0b40ada0 Exception <a 'java/lang/NoSuchMethodError'{0x00000007104118b8}: 'int java.lang.invoke.DirectMethodHandle$Holder.invokeStatic(java.lang.Object, java.lang.Object, java.lang.Object, java.lang.Object, java.lang.Object)'> (0x00000007104118b8) 
thrown [s\open\src\hotspot\share\interpreter\linkResolver.cpp, line 773]
Event: 8.680 Thread 0x000001ea0b40ada0 Exception <a 'java/lang/NoSuchMethodError'{0x000000070fa63c48}: 'void java.lang.invoke.Invokers$Holder.invokeExact_MT(java.lang.Object, java.lang.Object, int, java.lang.Object)'> (0x000000070fa63c48) 
thrown [s\open\src\hotspot\share\interpreter\linkResolver.cpp, line 773]

ZGC Phase Switch (0 events):
No events

VM Operations (20 events):
Event: 8.160 Executing VM operation: G1CollectForAllocation (G1 Evacuation Pause)
Event: 8.165 Executing VM operation: G1CollectForAllocation (G1 Evacuation Pause) done
Event: 8.364 Executing VM operation: HandshakeAllThreads (Deoptimize)
Event: 8.364 Executing VM operation: HandshakeAllThreads (Deoptimize) done
Event: 8.364 Executing VM operation: HandshakeAllThreads (Deoptimize)
Event: 8.364 Executing VM operation: HandshakeAllThreads (Deoptimize) done
Event: 8.454 Executing VM operation: G1CollectForAllocation (G1 Evacuation Pause)
Event: 8.458 Executing VM operation: G1CollectForAllocation (G1 Evacuation Pause) done
Event: 8.561 Executing VM operation: HandshakeAllThreads (Deoptimize)
Event: 8.561 Executing VM operation: HandshakeAllThreads (Deoptimize) done
Event: 9.568 Executing VM operation: Cleanup
Event: 9.568 Executing VM operation: Cleanup done
Event: 9.709 Executing VM operation: HandshakeAllThreads (Deoptimize)
Event: 9.709 Executing VM operation: HandshakeAllThreads (Deoptimize) done
Event: 9.718 Executing VM operation: G1CollectForAllocation (G1 Evacuation Pause)
Event: 9.722 Executing VM operation: G1CollectForAllocation (G1 Evacuation Pause) done
Event: 9.746 Executing VM operation: G1PauseRemark
Event: 9.750 Executing VM operation: G1PauseRemark done
Event: 9.759 Executing VM operation: G1PauseCleanup
Event: 9.760 Executing VM operation: G1PauseCleanup done

Events (20 events):
Event: 9.749 Thread 0x000001e9c43b3880 flushing nmethod 0x000001e9ad725290
Event: 9.749 Thread 0x000001e9c43b3880 flushing nmethod 0x000001e9ad72e810
Event: 9.749 Thread 0x000001e9c43b3880 flushing nmethod 0x000001e9ad72f090
Event: 9.749 Thread 0x000001e9c43b3880 flushing nmethod 0x000001e9ad738110
Event: 9.749 Thread 0x000001e9c43b3880 flushing nmethod 0x000001e9ad739890
Event: 9.749 Thread 0x000001e9c43b3880 flushing nmethod 0x000001e9ada2a610
Event: 9.749 Thread 0x000001e9c43b3880 flushing nmethod 0x000001e9ada2ce90
Event: 9.749 Thread 0x000001e9c43b3880 flushing nmethod 0x000001e9ada31590
Event: 9.749 Thread 0x000001e9c43b3880 flushing nmethod 0x000001e9adbced10
Event: 9.749 Thread 0x000001e9c43b3880 flushing nmethod 0x000001e9adbffe90
Event: 9.749 Thread 0x000001e9c43b3880 flushing nmethod 0x000001e9adc03b10
Event: 9.749 Thread 0x000001e9c43b3880 flushing nmethod 0x000001e9adc64610
Event: 9.749 Thread 0x000001e9c43b3880 flushing nmethod 0x000001e9adc6a110
Event: 9.749 Thread 0x000001e9c43b3880 flushing nmethod 0x000001e9adc6a610
Event: 9.749 Thread 0x000001e9c43b3880 flushing nmethod 0x000001e9adc6d190
Event: 9.749 Thread 0x000001e9c43b3880 flushing nmethod 0x000001e9adc74990
Event: 9.749 Thread 0x000001e9c43b3880 flushing nmethod 0x000001e9adc75810
Event: 9.749 Thread 0x000001e9c43b3880 flushing nmethod 0x000001e9adcecf90
Event: 9.749 Thread 0x000001e9c43b3880 flushing nmethod 0x000001e9add5c110
Event: 9.749 Thread 0x000001e9c43b3880 flushing nmethod 0x000001e9ade99710


Dynamic libraries:
0x00007ff67a270000 - 0x00007ff67a280000 	C:\Program Files\Java\jdk-21\bin\java.exe
0x00007ff9b3b20000 - 0x00007ff9b3d86000 	C:\WINDOWS\SYSTEM32\ntdll.dll
0x00007ff9b25f0000 - 0x00007ff9b26b9000 	C:\WINDOWS\System32\KERNEL32.DLL
0x00007ff9b0db0000 - 0x00007ff9b11aa000 	C:\WINDOWS\System32\KERNELBASE.dll
0x00007ff9b16b0000 - 0x00007ff9b17fc000 	C:\WINDOWS\System32\ucrtbase.dll
0x00007ff99fed0000 - 0x00007ff99fee9000 	C:\Program Files\Java\jdk-21\bin\jli.dll
0x00007ff99ed30000 - 0x00007ff99ed4b000 	C:\Program Files\Java\jdk-21\bin\VCRUNTIME140.dll
0x00007ff9b2030000 - 0x00007ff9b20e6000 	C:\WINDOWS\System32\ADVAPI32.dll
0x00007ff9b2740000 - 0x00007ff9b27e9000 	C:\WINDOWS\System32\msvcrt.dll
0x00007ff9b2910000 - 0x00007ff9b29ba000 	C:\WINDOWS\System32\sechost.dll
0x00007ff9b3880000 - 0x00007ff9b3998000 	C:\WINDOWS\System32\RPCRT4.dll
0x00007ff9b1890000 - 0x00007ff9b1a57000 	C:\WINDOWS\System32\USER32.dll
0x00007ff996890000 - 0x00007ff996b22000 	C:\WINDOWS\WinSxS\amd64_microsoft.windows.common-controls_6595b64144ccf1df_6.0.26100.8521_none_3e08b75ce33403b3\COMCTL32.dll
0x00007ff9b11b0000 - 0x00007ff9b11d7000 	C:\WINDOWS\System32\win32u.dll
0x00007ff9b21d0000 - 0x00007ff9b21fb000 	C:\WINDOWS\System32\GDI32.dll
0x00007ff9b1350000 - 0x00007ff9b147b000 	C:\WINDOWS\System32\gdi32full.dll
0x00007ff9a7cd0000 - 0x00007ff9a7cdb000 	C:\WINDOWS\SYSTEM32\VERSION.dll
0x00007ff9b12a0000 - 0x00007ff9b1343000 	C:\WINDOWS\System32\msvcp_win.dll
0x00007ff9b3aa0000 - 0x00007ff9b3ad2000 	C:\WINDOWS\System32\IMM32.DLL
0x00007ff9aac40000 - 0x00007ff9aac4c000 	C:\Program Files\Java\jdk-21\bin\vcruntime140_1.dll
0x00007ff98d2d0000 - 0x00007ff98d35e000 	C:\Program Files\Java\jdk-21\bin\msvcp140.dll
0x00007ff924650000 - 0x00007ff92536a000 	C:\Program Files\Java\jdk-21\bin\server\jvm.dll
0x00007ff9b29c0000 - 0x00007ff9b2a40000 	C:\WINDOWS\System32\WS2_32.dll
0x00007ff9b0c30000 - 0x00007ff9b0c8e000 	C:\WINDOWS\SYSTEM32\POWRPROF.dll
0x00007ff9a7b50000 - 0x00007ff9a7b86000 	C:\WINDOWS\SYSTEM32\WINMM.dll
0x00007ff9b0c10000 - 0x00007ff9b0c24000 	C:\WINDOWS\SYSTEM32\UMPDC.dll
0x00007ff9afaa0000 - 0x00007ff9afabb000 	C:\WINDOWS\SYSTEM32\kernel.appcore.dll
0x00007ff99e3c0000 - 0x00007ff99e3ca000 	C:\Program Files\Java\jdk-21\bin\jimage.dll
0x00007ff9a99f0000 - 0x00007ff9a9c32000 	C:\WINDOWS\SYSTEM32\DBGHELP.DLL
0x00007ff9b3210000 - 0x00007ff9b3593000 	C:\WINDOWS\System32\combase.dll
0x00007ff9b20f0000 - 0x00007ff9b21c9000 	C:\WINDOWS\System32\OLEAUT32.dll
0x00007ff9982f0000 - 0x00007ff99832b000 	C:\WINDOWS\SYSTEM32\dbgcore.DLL
0x00007ff9b1480000 - 0x00007ff9b1528000 	C:\WINDOWS\System32\bcryptPrimitives.dll
0x00007ff9ad240000 - 0x00007ff9ad24f000 	C:\Program Files\Java\jdk-21\bin\instrument.dll
0x00007ff99bdf0000 - 0x00007ff99be0f000 	C:\Program Files\Java\jdk-21\bin\java.dll
0x00007ff9b2a50000 - 0x00007ff9b31d4000 	C:\WINDOWS\System32\SHELL32.dll
0x00007ff9ae950000 - 0x00007ff9af1d0000 	C:\WINDOWS\SYSTEM32\windows.storage.dll
0x00007ff9b3780000 - 0x00007ff9b3876000 	C:\WINDOWS\System32\SHCORE.dll
0x00007ff9b39a0000 - 0x00007ff9b3a07000 	C:\WINDOWS\System32\shlwapi.dll
0x00007ff9b0cd0000 - 0x00007ff9b0cf9000 	C:\WINDOWS\SYSTEM32\profapi.dll
0x00007ff98d1f0000 - 0x00007ff98d2c7000 	C:\Program Files\Java\jdk-21\bin\jsvml.dll
0x00007ff997b20000 - 0x00007ff997b38000 	C:\Program Files\Java\jdk-21\bin\zip.dll
0x00007ff99e370000 - 0x00007ff99e380000 	C:\Program Files\Java\jdk-21\bin\net.dll
0x00007ff9a9120000 - 0x00007ff9a9249000 	C:\WINDOWS\SYSTEM32\WINHTTP.dll
0x00007ff9b0050000 - 0x00007ff9b00bc000 	C:\WINDOWS\system32\mswsock.dll
0x00007ff9983b0000 - 0x00007ff9983c6000 	C:\Program Files\Java\jdk-21\bin\nio.dll
0x00007ff9ad220000 - 0x00007ff9ad23a000 	C:\Program Files\JetBrains\IntelliJ IDEA Community Edition 2024.2.3\bin\breakgen64.dll
0x00007ff99c420000 - 0x00007ff99c429000 	C:\Program Files\Java\jdk-21\bin\extnet.dll
0x00007ff99da60000 - 0x00007ff99da6a000 	C:\Program Files\Java\jdk-21\bin\management.dll
0x00007ff99d9e0000 - 0x00007ff99d9eb000 	C:\Program Files\Java\jdk-21\bin\management_ext.dll
0x00007ff9b2800000 - 0x00007ff9b2808000 	C:\WINDOWS\System32\PSAPI.DLL
0x00007ff9af570000 - 0x00007ff9af6ba000 	C:\WINDOWS\SYSTEM32\DNSAPI.dll
0x00007ff9afe70000 - 0x00007ff9afe7d000 	C:\WINDOWS\SYSTEM32\DSPARSE.dll
0x00007ff9af4e0000 - 0x00007ff9af513000 	C:\WINDOWS\SYSTEM32\IPHLPAPI.DLL
0x00007ff9b27f0000 - 0x00007ff9b27fa000 	C:\WINDOWS\System32\NSI.dll
0x00007ff9a7e20000 - 0x00007ff9a7e2b000 	C:\Windows\System32\rasadhlp.dll
0x00007ff9a8820000 - 0x00007ff9a88a6000 	C:\WINDOWS\System32\fwpuclnt.dll
0x00007ff998590000 - 0x00007ff99859e000 	C:\Program Files\Java\jdk-21\bin\sunmscapi.dll
0x00007ff9b1530000 - 0x00007ff9b16a8000 	C:\WINDOWS\System32\CRYPT32.dll
0x00007ff9b0590000 - 0x00007ff9b05c0000 	C:\WINDOWS\SYSTEM32\ncrypt.dll
0x00007ff9b0540000 - 0x00007ff9b057f000 	C:\WINDOWS\SYSTEM32\NTASN1.dll
0x00007ff9b0450000 - 0x00007ff9b046b000 	C:\WINDOWS\SYSTEM32\CRYPTSP.dll
0x00007ff9afa60000 - 0x00007ff9afa99000 	C:\WINDOWS\system32\rsaenh.dll
0x00007ff9b0100000 - 0x00007ff9b0133000 	C:\WINDOWS\SYSTEM32\USERENV.dll
0x00007ff9b0ca0000 - 0x00007ff9b0cca000 	C:\WINDOWS\SYSTEM32\bcrypt.dll
0x00007ff9b02b0000 - 0x00007ff9b02bc000 	C:\WINDOWS\SYSTEM32\CRYPTBASE.dll

dbghelp: loaded successfully - version: 4.0.5 - missing functions: none
symbol engine: initialized successfully - sym options: 0x614 - pdb path: .;C:\Program Files\Java\jdk-21\bin;C:\WINDOWS\SYSTEM32;C:\WINDOWS\WinSxS\amd64_microsoft.windows.common-controls_6595b64144ccf1df_6.0.26100.8521_none_3e08b75ce33403b3;C:\Program Files\Java\jdk-21\bin\server;C:\Program Files\JetBrains\IntelliJ IDEA Community Edition 2024.2.3\bin

VM Arguments:
jvm_args: -javaagent:C:\Program Files\JetBrains\IntelliJ IDEA Community Edition 2024.2.3\lib\idea_rt.jar=62117:C:\Program Files\JetBrains\IntelliJ IDEA Community Edition 2024.2.3\bin -Dfile.encoding=UTF-8 -Dsun.stdout.encoding=UTF-8 -Dsun.stderr.encoding=UTF-8 
java_command: com.stock_service.stock_service.StockServiceApplication
java_class_path (initial): C:\Users\hugo_\IdeaProjects_JAVA_TODO\PORTAFOLIO_Proyecto_3\stock-service\target\classes;C:\Users\hugo_\.m2\repository\org\springframework\boot\spring-boot-starter-actuator\3.5.7\spring-boot-starter-actuator-3.5.7.jar;C:\Users\hugo_\.m2\repository\org\springframework\boot\spring-boot-starter\3.5.7\spring-boot-starter-3.5.7.jar;C:\Users\hugo_\.m2\repository\org\springframework\boot\spring-boot-starter-logging\3.5.7\spring-boot-starter-logging-3.5.7.jar;C:\Users\hugo_\.m2\repository\ch\qos\logback\logback-classic\1.5.20\logback-classic-1.5.20.jar;C:\Users\hugo_\.m2\repository\ch\qos\logback\logback-core\1.5.20\logback-core-1.5.20.jar;C:\Users\hugo_\.m2\repository\org\apache\logging\log4j\log4j-to-slf4j\2.24.3\log4j-to-slf4j-2.24.3.jar;C:\Users\hugo_\.m2\repository\org\apache\logging\log4j\log4j-api\2.24.3\log4j-api-2.24.3.jar;C:\Users\hugo_\.m2\repository\org\slf4j\jul-to-slf4j\2.0.17\jul-to-slf4j-2.0.17.jar;C:\Users\hugo_\.m2\repository\jakarta\annotation\jakarta.annotation-api\2.1.1\jakarta.annotation-api-2.1.1.jar;C:\Users\hugo_\.m2\repository\org\yaml\snakeyaml\2.4\snakeyaml-2.4.jar;C:\Users\hugo_\.m2\repository\org\springframework\boot\spring-boot-actuator-autoconfigure\3.5.7\spring-boot-actuator-autoconfigure-3.5.7.jar;C:\Users\hugo_\.m2\repository\org\springframework\boot\spring-boot-actuator\3.5.7\spring-boot-actuator-3.5.7.jar;C:\Users\hugo_\.m2\repository\com\fasterxml\jackson\datatype\jackson-datatype-jsr310\2.19.2\jackson-datatype-jsr310-2.19.2.jar;C:\Users\hugo_\.m2\repository\io\micrometer\micrometer-observation\1.15.5\micrometer-observation-1.15.5.jar;C:\Users\hugo_\.m2\repository\io\micrometer\micrometer-commons\1.15.5\micrometer-commons-1.15.5.jar;C:\Users\hugo_\.m2\repository\io\micrometer\micrometer-jakarta9\1.15.5\micrometer-jakarta9-1.15.5.jar;C:\Users\hugo_\.m2\repository\io\micrometer\micrometer-core\1.15.5\micrometer-core-1.15.5.jar;C:\Users\hugo_\.m2\repository\org\hdrhistogram\HdrHistogram\2.2.2\HdrHistogram-2.2.2.jar;C:\Users\hugo_\.m2\repository\org\latencyutils\LatencyUtils\2.0.3\LatencyUtils-2.0.3.jar;C:\Users\hugo_\.m2\repository\org\springframework\boot\spring-boot-starter-data-jpa\3.5.7\spring-boot-starter-data-jpa-3.5.7.jar;C:\Users\hugo_\.m2\repository\org\springframework\boot\spring-boot-starter-jdbc\3.5.7\spring-boot-starter-jdbc-3.5.7.jar;C:\Users\hugo_\.m2\repository\com\zaxxer\HikariCP\6.3.3\HikariCP-6.3.3.jar;C:\Users\hugo_\.m2\repository\org\springframework\spring-jdbc\6.2.12\spring-jdbc-6.2.12.jar;C:\Users\hugo_\.m2\repository\org\hibernate\orm\hibernate-core\6.6.33.Final\hibernate-core-6.6.33.Final.jar;C:\Users\hugo_\.m2\repository\jakarta\persistence\jakarta.persistence-api\3.1.0\jakarta.persistence-api-3.1.0.jar;C:\Users\hugo_\.m2\repository\jakarta\transaction\jakarta.transaction-api\2.0.1\jakarta.transaction-api-2.0.1.jar;C:\Users\hugo_\.m2\repository\org\jboss\logging\jboss-logging\3.6.1.Final\jboss-logging-3.6.1.Final.jar;C:\Users\hugo_\.m2\repository\org\hibernate\common\hibernate-commons-annotations\7.0.3.Final\hibernate-commons-annotations-7.0.3.Final.jar;C:\Users\hugo_\.m2\repository\io\smallrye\jandex\3.2.0\jandex-3.2.0.jar;C:\Users\hugo_\.m2\repository\com\fasterxml\classmate\1.7.1\classmate-1.7.1.jar;C:\Users\hugo_\.m2\repository\net\bytebuddy\byte-buddy\1.17.8\byte-buddy-1.17.8.jar;C:\Users\hugo_\.m2\repository\org\glassfish\jaxb\jaxb-runtime\4.0.6\jaxb-runtime-4.0.6.jar;C:\Users\hugo_\.m2\repository\org\glassfish\jaxb\jaxb-core\4.0.6\jaxb-core-4.0.6.jar;C:\Users\hugo_\.m2\repository\org\eclipse\angus\angus-activation\2.0.3\angus-activation-2.0.3.jar;C:\Users\hugo_\.m2\repository\org\glassfish\jaxb\txw2\4.0.6\txw2-4.0.6.jar;C:\Users\hugo_\.m2\repository\com\sun\istack\istack-commons-runtime\4.1.2\istack-commons-runtime-4.1.2.jar;C:\Users\hugo_\.m2\repository\jakarta\inject\jakarta.inject-api\2.0.1\jakarta.inject-api-2.0.1.jar;C:\Users\hugo_\.m2\repository\org\antlr\antlr4-runtime\4.13.0\antlr4-runtime-4.13.0.jar;C:\Users\hugo_\.m2\repository\org\springframework\data\spring-data-jpa\3.5.5\spring-data-jpa-3.5.5.jar;C:\Users\hugo_\.m2\repository\org\springframework\data\spring-data-commons\3.5.5\spring-data-commons-3.5.5.jar;C:\Users\hugo_\.m2\repository\org\springframework\spring-orm\6.2.12\spring-orm-6.2.12.jar;C:\Users\hugo_\.m2\repository\org\springframework\spring-context\6.2.12\spring-context-6.2.12.jar;C:\Users\hugo_\.m2\repository\org\springframework\spring-tx\6.2.12\spring-tx-6.2.12.jar;C:\Users\hugo_\.m2\repository\org\springframework\spring-beans\6.2.12\spring-beans-6.2.12.jar;C:\Users\hugo_\.m2\repository\org\slf4j\slf4j-api\2.0.17\slf4j-api-2.0.17.jar;C:\Users\hugo_\.m2\repository\org\springframework\spring-aspects\6.2.12\spring-aspects-6.2.12.jar;C:\Users\hugo_\.m2\repository\org\aspectj\aspectjweaver\1.9.24\aspectjweaver-1.9.24.jar;C:\Users\hugo_\.m2\repository\org\springframework\boot\spring-boot-starter-security\3.5.7\spring-boot-starter-security-3.5.7.jar;C:\Users\hugo_\.m2\repository\org\springframework\spring-aop\6.2.12\spring-aop-6.2.12.jar;C:\Users\hugo_\.m2\repository\org\springframework\security\spring-security-config\6.5.6\spring-security-config-6.5.6.jar;C:\Users\hugo_\.m2\repository\org\springframework\security\spring-security-web\6.5.6\spring-security-web-6.5.6.jar;C:\Users\hugo_\.m2\repository\org\springframework\spring-expression\6.2.12\spring-expression-6.2.12.jar;C:\Users\hugo_\.m2\repository\org\springframework\boot\spring-boot-starter-validation\3.5.7\spring-boot-starter-validation-3.5.7.jar;C:\Users\hugo_\.m2\repository\org\apache\tomcat\embed\tomcat-embed-el\10.1.48\tomcat-embed-el-10.1.48.jar;C:\Users\hugo_\.m2\repository\org\hibernate\validator\hibernate-validator\8.0.3.Final\hibernate-validator-8.0.3.Final.jar;C:\Users\hugo_\.m2\repository\jakarta\validation\jakarta.validation-api\3.0.2\jakarta.validation-api-3.0.2.jar;C:\Users\hugo_\.m2\repository\org\springframework\boot\spring-boot-starter-web\3.5.7\spring-boot-starter-web-3.5.7.jar;C:\Users\hugo_\.m2\repository\org\springframework\boot\spring-boot-starter-json\3.5.7\spring-boot-starter-json-3.5.7.jar;C:\Users\hugo_\.m2\repository\com\fasterxml\jackson\datatype\jackson-datatype-jdk8\2.19.2\jackson-datatype-jdk8-2.19.2.jar;C:\Users\hugo_\.m2\repository\com\fasterxml\jackson\module\jackson-module-parameter-names\2.19.2\jackson-module-parameter-names-2.19.2.jar;C:\Users\hugo_\.m2\repository\org\springframework\boot\spring-boot-starter-tomcat\3.5.7\spring-boot-starter-tomcat-3.5.7.jar;C:\Users\hugo_\.m2\repository\org\apache\tomcat\embed\tomcat-embed-core\10.1.48\tomcat-embed-core-10.1.48.jar;C:\Users\hugo_\.m2\repository\org\apache\tomcat\embed\tomcat-embed-websocket\10.1.48\tomcat-embed-websocket-10.1.48.jar;C:\Users\hugo_\.m2\repository\org\springframework\spring-web\6.2.12\spring-web-6.2.12.jar;C:\Users\hugo_\.m2\repository\org\springframework\spring-webmvc\6.2.12\spring-webmvc-6.2.12.jar;C:\Users\hugo_\.m2\repository\org\springframework\cloud\spring-cloud-starter-circuitbreaker-resilience4j\3.3.0\spring-cloud-starter-circuitbreaker-resilience4j-3.3.0.jar;C:\Users\hugo_\.m2\repository\org\springframework\cloud\spring-cloud-starter\4.3.0\spring-cloud-starter-4.3.0.jar;C:\Users\hugo_\.m2\repository\org\springframework\cloud\spring-cloud-context\4.3.0\spring-cloud-context-4.3.0.jar;C:\Users\hugo_\.m2\repository\org\springframework\cloud\spring-cloud-commons\4.3.0\spring-cloud-commons-4.3.0.jar;C:\Users\hugo_\.m2\repository\org\bouncycastle\bcprov-jdk18on\1.80\bcprov-jdk18on-1.80.jar;C:\Users\hugo_\.m2\repository\org\springframework\cloud\spring-cloud-circuitbreaker-resilience4j\3.3.0\spring-cloud-circuitbreaker-resilience4j-3.3.0.jar;C:\Users\hugo_\.m2\repository\io\github\resilience4j\resilience4j-spring-boot3\2.2.0\resilience4j-spring-boot3-2.2.0.jar;C:\Users\hugo_\.m2\repository\io\github\resilience4j\resilience4j-spring6\2.2.0\resilience4j-spring6-2.2.0.jar;C:\Users\hugo_\.m2\repository\io\github\resilience4j\resilience4j-annotations\2.2.0\resilience4j-annotations-2.2.0.jar;C:\Users\hugo_\.m2\repository\io\github\resilience4j\resilience4j-consumer\2.2.0\resilience4j-consumer-2.2.0.jar;C:\Users\hugo_\.m2\repository\io\github\resilience4j\resilience4j-circularbuffer\2.2.0\resilience4j-circularbuffer-2.2.0.jar;C:\Users\hugo_\.m2\repository\io\github\resilience4j\resilience4j-framework-common\2.2.0\resilience4j-framework-common-2.2.0.jar;C:\Users\hugo_\.m2\repository\io\github\resilience4j\resilience4j-micrometer\2.2.0\resilience4j-micrometer-2.2.0.jar;C:\Users\hugo_\.m2\repository\io\github\resilience4j\resilience4j-retry\2.2.0\resilience4j-retry-2.2.0.jar;C:\Users\hugo_\.m2\repository\io\github\resilience4j\resilience4j-ratelimiter\2.2.0\resilience4j-ratelimiter-2.2.0.jar;C:\Users\hugo_\.m2\repository\org\springframework\boot\spring-boot-configuration-processor\3.5.7\spring-boot-configuration-processor-3.5.7.jar;C:\Users\hugo_\.m2\repository\io\github\resilience4j\resilience4j-circuitbreaker\2.2.0\resilience4j-circuitbreaker-2.2.0.jar;C:\Users\hugo_\.m2\repository\io\github\resilience4j\resilience4j-core\2.2.0\resilience4j-core-2.2.0.jar;C:\Users\hugo_\.m2\repository\io\github\resilience4j\resilience4j-timelimiter\2.2.0\resilience4j-timelimiter-2.2.0.jar;C:\Users\hugo_\.m2\repository\org\springframework\cloud\spring-cloud-starter-config\4.3.0\spring-cloud-starter-config-4.3.0.jar;C:\Users\hugo_\.m2\repository\org\springframework\cloud\spring-cloud-config-client\4.3.0\spring-cloud-config-client-4.3.0.jar;C:\Users\hugo_\.m2\repository\com\fasterxml\jackson\core\jackson-annotations\2.19.2\jackson-annotations-2.19.2.jar;C:\Users\hugo_\.m2\repository\org\apache\httpcomponents\client5\httpclient5\5.5.1\httpclient5-5.5.1.jar;C:\Users\hugo_\.m2\repository\org\apache\httpcomponents\core5\httpcore5\5.3.6\httpcore5-5.3.6.jar;C:\Users\hugo_\.m2\repository\org\apache\httpcomponents\core5\httpcore5-h2\5.3.6\httpcore5-h2-5.3.6.jar;C:\Users\hugo_\.m2\repository\com\fasterxml\jackson\core\jackson-databind\2.19.2\jackson-databind-2.19.2.jar;C:\Users\hugo_\.m2\repository\com\fasterxml\jackson\core\jackson-core\2.19.2\jackson-core-2.19.2.jar;C:\Users\hugo_\.m2\repository\org\springframework\cloud\spring-cloud-starter-netflix-eureka-client\4.3.0\spring-cloud-starter-netflix-eureka-client-4.3.0.jar;C:\Users\hugo_\.m2\repository\org\springframework\cloud\spring-cloud-netflix-eureka-client\4.3.0\spring-cloud-netflix-eureka-client-4.3.0.jar;C:\Users\hugo_\.m2\repository\com\netflix\eureka\eureka-client\2.0.4\eureka-client-2.0.4.jar;C:\Users\hugo_\.m2\repository\com\thoughtworks\xstream\xstream\1.4.20\xstream-1.4.20.jar;C:\Users\hugo_\.m2\repository\io\github\x-stream\mxparser\1.2.2\mxparser-1.2.2.jar;C:\Users\hugo_\.m2\repository\xmlpull\xmlpull\1.1.3.1\xmlpull-1.1.3.1.jar;C:\Users\hugo_\.m2\repository\jakarta\ws\rs\jakarta.ws.rs-api\3.1.0\jakarta.ws.rs-api-3.1.0.jar;C:\Users\hugo_\.m2\repository\com\netflix\spectator\spectator-api\1.7.3\spectator-api-1.7.3.jar;C:\Users\hugo_\.m2\repository\org\apache\httpcomponents\httpclient\4.5.3\httpclient-4.5.3.jar;C:\Users\hugo_\.m2\repository\org\apache\httpcomponents\httpcore\4.4.16\httpcore-4.4.16.jar;C:\Users\hugo_\.m2\repository\commons-codec\commons-codec\1.18.0\commons-codec-1.18.0.jar;C:\Users\hugo_\.m2\repository\commons-configuration\commons-configuration\1.10\commons-configuration-1.10.jar;C:\Users\hugo_\.m2\repository\commons-lang\commons-lang\2.6\commons-lang-2.6.jar;C:\Users\hugo_\.m2\repository\com\netflix\netflix-commons\netflix-eventbus\0.3.0\netflix-eventbus-0.3.0.jar;C:\Users\hugo_\.m2\repository\com\netflix\netflix-commons\netflix-infix\0.3.0\netflix-infix-0.3.0.jar;C:\Users\hugo_\.m2\repository\commons-jxpath\commons-jxpath\1.3\commons-jxpath-1.3.jar;C:\Users\hugo_\.m2\repository\joda-time\joda-time\2.3\joda-time-2.3.jar;C:\Users\hugo_\.m2\repository\org\antlr\antlr-runtime\3.4\antlr-runtime-3.4.jar;C:\Users\hugo_\.m2\repository\org\antlr\stringtemplate\3.2.1\stringtemplate-3.2.1.jar;C:\Users\hugo_\.m2\repository\antlr\antlr\2.7.7\antlr-2.7.7.jar;C:\Users\hugo_\.m2\repository\com\google\guava\guava\14.0.1\guava-14.0.1.jar;C:\Users\hugo_\.m2\repository\com\google\code\gson\gson\2.13.2\gson-2.13.2.jar;C:\Users\hugo_\.m2\repository\com\google\errorprone\error_prone_annotations\2.41.0\error_prone_annotations-2.41.0.jar;C:\Users\hugo_\.m2\repository\com\netflix\servo\servo-core\0.5.3\servo-core-0.5.3.jar;C:\Users\hugo_\.m2\repository\org\apache\commons\commons-math\2.2\commons-math-2.2.jar;C:\Users\hugo_\.m2\repository\javax\annotation\javax.annotation-api\1.2\javax.annotation-api-1.2.jar;C:\Users\hugo_\.m2\repository\org\codehaus\jettison\jettison\1.5.4\jettison-1.5.4.jar;C:\Users\hugo_\.m2\repository\org\springframework\cloud\spring-cloud-starter-loadbalancer\4.3.0\spring-cloud-starter-loadbalancer-4.3.0.jar;C:\Users\hugo_\.m2\repository\org\springframework\cloud\spring-cloud-loadbalancer\4.3.0\spring-cloud-loadbalancer-4.3.0.jar;C:\Users\hugo_\.m2\repository\io\projectreactor\reactor-core\3.7.12\reactor-core-3.7.12.jar;C:\Users\hugo_\.m2\repository\org\reactivestreams\reactive-streams\1.0.4\reactive-streams-1.0.4.jar;C:\Users\hugo_\.m2\repository\io\projectreactor\addons\reactor-extra\3.5.4\reactor-extra-3.5.4.jar;C:\Users\hugo_\.m2\repository\org\springframework\boot\spring-boot-starter-cache\3.5.7\spring-boot-starter-cache-3.5.7.jar;C:\Users\hugo_\.m2\repository\org\springframework\spring-context-support\6.2.12\spring-context-support-6.2.12.jar;C:\Users\hugo_\.m2\repository\com\stoyanr\evictor\1.0.0\evictor-1.0.0.jar;C:\Users\hugo_\.m2\repository\org\springframework\boot\spring-boot-devtools\3.5.7\spring-boot-devtools-3.5.7.jar;C:\Users\hugo_\.m2\repository\org\springframework\boot\spring-boot\3.5.7\spring-boot-3.5.7.jar;C:\Users\hugo_\.m2\repository\org\springframework\boot\spring-boot-autoconfigure\3.5.7\spring-boot-autoconfigure-3.5.7.jar;C:\Users\hugo_\.m2\repository\com\mysql\mysql-connector-j\9.4.0\mysql-connector-j-9.4.0.jar;C:\Users\hugo_\.m2\repository\org\projectlombok\lombok\1.18.42\lombok-1.18.42.jar;C:\Users\hugo_\.m2\repository\jakarta\xml\bind\jakarta.xml.bind-api\4.0.4\jakarta.xml.bind-api-4.0.4.jar;C:\Users\hugo_\.m2\repository\jakarta\activation\jakarta.activation-api\2.1.4\jakarta.activation-api-2.1.4.jar;C:\Users\hugo_\.m2\repository\org\springframework\spring-core\6.2.12\spring-core-6.2.12.jar;C:\Users\hugo_\.m2\repository\org\springframework\spring-jcl\6.2.12\spring-jcl-6.2.12.jar;C:\Users\hugo_\.m2\repository\org\springframework\security\spring-security-core\6.5.6\spring-security-core-6.5.6.jar;C:\Users\hugo_\.m2\repository\org\springframework\security\spring-security-crypto\6.5.6\spring-security-crypto-6.5.6.jar;C:\Users\hugo_\.m2\repository\org\mapstruct\mapstruct\1.5.5.Final\mapstruct-1.5.5.Final.jar;C:\Users\hugo_\.m2\repository\org\springdoc\springdoc-openapi-starter-webmvc-ui\2.5.0\springdoc-openapi-starter-webmvc-ui-2.5.0.jar;C:\Users\hugo_\.m2\repository\org\springdoc\springdoc-openapi-starter-webmvc-api\2.5.0\springdoc-openapi-starter-webmvc-api-2.5.0.jar;C:\Users\hugo_\.m2\repository\org\springdoc\springdoc-openapi-starter-common\2.5.0\springdoc-openapi-starter-common-2.5.0.jar;C:\Users\hugo_\.m2\repository\io\swagger\core\v3\swagger-core-jakarta\2.2.21\swagger-core-jakarta-2.2.21.jar;C:\Users\hugo_\.m2\repository\org\apache\commons\commons-lang3\3.17.0\commons-lang3-3.17.0.jar;C:\Users\hugo_\.m2\repository\io\swagger\core\v3\swagger-annotations-jakarta\2.2.21\swagger-annotations-jakarta-2.2.21.jar;C:\Users\hugo_\.m2\repository\io\swagger\core\v3\swagger-models-jakarta\2.2.21\swagger-models-jakarta-2.2.21.jar;C:\Users\hugo_\.m2\repository\com\fasterxml\jackson\dataformat\jackson-dataformat-yaml\2.19.2\jackson-dataformat-yaml-2.19.2.jar;C:\Users\hugo_\.m2\repository\org\webjars\swagger-ui\5.13.0\swagger-ui-5.13.0.jar
Launcher Type: SUN_STANDARD

[Global flags]
     intx CICompilerCount                          = 12                                        {product} {ergonomic}
     uint ConcGCThreads                            = 3                                         {product} {ergonomic}
     uint G1ConcRefinementThreads                  = 13                                        {product} {ergonomic}
   size_t G1HeapRegionSize                         = 2097152                                   {product} {ergonomic}
    uintx GCDrainStackTargetSize                   = 64                                        {product} {ergonomic}
   size_t InitialHeapSize                          = 257949696                                 {product} {ergonomic}
   size_t MarkStackSize                            = 4194304                                   {product} {ergonomic}
   size_t MaxHeapSize                              = 4108320768                                {product} {ergonomic}
   size_t MaxNewSize                               = 2464153600                                {product} {ergonomic}
   size_t MinHeapDeltaBytes                        = 2097152                                   {product} {ergonomic}
   size_t MinHeapSize                              = 8388608                                   {product} {ergonomic}
    uintx NonNMethodCodeHeapSize                   = 7602480                                {pd product} {ergonomic}
    uintx NonProfiledCodeHeapSize                  = 122027880                              {pd product} {ergonomic}
    uintx ProfiledCodeHeapSize                     = 122027880                              {pd product} {ergonomic}
    uintx ReservedCodeCacheSize                    = 251658240                              {pd product} {ergonomic}
     bool SegmentedCodeCache                       = true                                      {product} {ergonomic}
   size_t SoftMaxHeapSize                          = 4108320768                             {manageable} {ergonomic}
     bool UseCompressedOops                        = true                           {product lp64_product} {ergonomic}
     bool UseG1GC                                  = true                                      {product} {ergonomic}
     bool UseLargePagesIndividualAllocation        = false                                  {pd product} {ergonomic}

Logging:
Log output configuration:
 #0: stdout all=warning uptime,level,tags foldmultilines=false
 #1: stderr all=off uptime,level,tags foldmultilines=false

Environment Variables:
JAVA_HOME=C:\Program Files\Java\jdk-17
PATH=C:\Program Files\Common Files\Oracle\Java\javapath;C:\Program Files (x86)\Common Files\Oracle\Java\java8path;C:\Program Files (x86)\Common Files\Oracle\Java\javapath;C:\WINDOWS\system32;C:\WINDOWS;C:\WINDOWS\System32\Wbem;C:\WINDOWS\System32\WindowsPowerShell\v1.0\;C:\WINDOWS\System32\OpenSSH\;C:\Program Files\dotnet\;C:\Program Files (x86)\Microsoft SQL Server\160\Tools\Binn\;C:\Program Files\Microsoft SQL Server\160\Tools\Binn\;C:\Program Files\Microsoft SQL Server\Client SDK\ODBC\170\Tools\Binn\;C:\Program Files\Microsoft SQL Server\160\DTS\Binn\;C:\Program Files (x86)\Windows Kits\10\Windows Performance Toolkit\;C:\Program Files\Microsoft SQL Server\150\Tools\Binn\;C:\Program Files (x86)\Microsoft SQL Server\160\DTS\Binn\;C:\Program Files\Docker\Docker\resources\bin;C:\Program Files\Git\cmd;C:\Program Files\nodejs\;C:\Program Files\PuTTY\;C:\Users\hugo_\AppData\Local\Programs\Python\Python313\Scripts\;C:\Users\hugo_\AppData\Local\Programs\Python\Python313\;C:\Users\hugo_\AppData\Local\Programs\Python\Launcher\;C:\Users\hugo_\AppData\Local\Microsoft\WindowsApps;C:\Users\hugo_\AppData\Local\Programs\Microsoft VS Code\bin;C:\Users\hugo_\.dotnet\tools;C:\Program Files\Java\jdk-17\bin;C:\Users\hugo_\AppData\Roaming\npm;
USERNAME=hugo_
OS=Windows_NT
PROCESSOR_IDENTIFIER=AMD64 Family 25 Model 80 Stepping 0, AuthenticAMD
TMP=C:\Users\hugo_\AppData\Local\Temp
TEMP=C:\Users\hugo_\AppData\Local\Temp




Periodic native trim disabled

---------------  S Y S T E M  ---------------

OS:
 Windows 11 , 64 bit Build 26100 (10.0.26100.8521)
OS uptime: 0 days 8:16 hours
Hyper-V role detected

CPU: total 16 (initial active 16) (16 cores per cpu, 2 threads per core) family 25 model 80 stepping 0 microcode 0xa50000d, cx8, cmov, fxsr, ht, mmx, 3dnowpref, sse, sse2, sse3, ssse3, sse4a, sse4.1, sse4.2, popcnt, lzcnt, tsc, tscinvbit, avx, avx2, aes, erms, clmul, bmi1, bmi2, adx, sha, fma, vzeroupper, clflush, clflushopt, hv, rdtscp, rdpid, fsrm, f16c, cet_ss
Processor Information for all 16 processors :
  Max Mhz: 3801, Current Mhz: 3801, Mhz Limit: 3801

Memory: 4k page, system-wide physical 15664M (776M free)
TotalPageFile size 19760M (AvailPageFile size 42M)
current process WorkingSet (physical memory assigned to process): 342M, peak: 389M
current process commit charge ("private bytes"): 419M, peak: 452M

vm_info: Java HotSpot(TM) 64-Bit Server VM (21.0.6+8-LTS-188) for windows-amd64 JRE (21.0.6+8-LTS-188), built on 2024-12-03T10:50:54Z by "mach5one" with MS VC++ 17.6 (VS2022)

END.
