#
# There is insufficient memory for the Java Runtime Environment to continue.
# Native memory allocation (malloc) failed to allocate 1903984 bytes for Chunk::new
# Possible reasons:
#   The system is out of physical RAM or swap space
#   The process is running with CompressedOops enabled, and the Java Heap may be blocking the growth of the native heap
# Possible solutions:
#   Reduce memory load on the system
#   Increase physical memory or swap space
#   Check if swap backing store is full
#   Decrease Java heap size (-Xmx/-Xms)
#   Decrease number of Java threads
#   Decrease Java thread stack sizes (-Xss)
#   Set larger code cache with -XX:ReservedCodeCacheSize=
#   JVM is running with Zero Based Compressed Oops mode in which the Java heap is
#     placed in the first 32GB address space. The Java Heap base address is the
#     maximum limit for the native heap growth. Please use -XX:HeapBaseMinAddress
#     to set the Java Heap base and to place the Java Heap above 32GB virtual address.
# This output file may be truncated or incomplete.
#
#  Out of Memory Error (arena.cpp:168), pid=20408, tid=14392
#
# JRE version: Java(TM) SE Runtime Environment (21.0.6+8) (build 21.0.6+8-LTS-188)
# Java VM: Java HotSpot(TM) 64-Bit Server VM (21.0.6+8-LTS-188, mixed mode, sharing, tiered, compressed oops, compressed class ptrs, g1 gc, windows-amd64)
# No core dump will be written. Minidumps are not enabled by default on client versions of Windows
#

---------------  S U M M A R Y ------------

Command Line: -javaagent:C:\Program Files\JetBrains\IntelliJ IDEA Community Edition 2024.2.3\lib\idea_rt.jar=62070:C:\Program Files\JetBrains\IntelliJ IDEA Community Edition 2024.2.3\bin -Dfile.encoding=UTF-8 -Dsun.stdout.encoding=UTF-8 -Dsun.stderr.encoding=UTF-8 com.stock_service.stock_service.StockServiceApplication

Host: AMD Ryzen 7 5700G with Radeon Graphics         , 16 cores, 15G,  Windows 11 , 64 bit Build 26100 (10.0.26100.8521)
Time: Fri Jun 12 19:42:37 2026 Hora estándar de Argentina elapsed time: 8.868936 seconds (0d 0h 0m 8s)

---------------  T H R E A D  ---------------

Current thread (0x000001cd417d2600):  JavaThread "C2 CompilerThread3" daemon [_thread_in_native, id=14392, stack(0x0000007a40000000,0x0000007a40100000) (1024K)]


Current CompileTask:
C2:   8868 6456   !   4       org.springframework.beans.factory.support.DefaultListableBeanFactory::doGetBeanNamesForType (527 bytes)

Stack: [0x0000007a40000000,0x0000007a40100000]
Native frames: (J=compiled Java code, j=interpreted, Vv=VM code, C=native code)
V  [jvm.dll+0x6ca6d9]
V  [jvm.dll+0x854f51]
V  [jvm.dll+0x85747e]
V  [jvm.dll+0x857b53]
V  [jvm.dll+0x27dcc6]
V  [jvm.dll+0xc4c2d]
V  [jvm.dll+0xc5163]
V  [jvm.dll+0x3b515c]
V  [jvm.dll+0x381855]
V  [jvm.dll+0x380cca]
V  [jvm.dll+0x246920]
V  [jvm.dll+0x245eff]
V  [jvm.dll+0x1c6d2e]
V  [jvm.dll+0x2554f9]
V  [jvm.dll+0x253a8a]
V  [jvm.dll+0x3ee576]
V  [jvm.dll+0x7ff2fb]
V  [jvm.dll+0x6c8dbd]
C  [ucrtbase.dll+0x2cd30]
C  [KERNEL32.DLL+0x2e957]
C  [ntdll.dll+0x87c1c]


---------------  P R O C E S S  ---------------

Threads class SMR info:
_java_thread_list=0x000001cd8bcc1220, length=22, elements={
0x000001cd21b04740, 0x000001cd41348220, 0x000001cd41348c70, 0x000001cd413525f0,
0x000001cd41355650, 0x000001cd413532a0, 0x000001cd41354860, 0x000001cd4135ce30,
0x000001cd4136cc40, 0x000001cd417af070, 0x000001cd417d33a0, 0x000001cd87521bb0,
0x000001cd87522210, 0x000001cd88137aa0, 0x000001cd87fe2dc0, 0x000001cd87d644f0,
0x000001cd417d3a70, 0x000001cd417d1190, 0x000001cd417d4140, 0x000001cd417d2600,
0x000001cd8ae2b180, 0x000001cd8ae2c5f0
}

Java Threads: ( => current thread )
  0x000001cd21b04740 JavaThread "main"                              [_thread_blocked, id=17800, stack(0x0000007a3d400000,0x0000007a3d500000) (1024K)]
  0x000001cd41348220 JavaThread "Reference Handler"          daemon [_thread_blocked, id=21020, stack(0x0000007a3dc00000,0x0000007a3dd00000) (1024K)]
  0x000001cd41348c70 JavaThread "Finalizer"                  daemon [_thread_blocked, id=20124, stack(0x0000007a3dd00000,0x0000007a3de00000) (1024K)]
  0x000001cd413525f0 JavaThread "Signal Dispatcher"          daemon [_thread_blocked, id=10480, stack(0x0000007a3de00000,0x0000007a3df00000) (1024K)]
  0x000001cd41355650 JavaThread "Attach Listener"            daemon [_thread_blocked, id=14668, stack(0x0000007a3df00000,0x0000007a3e000000) (1024K)]
  0x000001cd413532a0 JavaThread "Service Thread"             daemon [_thread_blocked, id=18496, stack(0x0000007a3e000000,0x0000007a3e100000) (1024K)]
  0x000001cd41354860 JavaThread "Monitor Deflation Thread"   daemon [_thread_blocked, id=6660, stack(0x0000007a3e100000,0x0000007a3e200000) (1024K)]
  0x000001cd4135ce30 JavaThread "C2 CompilerThread0"         daemon [_thread_in_native, id=16396, stack(0x0000007a3e200000,0x0000007a3e300000) (1024K)]
  0x000001cd4136cc40 JavaThread "C1 CompilerThread0"         daemon [_thread_blocked, id=20892, stack(0x0000007a3e300000,0x0000007a3e400000) (1024K)]
  0x000001cd417af070 JavaThread "Common-Cleaner"             daemon [_thread_blocked, id=18540, stack(0x0000007a3e400000,0x0000007a3e500000) (1024K)]
  0x000001cd417d33a0 JavaThread "C1 CompilerThread1"         daemon [_thread_blocked, id=17832, stack(0x0000007a3e500000,0x0000007a3e600000) (1024K)]
  0x000001cd87521bb0 JavaThread "Monitor Ctrl-Break"         daemon [_thread_in_native, id=20448, stack(0x0000007a3e900000,0x0000007a3ea00000) (1024K)]
  0x000001cd87522210 JavaThread "Notification Thread"        daemon [_thread_blocked, id=16160, stack(0x0000007a3ea00000,0x0000007a3eb00000) (1024K)]
  0x000001cd88137aa0 JavaThread "Thread-0"                          [_thread_blocked, id=18892, stack(0x0000007a3f200000,0x0000007a3f300000) (1024K)]
  0x000001cd87fe2dc0 JavaThread "restartedMain"                     [_thread_in_Java, id=11040, stack(0x0000007a3f300000,0x0000007a3f400000) (1024K)]
  0x000001cd87d644f0 JavaThread "Keep-Alive-Timer"           daemon [_thread_blocked, id=6620, stack(0x0000007a3e700000,0x0000007a3e800000) (1024K)]
  0x000001cd417d3a70 JavaThread "C1 CompilerThread2"         daemon [_thread_blocked, id=6916, stack(0x0000007a3e600000,0x0000007a3e700000) (1024K)]
  0x000001cd417d1190 JavaThread "C2 CompilerThread1"         daemon [_thread_in_native, id=9312, stack(0x0000007a3eb00000,0x0000007a3ec00000) (1024K)]
  0x000001cd417d4140 JavaThread "C2 CompilerThread2"         daemon [_thread_in_native, id=12452, stack(0x0000007a3f000000,0x0000007a3f100000) (1024K)]
=>0x000001cd417d2600 JavaThread "C2 CompilerThread3"         daemon [_thread_in_native, id=14392, stack(0x0000007a40000000,0x0000007a40100000) (1024K)]
  0x000001cd8ae2b180 JavaThread "C2 CompilerThread4"         daemon [_thread_in_native, id=11792, stack(0x0000007a3fd00000,0x0000007a3fe00000) (1024K)]
  0x000001cd8ae2c5f0 JavaThread "C2 CompilerThread5"         daemon [_thread_in_native, id=7784, stack(0x0000007a3e800000,0x0000007a3e900000) (1024K)]
Total: 22

Other Threads:
  0x000001cd41331180 VMThread "VM Thread"                           [id=20668, stack(0x0000007a3db00000,0x0000007a3dc00000) (1024K)]
  0x000001cd4131ef20 WatcherThread "VM Periodic Task Thread"        [id=3300, stack(0x0000007a3da00000,0x0000007a3db00000) (1024K)]
  0x000001cd21b66ad0 WorkerThread "GC Thread#0"                     [id=16516, stack(0x0000007a3d500000,0x0000007a3d600000) (1024K)]
  0x000001cd87ba6c20 WorkerThread "GC Thread#1"                     [id=18840, stack(0x0000007a3ec00000,0x0000007a3ed00000) (1024K)]
  0x000001cd8787ac60 WorkerThread "GC Thread#2"                     [id=19052, stack(0x0000007a3ed00000,0x0000007a3ee00000) (1024K)]
  0x000001cd877f6360 WorkerThread "GC Thread#3"                     [id=21416, stack(0x0000007a3ee00000,0x0000007a3ef00000) (1024K)]
  0x000001cd8787f990 WorkerThread "GC Thread#4"                     [id=18244, stack(0x0000007a3ef00000,0x0000007a3f000000) (1024K)]
  0x000001cd87b5fd20 WorkerThread "GC Thread#5"                     [id=3224, stack(0x0000007a3f100000,0x0000007a3f200000) (1024K)]
  0x000001cd88532020 WorkerThread "GC Thread#6"                     [id=5960, stack(0x0000007a3f400000,0x0000007a3f500000) (1024K)]
  0x000001cd88532760 WorkerThread "GC Thread#7"                     [id=21472, stack(0x0000007a3f500000,0x0000007a3f600000) (1024K)]
  0x000001cd885318e0 WorkerThread "GC Thread#8"                     [id=19104, stack(0x0000007a3f600000,0x0000007a3f700000) (1024K)]
  0x000001cd885323c0 WorkerThread "GC Thread#9"                     [id=15076, stack(0x0000007a3f700000,0x0000007a3f800000) (1024K)]
  0x000001cd88531c80 WorkerThread "GC Thread#10"                    [id=20232, stack(0x0000007a3f800000,0x0000007a3f900000) (1024K)]
  0x000001cd88532b00 WorkerThread "GC Thread#11"                    [id=18696, stack(0x0000007a3f900000,0x0000007a3fa00000) (1024K)]
  0x000001cd88531540 WorkerThread "GC Thread#12"                    [id=20488, stack(0x0000007a3fa00000,0x0000007a3fb00000) (1024K)]
  0x000001cd21b77c10 ConcurrentGCThread "G1 Main Marker"            [id=18172, stack(0x0000007a3d600000,0x0000007a3d700000) (1024K)]
  0x000001cd21b7b0d0 WorkerThread "G1 Conc#0"                       [id=19348, stack(0x0000007a3d700000,0x0000007a3d800000) (1024K)]
  0x000001cd88ffc560 WorkerThread "G1 Conc#1"                       [id=11956, stack(0x0000007a3fe00000,0x0000007a3ff00000) (1024K)]
  0x000001cd88ffac00 WorkerThread "G1 Conc#2"                       [id=5872, stack(0x0000007a3ff00000,0x0000007a40000000) (1024K)]
  0x000001cd411ec620 ConcurrentGCThread "G1 Refine#0"               [id=14172, stack(0x0000007a3d800000,0x0000007a3d900000) (1024K)]
  0x000001cd411ed090 ConcurrentGCThread "G1 Service"                [id=1740, stack(0x0000007a3d900000,0x0000007a3da00000) (1024K)]
Total: 21

Threads with active compile tasks:
C2 CompilerThread0     9256 6472       4       org.springframework.aop.aspectj.AspectJExpressionPointcut::matches (69 bytes)
C2 CompilerThread1     9256 6473   !   4       org.springframework.aop.aspectj.AspectJExpressionPointcut::getTargetShadowMatch (98 bytes)
C2 CompilerThread2     9256 6592   !   4       org.aspectj.weaver.World::resolve (354 bytes)
C2 CompilerThread3     9256 6456   !   4       org.springframework.beans.factory.support.DefaultListableBeanFactory::doGetBeanNamesForType (527 bytes)
C2 CompilerThread4     9256 6572       4       org.springframework.beans.factory.support.AbstractBeanFactory::isTypeMatch (745 bytes)
C2 CompilerThread5     9256 6588       4       org.springframework.boot.context.properties.source.SpringConfigurationPropertySources$SourcesIterator::fetchNext (139 bytes)
Total: 6

VM state: not at safepoint (normal execution)

VM Mutex/Monitor currently owned by a thread: None

Heap address: 0x000000070b200000, size: 3918 MB, Compressed Oops mode: Zero based, Oop shift amount: 3

CDS archive(s) mapped at: [0x000001cd42000000-0x000001cd42c90000-0x000001cd42c90000), size 13172736, SharedBaseAddress: 0x000001cd42000000, ArchiveRelocationMode: 1.
Compressed class space mapped at: 0x000001cd43000000-0x000001cd83000000, reserved size: 1073741824
Narrow klass base: 0x000001cd42000000, Narrow klass shift: 0, Narrow klass range: 0x100000000

GC Precious Log:
 CardTable entry size: 512
 Card Set container configuration: InlinePtr #cards 4 size 8 Array Of Cards #cards 16 size 48 Howl #buckets 8 coarsen threshold 3686 Howl Bitmap #cards 512 size 80 coarsen threshold 460 Card regions per heap region 1 cards per card region 4096
 CPUs: 16 total, 16 available
 Memory: 15664M
 Large Page Support: Disabled
 NUMA Support: Disabled
 Compressed Oops: Enabled (Zero based)
 Heap Region Size: 2M
 Heap Min Capacity: 8M
 Heap Initial Capacity: 246M
 Heap Max Capacity: 3918M
 Pre-touch: Disabled
 Parallel Workers: 13
 Concurrent Workers: 3
 Concurrent Refinement Workers: 13
 Periodic GC: Disabled

Heap:
 garbage-first heap   total 110592K, used 65114K [0x000000070b200000, 0x0000000800000000)
  region size 2048K, 20 young (40960K), 4 survivors (8192K)
 Metaspace       used 46281K, committed 46848K, reserved 1114112K
  class space    used 5896K, committed 6144K, reserved 1048576K

Heap Regions: E=young(eden), S=young(survivor), O=old, HS=humongous(starts), HC=humongous(continues), CS=collection set, F=free, TAMS=top-at-mark-start, PB=parsable bottom
|   0|0x000000070b200000, 0x000000070b400000, 0x000000070b400000|100%| O|  |TAMS 0x000000070b200000| PB 0x000000070b200000| Untracked 
|   1|0x000000070b400000, 0x000000070b600000, 0x000000070b600000|100%| O|  |TAMS 0x000000070b400000| PB 0x000000070b400000| Untracked 
|   2|0x000000070b600000, 0x000000070b800000, 0x000000070b800000|100%| O|  |TAMS 0x000000070b600000| PB 0x000000070b600000| Untracked 
|   3|0x000000070b800000, 0x000000070ba00000, 0x000000070ba00000|100%| O|  |TAMS 0x000000070b800000| PB 0x000000070b800000| Untracked 
|   4|0x000000070ba00000, 0x000000070bbe7258, 0x000000070bc00000| 95%| O|  |TAMS 0x000000070ba00000| PB 0x000000070ba00000| Untracked 
|   5|0x000000070bc00000, 0x000000070be00000, 0x000000070be00000|100%| O|  |TAMS 0x000000070bc00000| PB 0x000000070bc00000| Untracked 
|   6|0x000000070be00000, 0x000000070c000000, 0x000000070c000000|100%| O|  |TAMS 0x000000070be00000| PB 0x000000070be00000| Untracked 
|   7|0x000000070c000000, 0x000000070c200000, 0x000000070c200000|100%| O|  |TAMS 0x000000070c000000| PB 0x000000070c000000| Untracked 
|   8|0x000000070c200000, 0x000000070c400000, 0x000000070c400000|100%| O|  |TAMS 0x000000070c200000| PB 0x000000070c200000| Untracked 
|   9|0x000000070c400000, 0x000000070c600000, 0x000000070c600000|100%| O|  |TAMS 0x000000070c400000| PB 0x000000070c400000| Untracked 
|  10|0x000000070c600000, 0x000000070c800000, 0x000000070c800000|100%| O|  |TAMS 0x000000070c600000| PB 0x000000070c600000| Untracked 
|  11|0x000000070c800000, 0x000000070ca00000, 0x000000070ca00000|100%| O|  |TAMS 0x000000070c800000| PB 0x000000070c800000| Untracked 
|  12|0x000000070ca00000, 0x000000070cc00000, 0x000000070cc00000|100%| O|  |TAMS 0x000000070ca00000| PB 0x000000070ca00000| Untracked 
|  13|0x000000070cc00000, 0x000000070cdaf720, 0x000000070ce00000| 84%| O|  |TAMS 0x000000070cc00000| PB 0x000000070cc00000| Untracked 
|  14|0x000000070ce00000, 0x000000070ce00000, 0x000000070d000000|  0%| F|  |TAMS 0x000000070ce00000| PB 0x000000070ce00000| Untracked 
|  15|0x000000070d000000, 0x000000070d000000, 0x000000070d200000|  0%| F|  |TAMS 0x000000070d000000| PB 0x000000070d000000| Untracked 
|  16|0x000000070d200000, 0x000000070d200000, 0x000000070d400000|  0%| F|  |TAMS 0x000000070d200000| PB 0x000000070d200000| Untracked 
|  17|0x000000070d400000, 0x000000070d400000, 0x000000070d600000|  0%| F|  |TAMS 0x000000070d400000| PB 0x000000070d400000| Untracked 
|  18|0x000000070d600000, 0x000000070d600000, 0x000000070d800000|  0%| F|  |TAMS 0x000000070d600000| PB 0x000000070d600000| Untracked 
|  19|0x000000070d800000, 0x000000070d800000, 0x000000070da00000|  0%| F|  |TAMS 0x000000070d800000| PB 0x000000070d800000| Untracked 
|  20|0x000000070da00000, 0x000000070da00000, 0x000000070dc00000|  0%| F|  |TAMS 0x000000070da00000| PB 0x000000070da00000| Untracked 
|  21|0x000000070dc00000, 0x000000070de00000, 0x000000070de00000|100%| S|CS|TAMS 0x000000070dc00000| PB 0x000000070dc00000| Complete 
|  22|0x000000070de00000, 0x000000070e000000, 0x000000070e000000|100%| S|CS|TAMS 0x000000070de00000| PB 0x000000070de00000| Complete 
|  23|0x000000070e000000, 0x000000070e200000, 0x000000070e200000|100%| S|CS|TAMS 0x000000070e000000| PB 0x000000070e000000| Complete 
|  24|0x000000070e200000, 0x000000070e400000, 0x000000070e400000|100%| S|CS|TAMS 0x000000070e200000| PB 0x000000070e200000| Complete 
|  25|0x000000070e400000, 0x000000070e400000, 0x000000070e600000|  0%| F|  |TAMS 0x000000070e400000| PB 0x000000070e400000| Untracked 
|  26|0x000000070e600000, 0x000000070e600000, 0x000000070e800000|  0%| F|  |TAMS 0x000000070e600000| PB 0x000000070e600000| Untracked 
|  27|0x000000070e800000, 0x000000070e800000, 0x000000070ea00000|  0%| F|  |TAMS 0x000000070e800000| PB 0x000000070e800000| Untracked 
|  28|0x000000070ea00000, 0x000000070ea00000, 0x000000070ec00000|  0%| F|  |TAMS 0x000000070ea00000| PB 0x000000070ea00000| Untracked 
|  29|0x000000070ec00000, 0x000000070ec00000, 0x000000070ee00000|  0%| F|  |TAMS 0x000000070ec00000| PB 0x000000070ec00000| Untracked 
|  30|0x000000070ee00000, 0x000000070ee00000, 0x000000070f000000|  0%| F|  |TAMS 0x000000070ee00000| PB 0x000000070ee00000| Untracked 
|  31|0x000000070f000000, 0x000000070f000000, 0x000000070f200000|  0%| F|  |TAMS 0x000000070f000000| PB 0x000000070f000000| Untracked 
|  32|0x000000070f200000, 0x000000070f200000, 0x000000070f400000|  0%| F|  |TAMS 0x000000070f200000| PB 0x000000070f200000| Untracked 
|  33|0x000000070f400000, 0x000000070f400000, 0x000000070f600000|  0%| F|  |TAMS 0x000000070f400000| PB 0x000000070f400000| Untracked 
|  34|0x000000070f600000, 0x000000070f600000, 0x000000070f800000|  0%| F|  |TAMS 0x000000070f600000| PB 0x000000070f600000| Untracked 
|  35|0x000000070f800000, 0x000000070f800000, 0x000000070fa00000|  0%| F|  |TAMS 0x000000070f800000| PB 0x000000070f800000| Untracked 
|  36|0x000000070fa00000, 0x000000070fa00000, 0x000000070fc00000|  0%| F|  |TAMS 0x000000070fa00000| PB 0x000000070fa00000| Untracked 
|  37|0x000000070fc00000, 0x000000070fc00000, 0x000000070fe00000|  0%| F|  |TAMS 0x000000070fc00000| PB 0x000000070fc00000| Untracked 
|  38|0x000000070fe00000, 0x000000070fffa808, 0x0000000710000000| 98%| E|  |TAMS 0x000000070fe00000| PB 0x000000070fe00000| Complete 
|  39|0x0000000710000000, 0x0000000710200000, 0x0000000710200000|100%| E|CS|TAMS 0x0000000710000000| PB 0x0000000710000000| Complete 
|  40|0x0000000710200000, 0x0000000710400000, 0x0000000710400000|100%| E|CS|TAMS 0x0000000710200000| PB 0x0000000710200000| Complete 
|  41|0x0000000710400000, 0x0000000710600000, 0x0000000710600000|100%| E|CS|TAMS 0x0000000710400000| PB 0x0000000710400000| Complete 
|  42|0x0000000710600000, 0x0000000710800000, 0x0000000710800000|100%| E|CS|TAMS 0x0000000710600000| PB 0x0000000710600000| Complete 
|  43|0x0000000710800000, 0x0000000710a00000, 0x0000000710a00000|100%| E|CS|TAMS 0x0000000710800000| PB 0x0000000710800000| Complete 
|  44|0x0000000710a00000, 0x0000000710c00000, 0x0000000710c00000|100%| E|CS|TAMS 0x0000000710a00000| PB 0x0000000710a00000| Complete 
|  45|0x0000000710c00000, 0x0000000710e00000, 0x0000000710e00000|100%| E|CS|TAMS 0x0000000710c00000| PB 0x0000000710c00000| Complete 
|  46|0x0000000710e00000, 0x0000000711000000, 0x0000000711000000|100%| E|CS|TAMS 0x0000000710e00000| PB 0x0000000710e00000| Complete 
|  47|0x0000000711000000, 0x0000000711200000, 0x0000000711200000|100%| E|CS|TAMS 0x0000000711000000| PB 0x0000000711000000| Complete 
| 108|0x0000000718a00000, 0x0000000718c00000, 0x0000000718c00000|100%| E|CS|TAMS 0x0000000718a00000| PB 0x0000000718a00000| Complete 
| 109|0x0000000718c00000, 0x0000000718e00000, 0x0000000718e00000|100%| E|CS|TAMS 0x0000000718c00000| PB 0x0000000718c00000| Complete 
| 110|0x0000000718e00000, 0x0000000719000000, 0x0000000719000000|100%| E|CS|TAMS 0x0000000718e00000| PB 0x0000000718e00000| Complete 
| 111|0x0000000719000000, 0x0000000719200000, 0x0000000719200000|100%| E|CS|TAMS 0x0000000719000000| PB 0x0000000719000000| Complete 
| 112|0x0000000719200000, 0x0000000719400000, 0x0000000719400000|100%| E|  |TAMS 0x0000000719200000| PB 0x0000000719200000| Complete 
| 122|0x000000071a600000, 0x000000071a800000, 0x000000071a800000|100%| E|CS|TAMS 0x000000071a600000| PB 0x000000071a600000| Complete 

Card table byte_map: [0x000001cd39fa0000,0x000001cd3a750000] _byte_map_base: 0x000001cd36747000

Marking Bits: (CMBitMap*) 0x000001cd21b66fe0
 Bits: [0x000001cd3a750000, 0x000001cd3e488000)

Polling page: 0x000001cd1f9c0000

Metaspace:

Usage:
  Non-class:     39.44 MB used.
      Class:      5.76 MB used.
       Both:     45.20 MB used.

Virtual space:
  Non-class space:       64.00 MB reserved,      39.75 MB ( 62%) committed,  1 nodes.
      Class space:        1.00 GB reserved,       6.00 MB ( <1%) committed,  1 nodes.
             Both:        1.06 GB reserved,      45.75 MB (  4%) committed. 

Chunk freelists:
   Non-Class:  8.23 MB
       Class:  9.97 MB
        Both:  18.20 MB

MaxMetaspaceSize: unlimited
CompressedClassSpaceSize: 1.00 GB
Initial GC threshold: 21.00 MB
Current GC threshold: 58.69 MB
CDS: on
 - commit_granule_bytes: 65536.
 - commit_granule_words: 8192.
 - virtual_space_node_default_size: 8388608.
 - enlarge_chunks_in_place: 1.
 - use_allocation_guard: 0.


Internal statistics:

num_allocs_failed_limit: 6.
num_arena_births: 722.
num_arena_deaths: 0.
num_vsnodes_births: 2.
num_vsnodes_deaths: 0.
num_space_committed: 732.
num_space_uncommitted: 0.
num_chunks_returned_to_freelist: 6.
num_chunks_taken_from_freelist: 2391.
num_chunk_merges: 6.
num_chunk_splits: 1648.
num_chunks_enlarged: 1230.
num_inconsistent_stats: 0.

CodeHeap 'non-profiled nmethods': size=119168Kb used=5001Kb max_used=5001Kb free=114166Kb
 bounds [0x000001cd31b10000, 0x000001cd32000000, 0x000001cd38f70000]
CodeHeap 'profiled nmethods': size=119104Kb used=13936Kb max_used=13936Kb free=105167Kb
 bounds [0x000001cd29f70000, 0x000001cd2ad10000, 0x000001cd313c0000]
CodeHeap 'non-nmethods': size=7488Kb used=2654Kb max_used=3310Kb free=4833Kb
 bounds [0x000001cd313c0000, 0x000001cd31700000, 0x000001cd31b10000]
 total_blobs=6781 nmethods=6182 adapters=501
 compilation: enabled
              stopped_count=0, restarted_count=0
 full_count=0

Compilation events (20 events):
Event: 7.824 Thread 0x000001cd417d3a70 6580       3       java.lang.invoke.Invokers$Holder::linkToTargetMethod (13 bytes)
Event: 7.825 Thread 0x000001cd417d3a70 nmethod 6580 0x000001cd2acf5710 code [0x000001cd2acf58e0, 0x000001cd2acf5b98]
Event: 7.825 Thread 0x000001cd417d3a70 6581       3       org.aspectj.apache.bcel.classfile.InnerClasses::<init> (16 bytes)
Event: 7.825 Thread 0x000001cd417d33a0 6582       3       org.aspectj.apache.bcel.classfile.InnerClasses::setInnerClasses (20 bytes)
Event: 7.826 Thread 0x000001cd417d33a0 nmethod 6582 0x000001cd2acf5c90 code [0x000001cd2acf5e40, 0x000001cd2acf6010]
Event: 7.826 Thread 0x000001cd417d3a70 nmethod 6581 0x000001cd2acf6110 code [0x000001cd2acf62e0, 0x000001cd2acf6630]
Event: 7.826 Thread 0x000001cd417d33a0 6583       3       org.aspectj.apache.bcel.classfile.InnerClasses::<init> (65 bytes)
Event: 7.827 Thread 0x000001cd417d33a0 nmethod 6583 0x000001cd2acf6790 code [0x000001cd2acf6a00, 0x000001cd2acf7590]
Event: 7.830 Thread 0x000001cd4136cc40 6584       3       org.springframework.aop.framework.autoproxy.AutoProxyUtils::isOriginalInstance (55 bytes)
Event: 7.831 Thread 0x000001cd4136cc40 nmethod 6584 0x000001cd2acf7a10 code [0x000001cd2acf7ca0, 0x000001cd2acf8880]
Event: 7.831 Thread 0x000001cd4136cc40 6585       3       org.springframework.beans.AbstractNestablePropertyAccessor::getWrappedClass (8 bytes)
Event: 7.832 Thread 0x000001cd4136cc40 nmethod 6585 0x000001cd2acf8d10 code [0x000001cd2acf8ee0, 0x000001cd2acf9238]
Event: 7.834 Thread 0x000001cd4136cc40 6586       3       java.util.concurrent.ConcurrentHashMap::keySet (5 bytes)
Event: 7.834 Thread 0x000001cd417d3a70 6587       1       org.springframework.beans.factory.InjectionPoint::getMethodParameter (5 bytes)
Event: 7.834 Thread 0x000001cd4136cc40 nmethod 6586 0x000001cd2acf9390 code [0x000001cd2acf9540, 0x000001cd2acf9700]
Event: 7.834 Thread 0x000001cd417d3a70 nmethod 6587 0x000001cd31fd7b90 code [0x000001cd31fd7d20, 0x000001cd31fd7df0]
Event: 7.844 Thread 0x000001cd417d4140 nmethod 6464 0x000001cd31fd7e90 code [0x000001cd31fd8540, 0x000001cd31fdc540]
Event: 7.845 Thread 0x000001cd417d4140 6589       4       org.aspectj.apache.bcel.classfile.Attribute::readAttribute (568 bytes)
Event: 8.860 Thread 0x000001cd417d3a70 6591       3       org.springframework.beans.factory.annotation.InjectionMetadata::<init> (15 bytes)
Event: 8.860 Thread 0x000001cd417d3a70 nmethod 6591 0x000001cd2acf9790 code [0x000001cd2acf9940, 0x000001cd2acf9b70]

GC Heap History (18 events):
Event: 0.583 GC heap before
{Heap before GC invocations=0 (full 0):
 garbage-first heap   total 251904K, used 20480K [0x000000070b200000, 0x0000000800000000)
  region size 2048K, 11 young (22528K), 0 survivors (0K)
 Metaspace       used 2985K, committed 3200K, reserved 1114112K
  class space    used 289K, committed 384K, reserved 1048576K
}
Event: 0.589 GC heap after
{Heap after GC invocations=1 (full 0):
 garbage-first heap   total 251904K, used 10427K [0x000000070b200000, 0x0000000800000000)
  region size 2048K, 2 young (4096K), 2 survivors (4096K)
 Metaspace       used 2985K, committed 3200K, reserved 1114112K
  class space    used 289K, committed 384K, reserved 1048576K
}
Event: 0.820 GC heap before
{Heap before GC invocations=1 (full 0):
 garbage-first heap   total 251904K, used 26811K [0x000000070b200000, 0x0000000800000000)
  region size 2048K, 11 young (22528K), 2 survivors (4096K)
 Metaspace       used 5246K, committed 5440K, reserved 1114112K
  class space    used 519K, committed 640K, reserved 1048576K
}
Event: 0.826 GC heap after
{Heap after GC invocations=2 (full 0):
 garbage-first heap   total 251904K, used 14162K [0x000000070b200000, 0x0000000800000000)
  region size 2048K, 2 young (4096K), 2 survivors (4096K)
 Metaspace       used 5246K, committed 5440K, reserved 1114112K
  class space    used 519K, committed 640K, reserved 1048576K
}
Event: 1.698 GC heap before
{Heap before GC invocations=2 (full 0):
 garbage-first heap   total 251904K, used 63314K [0x000000070b200000, 0x0000000800000000)
  region size 2048K, 27 young (55296K), 2 survivors (4096K)
 Metaspace       used 16709K, committed 17088K, reserved 1114112K
  class space    used 1930K, committed 2112K, reserved 1048576K
}
Event: 1.704 GC heap after
{Heap after GC invocations=3 (full 0):
 garbage-first heap   total 251904K, used 17821K [0x000000070b200000, 0x0000000800000000)
  region size 2048K, 4 young (8192K), 4 survivors (8192K)
 Metaspace       used 16709K, committed 17088K, reserved 1114112K
  class space    used 1930K, committed 2112K, reserved 1048576K
}
Event: 3.701 GC heap before
{Heap before GC invocations=3 (full 0):
 garbage-first heap   total 251904K, used 36253K [0x000000070b200000, 0x0000000800000000)
  region size 2048K, 14 young (28672K), 4 survivors (8192K)
 Metaspace       used 21104K, committed 21504K, reserved 1114112K
  class space    used 2519K, committed 2752K, reserved 1048576K
}
Event: 3.705 GC heap after
{Heap after GC invocations=4 (full 0):
 garbage-first heap   total 251904K, used 18777K [0x000000070b200000, 0x0000000800000000)
  region size 2048K, 5 young (10240K), 5 survivors (10240K)
 Metaspace       used 21104K, committed 21504K, reserved 1114112K
  class space    used 2519K, committed 2752K, reserved 1048576K
}
Event: 4.363 GC heap before
{Heap before GC invocations=5 (full 0):
 garbage-first heap   total 75776K, used 74073K [0x000000070b200000, 0x0000000800000000)
  region size 2048K, 32 young (65536K), 5 survivors (10240K)
 Metaspace       used 28910K, committed 29312K, reserved 1114112K
  class space    used 3533K, committed 3712K, reserved 1048576K
}
Event: 4.368 GC heap after
{Heap after GC invocations=6 (full 0):
 garbage-first heap   total 92160K, used 24900K [0x000000070b200000, 0x0000000800000000)
  region size 2048K, 8 young (16384K), 8 survivors (16384K)
 Metaspace       used 28910K, committed 29312K, reserved 1114112K
  class space    used 3533K, committed 3712K, reserved 1048576K
}
Event: 4.836 GC heap before
{Heap before GC invocations=6 (full 0):
 garbage-first heap   total 92160K, used 63812K [0x000000070b200000, 0x0000000800000000)
  region size 2048K, 27 young (55296K), 8 survivors (16384K)
 Metaspace       used 31864K, committed 32256K, reserved 1114112K
  class space    used 3923K, committed 4096K, reserved 1048576K
}
Event: 4.842 GC heap after
{Heap after GC invocations=7 (full 0):
 garbage-first heap   total 92160K, used 26282K [0x000000070b200000, 0x0000000800000000)
  region size 2048K, 2 young (4096K), 2 survivors (4096K)
 Metaspace       used 31864K, committed 32256K, reserved 1114112K
  class space    used 3923K, committed 4096K, reserved 1048576K
}
Event: 5.723 GC heap before
{Heap before GC invocations=7 (full 0):
 garbage-first heap   total 92160K, used 54954K [0x000000070b200000, 0x0000000800000000)
  region size 2048K, 17 young (34816K), 2 survivors (4096K)
 Metaspace       used 35567K, committed 35968K, reserved 1114112K
  class space    used 4544K, committed 4736K, reserved 1048576K
}
Event: 5.728 GC heap after
{Heap after GC invocations=8 (full 0):
 garbage-first heap   total 92160K, used 27466K [0x000000070b200000, 0x0000000800000000)
  region size 2048K, 3 young (6144K), 3 survivors (6144K)
 Metaspace       used 35567K, committed 35968K, reserved 1114112K
  class space    used 4544K, committed 4736K, reserved 1048576K
}
Event: 6.797 GC heap before
{Heap before GC invocations=9 (full 0):
 garbage-first heap   total 92160K, used 76618K [0x000000070b200000, 0x0000000800000000)
  region size 2048K, 27 young (55296K), 3 survivors (6144K)
 Metaspace       used 41916K, committed 42368K, reserved 1114112K
  class space    used 5348K, committed 5568K, reserved 1048576K
}
Event: 6.804 GC heap after
{Heap after GC invocations=10 (full 0):
 garbage-first heap   total 110592K, used 30654K [0x000000070b200000, 0x0000000800000000)
  region size 2048K, 3 young (6144K), 3 survivors (6144K)
 Metaspace       used 41916K, committed 42368K, reserved 1114112K
  class space    used 5348K, committed 5568K, reserved 1048576K
}
Event: 7.482 GC heap before
{Heap before GC invocations=10 (full 0):
 garbage-first heap   total 110592K, used 87998K [0x000000070b200000, 0x0000000800000000)
  region size 2048K, 32 young (65536K), 3 survivors (6144K)
 Metaspace       used 45016K, committed 45568K, reserved 1114112K
  class space    used 5724K, committed 5952K, reserved 1048576K
}
Event: 7.490 GC heap after
{Heap after GC invocations=11 (full 0):
 garbage-first heap   total 110592K, used 36442K [0x000000070b200000, 0x0000000800000000)
  region size 2048K, 4 young (8192K), 4 survivors (8192K)
 Metaspace       used 45016K, committed 45568K, reserved 1114112K
  class space    used 5724K, committed 5952K, reserved 1048576K
}

Dll operation events (13 events):
Event: 0.010 Loaded shared library C:\Program Files\Java\jdk-21\bin\java.dll
Event: 0.043 Loaded shared library C:\Program Files\Java\jdk-21\bin\jsvml.dll
Event: 0.150 Loaded shared library C:\Program Files\Java\jdk-21\bin\zip.dll
Event: 0.153 Loaded shared library C:\Program Files\Java\jdk-21\bin\instrument.dll
Event: 0.158 Loaded shared library C:\Program Files\Java\jdk-21\bin\net.dll
Event: 0.159 Loaded shared library C:\Program Files\Java\jdk-21\bin\nio.dll
Event: 0.161 Loaded shared library C:\Program Files\Java\jdk-21\bin\zip.dll
Event: 0.257 Loaded shared library C:\Program Files\JetBrains\IntelliJ IDEA Community Edition 2024.2.3\bin\breakgen64.dll
Event: 0.266 Loaded shared library C:\Program Files\Java\jdk-21\bin\extnet.dll
Event: 0.427 Loaded shared library C:\Program Files\Java\jdk-21\bin\jimage.dll
Event: 0.917 Loaded shared library C:\Program Files\Java\jdk-21\bin\management.dll
Event: 0.921 Loaded shared library C:\Program Files\Java\jdk-21\bin\management_ext.dll
Event: 3.907 Loaded shared library C:\Program Files\Java\jdk-21\bin\sunmscapi.dll

Deoptimization events (20 events):
Event: 7.769 Thread 0x000001cd87fe2dc0 Uncommon trap: trap_request=0xffffff45 fr.pc=0x000001cd31f86c2c relative=0x000000000000024c
Event: 7.769 Thread 0x000001cd87fe2dc0 Uncommon trap: reason=unstable_if action=reinterpret pc=0x000001cd31f86c2c method=org.aspectj.weaver.World.resolve(Lorg/aspectj/weaver/ResolvedType;)Lorg/aspectj/weaver/ResolvedType; @ 4 c2
Event: 7.769 Thread 0x000001cd87fe2dc0 DEOPT PACKING pc=0x000001cd31f86c2c sp=0x0000007a3f3f9d60
Event: 7.769 Thread 0x000001cd87fe2dc0 DEOPT UNPACKING pc=0x000001cd314146a2 sp=0x0000007a3f3f9d28 mode 2
Event: 7.785 Thread 0x000001cd87fe2dc0 DEOPT PACKING pc=0x000001cd2ab793cf sp=0x0000007a3f3f9db0
Event: 7.785 Thread 0x000001cd87fe2dc0 DEOPT UNPACKING pc=0x000001cd31414e42 sp=0x0000007a3f3f9328 mode 0
Event: 7.790 Thread 0x000001cd87fe2dc0 DEOPT PACKING pc=0x000001cd2a9e1339 sp=0x0000007a3f3fa8b0
Event: 7.790 Thread 0x000001cd87fe2dc0 DEOPT UNPACKING pc=0x000001cd31414e42 sp=0x0000007a3f3f9e50 mode 0
Event: 7.805 Thread 0x000001cd87fe2dc0 Uncommon trap: trap_request=0xffffff45 fr.pc=0x000001cd31fc9e00 relative=0x0000000000000d40
Event: 7.805 Thread 0x000001cd87fe2dc0 Uncommon trap: reason=unstable_if action=reinterpret pc=0x000001cd31fc9e00 method=org.aspectj.weaver.TypeFactory.createTypeFromSignature(Ljava/lang/String;)Lorg/aspectj/weaver/UnresolvedType; @ 517 c2
Event: 7.805 Thread 0x000001cd87fe2dc0 DEOPT PACKING pc=0x000001cd31fc9e00 sp=0x0000007a3f3f9770
Event: 7.805 Thread 0x000001cd87fe2dc0 DEOPT UNPACKING pc=0x000001cd314146a2 sp=0x0000007a3f3f96f0 mode 2
Event: 7.822 Thread 0x000001cd87fe2dc0 Uncommon trap: trap_request=0xffffff45 fr.pc=0x000001cd31faef14 relative=0x00000000000019b4
Event: 7.822 Thread 0x000001cd87fe2dc0 Uncommon trap: reason=unstable_if action=reinterpret pc=0x000001cd31faef14 method=org.springframework.core.annotation.AnnotationsScanner.processMethodHierarchy(Ljava/lang/Object;[ILjava/lang/Class;Lorg/springframework/core/annotation/AnnotationsProcessor;
Event: 7.822 Thread 0x000001cd87fe2dc0 DEOPT PACKING pc=0x000001cd31faef14 sp=0x0000007a3f3f9bf0
Event: 7.822 Thread 0x000001cd87fe2dc0 DEOPT UNPACKING pc=0x000001cd314146a2 sp=0x0000007a3f3f9a50 mode 2
Event: 7.822 Thread 0x000001cd87fe2dc0 Uncommon trap: trap_request=0xffffff45 fr.pc=0x000001cd31f93204 relative=0x0000000000002744
Event: 7.822 Thread 0x000001cd87fe2dc0 Uncommon trap: reason=unstable_if action=reinterpret pc=0x000001cd31f93204 method=org.springframework.core.annotation.AnnotationsScanner.processMethodHierarchy(Ljava/lang/Object;[ILjava/lang/Class;Lorg/springframework/core/annotation/AnnotationsProcessor;
Event: 7.822 Thread 0x000001cd87fe2dc0 DEOPT PACKING pc=0x000001cd31f93204 sp=0x0000007a3f3f9ab0
Event: 7.822 Thread 0x000001cd87fe2dc0 DEOPT UNPACKING pc=0x000001cd314146a2 sp=0x0000007a3f3f9ad8 mode 2

Classes loaded (20 events):
Event: 7.512 Loading class javax/management/ObjectName$Property
Event: 7.512 Loading class javax/management/ObjectName$Property done
Event: 7.512 Loading class com/sun/jmx/mbeanserver/Util
Event: 7.513 Loading class com/sun/jmx/mbeanserver/Util done
Event: 7.527 Loading class java/util/concurrent/ScheduledThreadPoolExecutor$DelayedWorkQueue
Event: 7.527 Loading class java/util/concurrent/ScheduledThreadPoolExecutor$DelayedWorkQueue done
Event: 7.527 Loading class java/util/concurrent/RunnableScheduledFuture
Event: 7.527 Loading class java/util/concurrent/ScheduledFuture
Event: 7.527 Loading class java/util/concurrent/Delayed
Event: 7.527 Loading class java/util/concurrent/Delayed done
Event: 7.527 Loading class java/util/concurrent/ScheduledFuture done
Event: 7.527 Loading class java/util/concurrent/RunnableScheduledFuture done
Event: 7.528 Loading class java/util/logging/LogRecord
Event: 7.528 Loading class java/util/logging/LogRecord done
Event: 7.591 Loading class java/util/zip/ZipFile$ZipEntryIterator
Event: 7.592 Loading class java/util/zip/ZipFile$ZipEntryIterator done
Event: 7.747 Loading class java/util/stream/ReduceOps$1
Event: 7.747 Loading class java/util/stream/ReduceOps$1 done
Event: 7.748 Loading class java/util/stream/ReduceOps$1ReducingSink
Event: 7.748 Loading class java/util/stream/ReduceOps$1ReducingSink done

Classes unloaded (0 events):
No events

Classes redefined (0 events):
No events

Internal exceptions (20 events):
Event: 6.988 Thread 0x000001cd87fe2dc0 Exception <a 'java/lang/NoSuchMethodError'{0x0000000718f6d930}: 'java.lang.Object java.lang.invoke.DirectMethodHandle$Holder.invokeVirtual(java.lang.Object, java.lang.Object, java.lang.Object, java.lang.Object, java.lang.Object, java.lang.Object)'> (0x0000000718f6d930) 
thrown [s\open\src\hotspot\share\interpreter\linkResolver.cpp, line 773]
Event: 7.036 Thread 0x000001cd87fe2dc0 Exception <a 'java/lang/NoSuchMethodError'{0x0000000718db21f8}: 'void java.lang.invoke.DirectMethodHandle$Holder.invokeSpecial(java.lang.Object, java.lang.Object, java.lang.Object, java.lang.Object, java.lang.Object, java.lang.Object, java.lang.Object)'> (0x0000000718db21f8) 
thrown [s\open\src\hotspot\share\interpreter\linkResolver.cpp, line 773]
Event: 7.089 Thread 0x000001cd87fe2dc0 Exception <a 'java/lang/NoSuchMethodError'{0x00000007111cf400}: 'void java.lang.invoke.DirectMethodHandle$Holder.invokeStatic(java.lang.Object, int, java.lang.Object)'> (0x00000007111cf400) 
thrown [s\open\src\hotspot\share\interpreter\linkResolver.cpp, line 773]
Event: 7.092 Thread 0x000001cd87fe2dc0 Exception <a 'java/lang/NoSuchMethodError'{0x00000007111f6520}: 'void java.lang.invoke.DirectMethodHandle$Holder.invokeInterface(java.lang.Object, java.lang.Object, int)'> (0x00000007111f6520) 
thrown [s\open\src\hotspot\share\interpreter\linkResolver.cpp, line 773]
Event: 7.096 Thread 0x000001cd87fe2dc0 Exception <a 'java/lang/IncompatibleClassChangeError'{0x0000000710e38ab0}: Found class java.lang.Object, but interface was expected> (0x0000000710e38ab0) 
thrown [s\open\src\hotspot\share\interpreter\linkResolver.cpp, line 840]
Event: 7.103 Thread 0x000001cd87fe2dc0 Exception <a 'java/lang/NoSuchMethodError'{0x0000000710e82480}: 'void java.lang.invoke.DirectMethodHandle$Holder.invokeStatic(java.lang.Object, java.lang.Object, java.lang.Object, int, java.lang.Object)'> (0x0000000710e82480) 
thrown [s\open\src\hotspot\share\interpreter\linkResolver.cpp, line 773]
Event: 7.103 Thread 0x000001cd87fe2dc0 Exception <a 'java/lang/NoSuchMethodError'{0x0000000710e88ce0}: 'java.lang.Object java.lang.invoke.DirectMethodHandle$Holder.newInvokeSpecial(java.lang.Object, java.lang.Object, java.lang.Object, int)'> (0x0000000710e88ce0) 
thrown [s\open\src\hotspot\share\interpreter\linkResolver.cpp, line 773]
Event: 7.104 Thread 0x000001cd87fe2dc0 Exception <a 'java/lang/NoSuchMethodError'{0x0000000710e8cb70}: 'java.lang.Object java.lang.invoke.DirectMethodHandle$Holder.invokeSpecial(java.lang.Object, java.lang.Object, java.lang.Object, java.lang.Object, int)'> (0x0000000710e8cb70) 
thrown [s\open\src\hotspot\share\interpreter\linkResolver.cpp, line 773]
Event: 7.104 Thread 0x000001cd87fe2dc0 Exception <a 'java/lang/NoSuchMethodError'{0x0000000710e90008}: 'java.lang.Object java.lang.invoke.Invokers$Holder.linkToTargetMethod(java.lang.Object, java.lang.Object, int, java.lang.Object)'> (0x0000000710e90008) 
thrown [s\open\src\hotspot\share\interpreter\linkResolver.cpp, line 773]
Event: 7.293 Thread 0x000001cd87fe2dc0 Exception <a 'java/lang/NoSuchMethodError'{0x000000070ff542b8}: 'java.lang.Object java.lang.invoke.DirectMethodHandle$Holder.invokeStaticInit(java.lang.Object, int, int, int, int)'> (0x000000070ff542b8) 
thrown [s\open\src\hotspot\share\interpreter\linkResolver.cpp, line 773]
Event: 7.308 Thread 0x000001cd87fe2dc0 Exception <a 'java/lang/NoSuchMethodError'{0x000000070fc12750}: 'java.lang.Object java.lang.invoke.DirectMethodHandle$Holder.invokeStaticInit(java.lang.Object, java.lang.Object, int, int, int, int)'> (0x000000070fc12750) 
thrown [s\open\src\hotspot\share\interpreter\linkResolver.cpp, line 773]
Event: 7.469 Thread 0x000001cd87fe2dc0 Implicit null exception at 0x000001cd31ba1af4 to 0x000001cd31ba235e
Event: 7.509 Thread 0x000001cd87fe2dc0 Exception <a 'java/lang/NoSuchMethodError'{0x000000071913dab0}: 'int java.lang.invoke.DirectMethodHandle$Holder.invokeVirtual(java.lang.Object, java.lang.Object, java.lang.Object, java.lang.Object)'> (0x000000071913dab0) 
thrown [s\open\src\hotspot\share\interpreter\linkResolver.cpp, line 773]
Event: 7.509 Thread 0x000001cd87fe2dc0 Exception <a 'java/lang/NoSuchMethodError'{0x0000000719141340}: 'int java.lang.invoke.DelegatingMethodHandle$Holder.reinvoke_L(java.lang.Object, java.lang.Object, java.lang.Object, java.lang.Object)'> (0x0000000719141340) 
thrown [s\open\src\hotspot\share\interpreter\linkResolver.cpp, line 773]
Event: 7.540 Thread 0x000001cd87fe2dc0 Exception <a 'java/io/FileNotFoundException'{0x0000000718e68070}> (0x0000000718e68070) 
thrown [s\open\src\hotspot\share\prims\jni.cpp, line 520]
Event: 7.625 Thread 0x000001cd87fe2dc0 Exception <a 'java/lang/NoSuchMethodError'{0x0000000718b31710}: 'int java.lang.invoke.DirectMethodHandle$Holder.invokeInterface(java.lang.Object, java.lang.Object, java.lang.Object, java.lang.Object)'> (0x0000000718b31710) 
thrown [s\open\src\hotspot\share\interpreter\linkResolver.cpp, line 773]
Event: 7.743 Thread 0x000001cd87fe2dc0 Exception <a 'java/lang/NoSuchMethodError'{0x0000000710dcffe8}: 'java.lang.Object java.lang.invoke.DirectMethodHandle$Holder.invokeStaticInit(java.lang.Object, java.lang.Object, java.lang.Object, java.lang.Object)'> (0x0000000710dcffe8) 
thrown [s\open\src\hotspot\share\interpreter\linkResolver.cpp, line 773]
Event: 7.744 Thread 0x000001cd87fe2dc0 Exception <a 'java/lang/IncompatibleClassChangeError'{0x0000000710ddf170}: Found class java.lang.Object, but interface was expected> (0x0000000710ddf170) 
thrown [s\open\src\hotspot\share\interpreter\linkResolver.cpp, line 840]
Event: 7.746 Thread 0x000001cd87fe2dc0 Exception <a 'java/lang/IncompatibleClassChangeError'{0x0000000710deab70}: Found class java.lang.Object, but interface was expected> (0x0000000710deab70) 
thrown [s\open\src\hotspot\share\interpreter\linkResolver.cpp, line 840]
Event: 7.751 Thread 0x000001cd87fe2dc0 Exception <a 'java/lang/IncompatibleClassChangeError'{0x0000000710a13040}: Found class java.lang.Object, but interface was expected> (0x0000000710a13040) 
thrown [s\open\src\hotspot\share\interpreter\linkResolver.cpp, line 840]

ZGC Phase Switch (0 events):
No events

VM Operations (20 events):
Event: 6.144 Executing VM operation: ICBufferFull
Event: 6.144 Executing VM operation: ICBufferFull done
Event: 6.288 Executing VM operation: HandshakeAllThreads (Deoptimize)
Event: 6.288 Executing VM operation: HandshakeAllThreads (Deoptimize) done
Event: 6.496 Executing VM operation: HandshakeAllThreads (Deoptimize)
Event: 6.497 Executing VM operation: HandshakeAllThreads (Deoptimize) done
Event: 6.656 Executing VM operation: ICBufferFull
Event: 6.656 Executing VM operation: ICBufferFull done
Event: 6.709 Executing VM operation: HandshakeAllThreads (Deoptimize)
Event: 6.709 Executing VM operation: HandshakeAllThreads (Deoptimize) done
Event: 6.797 Executing VM operation: G1CollectForAllocation (G1 Evacuation Pause)
Event: 6.804 Executing VM operation: G1CollectForAllocation (G1 Evacuation Pause) done
Event: 6.915 Executing VM operation: HandshakeAllThreads (Deoptimize)
Event: 6.915 Executing VM operation: HandshakeAllThreads (Deoptimize) done
Event: 7.417 Executing VM operation: HandshakeAllThreads (Deoptimize)
Event: 7.417 Executing VM operation: HandshakeAllThreads (Deoptimize) done
Event: 7.482 Executing VM operation: G1CollectForAllocation (G1 Evacuation Pause)
Event: 7.490 Executing VM operation: G1CollectForAllocation (G1 Evacuation Pause) done
Event: 8.499 Executing VM operation: Cleanup
Event: 8.499 Executing VM operation: Cleanup done

Events (20 events):
Event: 5.747 Thread 0x000001cd41331180 flushing nmethod 0x000001cd2a0c3d90
Event: 5.747 Thread 0x000001cd41331180 flushing nmethod 0x000001cd2a0f4990
Event: 5.747 Thread 0x000001cd41331180 flushing nmethod 0x000001cd2a0f5e90
Event: 5.747 Thread 0x000001cd41331180 flushing nmethod 0x000001cd2a14ae10
Event: 5.747 Thread 0x000001cd41331180 flushing nmethod 0x000001cd2a14b310
Event: 5.747 Thread 0x000001cd41331180 flushing nmethod 0x000001cd2a14d710
Event: 5.747 Thread 0x000001cd41331180 flushing nmethod 0x000001cd2a14df90
Event: 5.747 Thread 0x000001cd41331180 flushing nmethod 0x000001cd2a1a4110
Event: 5.747 Thread 0x000001cd41331180 flushing nmethod 0x000001cd2a1a4690
Event: 5.747 Thread 0x000001cd41331180 flushing nmethod 0x000001cd2a1ab510
Event: 5.747 Thread 0x000001cd41331180 flushing nmethod 0x000001cd2a1ad010
Event: 5.747 Thread 0x000001cd41331180 flushing nmethod 0x000001cd2a1d3610
Event: 5.747 Thread 0x000001cd41331180 flushing nmethod 0x000001cd2a249890
Event: 5.747 Thread 0x000001cd41331180 flushing nmethod 0x000001cd2a2c5090
Event: 5.747 Thread 0x000001cd41331180 flushing nmethod 0x000001cd2a318590
Event: 5.747 Thread 0x000001cd41331180 flushing nmethod 0x000001cd2a31d690
Event: 5.747 Thread 0x000001cd41331180 flushing nmethod 0x000001cd2a31df10
Event: 5.747 Thread 0x000001cd41331180 flushing nmethod 0x000001cd2a34e110
Event: 7.081 Thread 0x000001cd87dcf570 Thread exited: 0x000001cd87dcf570
Event: 8.860 Thread 0x000001cd417d1860 Thread exited: 0x000001cd417d1860


Dynamic libraries:
0x00007ff67a270000 - 0x00007ff67a280000 	C:\Program Files\Java\jdk-21\bin\java.exe
0x00007ff9b3b20000 - 0x00007ff9b3d86000 	C:\WINDOWS\SYSTEM32\ntdll.dll
0x00007ff9b25f0000 - 0x00007ff9b26b9000 	C:\WINDOWS\System32\KERNEL32.DLL
0x00007ff9b0db0000 - 0x00007ff9b11aa000 	C:\WINDOWS\System32\KERNELBASE.dll
0x00007ff9b16b0000 - 0x00007ff9b17fc000 	C:\WINDOWS\System32\ucrtbase.dll
0x00007ff99fed0000 - 0x00007ff99fee9000 	C:\Program Files\Java\jdk-21\bin\jli.dll
0x00007ff99ed30000 - 0x00007ff99ed4b000 	C:\Program Files\Java\jdk-21\bin\VCRUNTIME140.dll
0x00007ff9b2030000 - 0x00007ff9b20e6000 	C:\WINDOWS\System32\ADVAPI32.dll
0x00007ff9b2740000 - 0x00007ff9b27e9000 	C:\WINDOWS\System32\msvcrt.dll
0x00007ff9b2910000 - 0x00007ff9b29ba000 	C:\WINDOWS\System32\sechost.dll
0x00007ff9b3880000 - 0x00007ff9b3998000 	C:\WINDOWS\System32\RPCRT4.dll
0x00007ff9b1890000 - 0x00007ff9b1a57000 	C:\WINDOWS\System32\USER32.dll
0x00007ff996890000 - 0x00007ff996b22000 	C:\WINDOWS\WinSxS\amd64_microsoft.windows.common-controls_6595b64144ccf1df_6.0.26100.8521_none_3e08b75ce33403b3\COMCTL32.dll
0x00007ff9b11b0000 - 0x00007ff9b11d7000 	C:\WINDOWS\System32\win32u.dll
0x00007ff9b21d0000 - 0x00007ff9b21fb000 	C:\WINDOWS\System32\GDI32.dll
0x00007ff9b1350000 - 0x00007ff9b147b000 	C:\WINDOWS\System32\gdi32full.dll
0x00007ff9b12a0000 - 0x00007ff9b1343000 	C:\WINDOWS\System32\msvcp_win.dll
0x00007ff9a7cd0000 - 0x00007ff9a7cdb000 	C:\WINDOWS\SYSTEM32\VERSION.dll
0x00007ff9b3aa0000 - 0x00007ff9b3ad2000 	C:\WINDOWS\System32\IMM32.DLL
0x00007ff9aac40000 - 0x00007ff9aac4c000 	C:\Program Files\Java\jdk-21\bin\vcruntime140_1.dll
0x00007ff98d2d0000 - 0x00007ff98d35e000 	C:\Program Files\Java\jdk-21\bin\msvcp140.dll
0x00007ff924650000 - 0x00007ff92536a000 	C:\Program Files\Java\jdk-21\bin\server\jvm.dll
0x00007ff9b29c0000 - 0x00007ff9b2a40000 	C:\WINDOWS\System32\WS2_32.dll
0x00007ff9b0c30000 - 0x00007ff9b0c8e000 	C:\WINDOWS\SYSTEM32\POWRPROF.dll
0x00007ff9a7b50000 - 0x00007ff9a7b86000 	C:\WINDOWS\SYSTEM32\WINMM.dll
0x00007ff9b0c10000 - 0x00007ff9b0c24000 	C:\WINDOWS\SYSTEM32\UMPDC.dll
0x00007ff9afaa0000 - 0x00007ff9afabb000 	C:\WINDOWS\SYSTEM32\kernel.appcore.dll
0x00007ff99e3c0000 - 0x00007ff99e3ca000 	C:\Program Files\Java\jdk-21\bin\jimage.dll
0x00007ff9a99f0000 - 0x00007ff9a9c32000 	C:\WINDOWS\SYSTEM32\DBGHELP.DLL
0x00007ff9b3210000 - 0x00007ff9b3593000 	C:\WINDOWS\System32\combase.dll
0x00007ff9b20f0000 - 0x00007ff9b21c9000 	C:\WINDOWS\System32\OLEAUT32.dll
0x00007ff9982f0000 - 0x00007ff99832b000 	C:\WINDOWS\SYSTEM32\dbgcore.DLL
0x00007ff9b1480000 - 0x00007ff9b1528000 	C:\WINDOWS\System32\bcryptPrimitives.dll
0x00007ff9ad240000 - 0x00007ff9ad24f000 	C:\Program Files\Java\jdk-21\bin\instrument.dll
0x00007ff99bdf0000 - 0x00007ff99be0f000 	C:\Program Files\Java\jdk-21\bin\java.dll
0x00007ff9b2a50000 - 0x00007ff9b31d4000 	C:\WINDOWS\System32\SHELL32.dll
0x00007ff9ae950000 - 0x00007ff9af1d0000 	C:\WINDOWS\SYSTEM32\windows.storage.dll
0x00007ff9b3780000 - 0x00007ff9b3876000 	C:\WINDOWS\System32\SHCORE.dll
0x00007ff9b39a0000 - 0x00007ff9b3a07000 	C:\WINDOWS\System32\shlwapi.dll
0x00007ff9b0cd0000 - 0x00007ff9b0cf9000 	C:\WINDOWS\SYSTEM32\profapi.dll
0x00007ff98d1f0000 - 0x00007ff98d2c7000 	C:\Program Files\Java\jdk-21\bin\jsvml.dll
0x00007ff997b20000 - 0x00007ff997b38000 	C:\Program Files\Java\jdk-21\bin\zip.dll
0x00007ff99e370000 - 0x00007ff99e380000 	C:\Program Files\Java\jdk-21\bin\net.dll
0x00007ff9a9120000 - 0x00007ff9a9249000 	C:\WINDOWS\SYSTEM32\WINHTTP.dll
0x00007ff9b0050000 - 0x00007ff9b00bc000 	C:\WINDOWS\system32\mswsock.dll
0x00007ff9983b0000 - 0x00007ff9983c6000 	C:\Program Files\Java\jdk-21\bin\nio.dll
0x00007ff9ad220000 - 0x00007ff9ad23a000 	C:\Program Files\JetBrains\IntelliJ IDEA Community Edition 2024.2.3\bin\breakgen64.dll
0x00007ff99c420000 - 0x00007ff99c429000 	C:\Program Files\Java\jdk-21\bin\extnet.dll
0x00007ff99da60000 - 0x00007ff99da6a000 	C:\Program Files\Java\jdk-21\bin\management.dll
0x00007ff99d9e0000 - 0x00007ff99d9eb000 	C:\Program Files\Java\jdk-21\bin\management_ext.dll
0x00007ff9b2800000 - 0x00007ff9b2808000 	C:\WINDOWS\System32\PSAPI.DLL
0x00007ff9af570000 - 0x00007ff9af6ba000 	C:\WINDOWS\SYSTEM32\DNSAPI.dll
0x00007ff9afe70000 - 0x00007ff9afe7d000 	C:\WINDOWS\SYSTEM32\DSPARSE.dll
0x00007ff9af4e0000 - 0x00007ff9af513000 	C:\WINDOWS\SYSTEM32\IPHLPAPI.DLL
0x00007ff9b27f0000 - 0x00007ff9b27fa000 	C:\WINDOWS\System32\NSI.dll
0x00007ff9a7e20000 - 0x00007ff9a7e2b000 	C:\Windows\System32\rasadhlp.dll
0x00007ff9a8820000 - 0x00007ff9a88a6000 	C:\WINDOWS\System32\fwpuclnt.dll
0x00007ff998590000 - 0x00007ff99859e000 	C:\Program Files\Java\jdk-21\bin\sunmscapi.dll
0x00007ff9b1530000 - 0x00007ff9b16a8000 	C:\WINDOWS\System32\CRYPT32.dll
0x00007ff9b0590000 - 0x00007ff9b05c0000 	C:\WINDOWS\SYSTEM32\ncrypt.dll
0x00007ff9b0540000 - 0x00007ff9b057f000 	C:\WINDOWS\SYSTEM32\NTASN1.dll
0x00007ff9b0450000 - 0x00007ff9b046b000 	C:\WINDOWS\SYSTEM32\CRYPTSP.dll
0x00007ff9afa60000 - 0x00007ff9afa99000 	C:\WINDOWS\system32\rsaenh.dll
0x00007ff9b0100000 - 0x00007ff9b0133000 	C:\WINDOWS\SYSTEM32\USERENV.dll
0x00007ff9b0ca0000 - 0x00007ff9b0cca000 	C:\WINDOWS\SYSTEM32\bcrypt.dll
0x00007ff9b02b0000 - 0x00007ff9b02bc000 	C:\WINDOWS\SYSTEM32\CRYPTBASE.dll

dbghelp: loaded successfully - version: 4.0.5 - missing functions: none
symbol engine: initialized successfully - sym options: 0x614 - pdb path: .;C:\Program Files\Java\jdk-21\bin;C:\WINDOWS\SYSTEM32;C:\WINDOWS\WinSxS\amd64_microsoft.windows.common-controls_6595b64144ccf1df_6.0.26100.8521_none_3e08b75ce33403b3;C:\Program Files\Java\jdk-21\bin\server;C:\Program Files\JetBrains\IntelliJ IDEA Community Edition 2024.2.3\bin

VM Arguments:
jvm_args: -javaagent:C:\Program Files\JetBrains\IntelliJ IDEA Community Edition 2024.2.3\lib\idea_rt.jar=62070:C:\Program Files\JetBrains\IntelliJ IDEA Community Edition 2024.2.3\bin -Dfile.encoding=UTF-8 -Dsun.stdout.encoding=UTF-8 -Dsun.stderr.encoding=UTF-8 
java_command: com.stock_service.stock_service.StockServiceApplication
java_class_path (initial): C:\Users\hugo_\IdeaProjects_JAVA_TODO\PORTAFOLIO_Proyecto_3\stock-service\target\classes;C:\Users\hugo_\.m2\repository\org\springframework\boot\spring-boot-starter-actuator\3.5.7\spring-boot-starter-actuator-3.5.7.jar;C:\Users\hugo_\.m2\repository\org\springframework\boot\spring-boot-starter\3.5.7\spring-boot-starter-3.5.7.jar;C:\Users\hugo_\.m2\repository\org\springframework\boot\spring-boot-starter-logging\3.5.7\spring-boot-starter-logging-3.5.7.jar;C:\Users\hugo_\.m2\repository\ch\qos\logback\logback-classic\1.5.20\logback-classic-1.5.20.jar;C:\Users\hugo_\.m2\repository\ch\qos\logback\logback-core\1.5.20\logback-core-1.5.20.jar;C:\Users\hugo_\.m2\repository\org\apache\logging\log4j\log4j-to-slf4j\2.24.3\log4j-to-slf4j-2.24.3.jar;C:\Users\hugo_\.m2\repository\org\apache\logging\log4j\log4j-api\2.24.3\log4j-api-2.24.3.jar;C:\Users\hugo_\.m2\repository\org\slf4j\jul-to-slf4j\2.0.17\jul-to-slf4j-2.0.17.jar;C:\Users\hugo_\.m2\repository\jakarta\annotation\jakarta.annotation-api\2.1.1\jakarta.annotation-api-2.1.1.jar;C:\Users\hugo_\.m2\repository\org\yaml\snakeyaml\2.4\snakeyaml-2.4.jar;C:\Users\hugo_\.m2\repository\org\springframework\boot\spring-boot-actuator-autoconfigure\3.5.7\spring-boot-actuator-autoconfigure-3.5.7.jar;C:\Users\hugo_\.m2\repository\org\springframework\boot\spring-boot-actuator\3.5.7\spring-boot-actuator-3.5.7.jar;C:\Users\hugo_\.m2\repository\com\fasterxml\jackson\datatype\jackson-datatype-jsr310\2.19.2\jackson-datatype-jsr310-2.19.2.jar;C:\Users\hugo_\.m2\repository\io\micrometer\micrometer-observation\1.15.5\micrometer-observation-1.15.5.jar;C:\Users\hugo_\.m2\repository\io\micrometer\micrometer-commons\1.15.5\micrometer-commons-1.15.5.jar;C:\Users\hugo_\.m2\repository\io\micrometer\micrometer-jakarta9\1.15.5\micrometer-jakarta9-1.15.5.jar;C:\Users\hugo_\.m2\repository\io\micrometer\micrometer-core\1.15.5\micrometer-core-1.15.5.jar;C:\Users\hugo_\.m2\repository\org\hdrhistogram\HdrHistogram\2.2.2\HdrHistogram-2.2.2.jar;C:\Users\hugo_\.m2\repository\org\latencyutils\LatencyUtils\2.0.3\LatencyUtils-2.0.3.jar;C:\Users\hugo_\.m2\repository\org\springframework\boot\spring-boot-starter-data-jpa\3.5.7\spring-boot-starter-data-jpa-3.5.7.jar;C:\Users\hugo_\.m2\repository\org\springframework\boot\spring-boot-starter-jdbc\3.5.7\spring-boot-starter-jdbc-3.5.7.jar;C:\Users\hugo_\.m2\repository\com\zaxxer\HikariCP\6.3.3\HikariCP-6.3.3.jar;C:\Users\hugo_\.m2\repository\org\springframework\spring-jdbc\6.2.12\spring-jdbc-6.2.12.jar;C:\Users\hugo_\.m2\repository\org\hibernate\orm\hibernate-core\6.6.33.Final\hibernate-core-6.6.33.Final.jar;C:\Users\hugo_\.m2\repository\jakarta\persistence\jakarta.persistence-api\3.1.0\jakarta.persistence-api-3.1.0.jar;C:\Users\hugo_\.m2\repository\jakarta\transaction\jakarta.transaction-api\2.0.1\jakarta.transaction-api-2.0.1.jar;C:\Users\hugo_\.m2\repository\org\jboss\logging\jboss-logging\3.6.1.Final\jboss-logging-3.6.1.Final.jar;C:\Users\hugo_\.m2\repository\org\hibernate\common\hibernate-commons-annotations\7.0.3.Final\hibernate-commons-annotations-7.0.3.Final.jar;C:\Users\hugo_\.m2\repository\io\smallrye\jandex\3.2.0\jandex-3.2.0.jar;C:\Users\hugo_\.m2\repository\com\fasterxml\classmate\1.7.1\classmate-1.7.1.jar;C:\Users\hugo_\.m2\repository\net\bytebuddy\byte-buddy\1.17.8\byte-buddy-1.17.8.jar;C:\Users\hugo_\.m2\repository\org\glassfish\jaxb\jaxb-runtime\4.0.6\jaxb-runtime-4.0.6.jar;C:\Users\hugo_\.m2\repository\org\glassfish\jaxb\jaxb-core\4.0.6\jaxb-core-4.0.6.jar;C:\Users\hugo_\.m2\repository\org\eclipse\angus\angus-activation\2.0.3\angus-activation-2.0.3.jar;C:\Users\hugo_\.m2\repository\org\glassfish\jaxb\txw2\4.0.6\txw2-4.0.6.jar;C:\Users\hugo_\.m2\repository\com\sun\istack\istack-commons-runtime\4.1.2\istack-commons-runtime-4.1.2.jar;C:\Users\hugo_\.m2\repository\jakarta\inject\jakarta.inject-api\2.0.1\jakarta.inject-api-2.0.1.jar;C:\Users\hugo_\.m2\repository\org\antlr\antlr4-runtime\4.13.0\antlr4-runtime-4.13.0.jar;C:\Users\hugo_\.m2\repository\org\springframework\data\spring-data-jpa\3.5.5\spring-data-jpa-3.5.5.jar;C:\Users\hugo_\.m2\repository\org\springframework\data\spring-data-commons\3.5.5\spring-data-commons-3.5.5.jar;C:\Users\hugo_\.m2\repository\org\springframework\spring-orm\6.2.12\spring-orm-6.2.12.jar;C:\Users\hugo_\.m2\repository\org\springframework\spring-context\6.2.12\spring-context-6.2.12.jar;C:\Users\hugo_\.m2\repository\org\springframework\spring-tx\6.2.12\spring-tx-6.2.12.jar;C:\Users\hugo_\.m2\repository\org\springframework\spring-beans\6.2.12\spring-beans-6.2.12.jar;C:\Users\hugo_\.m2\repository\org\slf4j\slf4j-api\2.0.17\slf4j-api-2.0.17.jar;C:\Users\hugo_\.m2\repository\org\springframework\spring-aspects\6.2.12\spring-aspects-6.2.12.jar;C:\Users\hugo_\.m2\repository\org\aspectj\aspectjweaver\1.9.24\aspectjweaver-1.9.24.jar;C:\Users\hugo_\.m2\repository\org\springframework\boot\spring-boot-starter-security\3.5.7\spring-boot-starter-security-3.5.7.jar;C:\Users\hugo_\.m2\repository\org\springframework\spring-aop\6.2.12\spring-aop-6.2.12.jar;C:\Users\hugo_\.m2\repository\org\springframework\security\spring-security-config\6.5.6\spring-security-config-6.5.6.jar;C:\Users\hugo_\.m2\repository\org\springframework\security\spring-security-web\6.5.6\spring-security-web-6.5.6.jar;C:\Users\hugo_\.m2\repository\org\springframework\spring-expression\6.2.12\spring-expression-6.2.12.jar;C:\Users\hugo_\.m2\repository\org\springframework\boot\spring-boot-starter-validation\3.5.7\spring-boot-starter-validation-3.5.7.jar;C:\Users\hugo_\.m2\repository\org\apache\tomcat\embed\tomcat-embed-el\10.1.48\tomcat-embed-el-10.1.48.jar;C:\Users\hugo_\.m2\repository\org\hibernate\validator\hibernate-validator\8.0.3.Final\hibernate-validator-8.0.3.Final.jar;C:\Users\hugo_\.m2\repository\jakarta\validation\jakarta.validation-api\3.0.2\jakarta.validation-api-3.0.2.jar;C:\Users\hugo_\.m2\repository\org\springframework\boot\spring-boot-starter-web\3.5.7\spring-boot-starter-web-3.5.7.jar;C:\Users\hugo_\.m2\repository\org\springframework\boot\spring-boot-starter-json\3.5.7\spring-boot-starter-json-3.5.7.jar;C:\Users\hugo_\.m2\repository\com\fasterxml\jackson\datatype\jackson-datatype-jdk8\2.19.2\jackson-datatype-jdk8-2.19.2.jar;C:\Users\hugo_\.m2\repository\com\fasterxml\jackson\module\jackson-module-parameter-names\2.19.2\jackson-module-parameter-names-2.19.2.jar;C:\Users\hugo_\.m2\repository\org\springframework\boot\spring-boot-starter-tomcat\3.5.7\spring-boot-starter-tomcat-3.5.7.jar;C:\Users\hugo_\.m2\repository\org\apache\tomcat\embed\tomcat-embed-core\10.1.48\tomcat-embed-core-10.1.48.jar;C:\Users\hugo_\.m2\repository\org\apache\tomcat\embed\tomcat-embed-websocket\10.1.48\tomcat-embed-websocket-10.1.48.jar;C:\Users\hugo_\.m2\repository\org\springframework\spring-web\6.2.12\spring-web-6.2.12.jar;C:\Users\hugo_\.m2\repository\org\springframework\spring-webmvc\6.2.12\spring-webmvc-6.2.12.jar;C:\Users\hugo_\.m2\repository\org\springframework\cloud\spring-cloud-starter-circuitbreaker-resilience4j\3.3.0\spring-cloud-starter-circuitbreaker-resilience4j-3.3.0.jar;C:\Users\hugo_\.m2\repository\org\springframework\cloud\spring-cloud-starter\4.3.0\spring-cloud-starter-4.3.0.jar;C:\Users\hugo_\.m2\repository\org\springframework\cloud\spring-cloud-context\4.3.0\spring-cloud-context-4.3.0.jar;C:\Users\hugo_\.m2\repository\org\springframework\cloud\spring-cloud-commons\4.3.0\spring-cloud-commons-4.3.0.jar;C:\Users\hugo_\.m2\repository\org\bouncycastle\bcprov-jdk18on\1.80\bcprov-jdk18on-1.80.jar;C:\Users\hugo_\.m2\repository\org\springframework\cloud\spring-cloud-circuitbreaker-resilience4j\3.3.0\spring-cloud-circuitbreaker-resilience4j-3.3.0.jar;C:\Users\hugo_\.m2\repository\io\github\resilience4j\resilience4j-spring-boot3\2.2.0\resilience4j-spring-boot3-2.2.0.jar;C:\Users\hugo_\.m2\repository\io\github\resilience4j\resilience4j-spring6\2.2.0\resilience4j-spring6-2.2.0.jar;C:\Users\hugo_\.m2\repository\io\github\resilience4j\resilience4j-annotations\2.2.0\resilience4j-annotations-2.2.0.jar;C:\Users\hugo_\.m2\repository\io\github\resilience4j\resilience4j-consumer\2.2.0\resilience4j-consumer-2.2.0.jar;C:\Users\hugo_\.m2\repository\io\github\resilience4j\resilience4j-circularbuffer\2.2.0\resilience4j-circularbuffer-2.2.0.jar;C:\Users\hugo_\.m2\repository\io\github\resilience4j\resilience4j-framework-common\2.2.0\resilience4j-framework-common-2.2.0.jar;C:\Users\hugo_\.m2\repository\io\github\resilience4j\resilience4j-micrometer\2.2.0\resilience4j-micrometer-2.2.0.jar;C:\Users\hugo_\.m2\repository\io\github\resilience4j\resilience4j-retry\2.2.0\resilience4j-retry-2.2.0.jar;C:\Users\hugo_\.m2\repository\io\github\resilience4j\resilience4j-ratelimiter\2.2.0\resilience4j-ratelimiter-2.2.0.jar;C:\Users\hugo_\.m2\repository\org\springframework\boot\spring-boot-configuration-processor\3.5.7\spring-boot-configuration-processor-3.5.7.jar;C:\Users\hugo_\.m2\repository\io\github\resilience4j\resilience4j-circuitbreaker\2.2.0\resilience4j-circuitbreaker-2.2.0.jar;C:\Users\hugo_\.m2\repository\io\github\resilience4j\resilience4j-core\2.2.0\resilience4j-core-2.2.0.jar;C:\Users\hugo_\.m2\repository\io\github\resilience4j\resilience4j-timelimiter\2.2.0\resilience4j-timelimiter-2.2.0.jar;C:\Users\hugo_\.m2\repository\org\springframework\cloud\spring-cloud-starter-config\4.3.0\spring-cloud-starter-config-4.3.0.jar;C:\Users\hugo_\.m2\repository\org\springframework\cloud\spring-cloud-config-client\4.3.0\spring-cloud-config-client-4.3.0.jar;C:\Users\hugo_\.m2\repository\com\fasterxml\jackson\core\jackson-annotations\2.19.2\jackson-annotations-2.19.2.jar;C:\Users\hugo_\.m2\repository\org\apache\httpcomponents\client5\httpclient5\5.5.1\httpclient5-5.5.1.jar;C:\Users\hugo_\.m2\repository\org\apache\httpcomponents\core5\httpcore5\5.3.6\httpcore5-5.3.6.jar;C:\Users\hugo_\.m2\repository\org\apache\httpcomponents\core5\httpcore5-h2\5.3.6\httpcore5-h2-5.3.6.jar;C:\Users\hugo_\.m2\repository\com\fasterxml\jackson\core\jackson-databind\2.19.2\jackson-databind-2.19.2.jar;C:\Users\hugo_\.m2\repository\com\fasterxml\jackson\core\jackson-core\2.19.2\jackson-core-2.19.2.jar;C:\Users\hugo_\.m2\repository\org\springframework\cloud\spring-cloud-starter-netflix-eureka-client\4.3.0\spring-cloud-starter-netflix-eureka-client-4.3.0.jar;C:\Users\hugo_\.m2\repository\org\springframework\cloud\spring-cloud-netflix-eureka-client\4.3.0\spring-cloud-netflix-eureka-client-4.3.0.jar;C:\Users\hugo_\.m2\repository\com\netflix\eureka\eureka-client\2.0.4\eureka-client-2.0.4.jar;C:\Users\hugo_\.m2\repository\com\thoughtworks\xstream\xstream\1.4.20\xstream-1.4.20.jar;C:\Users\hugo_\.m2\repository\io\github\x-stream\mxparser\1.2.2\mxparser-1.2.2.jar;C:\Users\hugo_\.m2\repository\xmlpull\xmlpull\1.1.3.1\xmlpull-1.1.3.1.jar;C:\Users\hugo_\.m2\repository\jakarta\ws\rs\jakarta.ws.rs-api\3.1.0\jakarta.ws.rs-api-3.1.0.jar;C:\Users\hugo_\.m2\repository\com\netflix\spectator\spectator-api\1.7.3\spectator-api-1.7.3.jar;C:\Users\hugo_\.m2\repository\org\apache\httpcomponents\httpclient\4.5.3\httpclient-4.5.3.jar;C:\Users\hugo_\.m2\repository\org\apache\httpcomponents\httpcore\4.4.16\httpcore-4.4.16.jar;C:\Users\hugo_\.m2\repository\commons-codec\commons-codec\1.18.0\commons-codec-1.18.0.jar;C:\Users\hugo_\.m2\repository\commons-configuration\commons-configuration\1.10\commons-configuration-1.10.jar;C:\Users\hugo_\.m2\repository\commons-lang\commons-lang\2.6\commons-lang-2.6.jar;C:\Users\hugo_\.m2\repository\com\netflix\netflix-commons\netflix-eventbus\0.3.0\netflix-eventbus-0.3.0.jar;C:\Users\hugo_\.m2\repository\com\netflix\netflix-commons\netflix-infix\0.3.0\netflix-infix-0.3.0.jar;C:\Users\hugo_\.m2\repository\commons-jxpath\commons-jxpath\1.3\commons-jxpath-1.3.jar;C:\Users\hugo_\.m2\repository\joda-time\joda-time\2.3\joda-time-2.3.jar;C:\Users\hugo_\.m2\repository\org\antlr\antlr-runtime\3.4\antlr-runtime-3.4.jar;C:\Users\hugo_\.m2\repository\org\antlr\stringtemplate\3.2.1\stringtemplate-3.2.1.jar;C:\Users\hugo_\.m2\repository\antlr\antlr\2.7.7\antlr-2.7.7.jar;C:\Users\hugo_\.m2\repository\com\google\guava\guava\14.0.1\guava-14.0.1.jar;C:\Users\hugo_\.m2\repository\com\google\code\gson\gson\2.13.2\gson-2.13.2.jar;C:\Users\hugo_\.m2\repository\com\google\errorprone\error_prone_annotations\2.41.0\error_prone_annotations-2.41.0.jar;C:\Users\hugo_\.m2\repository\com\netflix\servo\servo-core\0.5.3\servo-core-0.5.3.jar;C:\Users\hugo_\.m2\repository\org\apache\commons\commons-math\2.2\commons-math-2.2.jar;C:\Users\hugo_\.m2\repository\javax\annotation\javax.annotation-api\1.2\javax.annotation-api-1.2.jar;C:\Users\hugo_\.m2\repository\org\codehaus\jettison\jettison\1.5.4\jettison-1.5.4.jar;C:\Users\hugo_\.m2\repository\org\springframework\cloud\spring-cloud-starter-loadbalancer\4.3.0\spring-cloud-starter-loadbalancer-4.3.0.jar;C:\Users\hugo_\.m2\repository\org\springframework\cloud\spring-cloud-loadbalancer\4.3.0\spring-cloud-loadbalancer-4.3.0.jar;C:\Users\hugo_\.m2\repository\io\projectreactor\reactor-core\3.7.12\reactor-core-3.7.12.jar;C:\Users\hugo_\.m2\repository\org\reactivestreams\reactive-streams\1.0.4\reactive-streams-1.0.4.jar;C:\Users\hugo_\.m2\repository\io\projectreactor\addons\reactor-extra\3.5.4\reactor-extra-3.5.4.jar;C:\Users\hugo_\.m2\repository\org\springframework\boot\spring-boot-starter-cache\3.5.7\spring-boot-starter-cache-3.5.7.jar;C:\Users\hugo_\.m2\repository\org\springframework\spring-context-support\6.2.12\spring-context-support-6.2.12.jar;C:\Users\hugo_\.m2\repository\com\stoyanr\evictor\1.0.0\evictor-1.0.0.jar;C:\Users\hugo_\.m2\repository\org\springframework\boot\spring-boot-devtools\3.5.7\spring-boot-devtools-3.5.7.jar;C:\Users\hugo_\.m2\repository\org\springframework\boot\spring-boot\3.5.7\spring-boot-3.5.7.jar;C:\Users\hugo_\.m2\repository\org\springframework\boot\spring-boot-autoconfigure\3.5.7\spring-boot-autoconfigure-3.5.7.jar;C:\Users\hugo_\.m2\repository\com\mysql\mysql-connector-j\9.4.0\mysql-connector-j-9.4.0.jar;C:\Users\hugo_\.m2\repository\org\projectlombok\lombok\1.18.42\lombok-1.18.42.jar;C:\Users\hugo_\.m2\repository\jakarta\xml\bind\jakarta.xml.bind-api\4.0.4\jakarta.xml.bind-api-4.0.4.jar;C:\Users\hugo_\.m2\repository\jakarta\activation\jakarta.activation-api\2.1.4\jakarta.activation-api-2.1.4.jar;C:\Users\hugo_\.m2\repository\org\springframework\spring-core\6.2.12\spring-core-6.2.12.jar;C:\Users\hugo_\.m2\repository\org\springframework\spring-jcl\6.2.12\spring-jcl-6.2.12.jar;C:\Users\hugo_\.m2\repository\org\springframework\security\spring-security-core\6.5.6\spring-security-core-6.5.6.jar;C:\Users\hugo_\.m2\repository\org\springframework\security\spring-security-crypto\6.5.6\spring-security-crypto-6.5.6.jar;C:\Users\hugo_\.m2\repository\org\mapstruct\mapstruct\1.5.5.Final\mapstruct-1.5.5.Final.jar;C:\Users\hugo_\.m2\repository\org\springdoc\springdoc-openapi-starter-webmvc-ui\2.5.0\springdoc-openapi-starter-webmvc-ui-2.5.0.jar;C:\Users\hugo_\.m2\repository\org\springdoc\springdoc-openapi-starter-webmvc-api\2.5.0\springdoc-openapi-starter-webmvc-api-2.5.0.jar;C:\Users\hugo_\.m2\repository\org\springdoc\springdoc-openapi-starter-common\2.5.0\springdoc-openapi-starter-common-2.5.0.jar;C:\Users\hugo_\.m2\repository\io\swagger\core\v3\swagger-core-jakarta\2.2.21\swagger-core-jakarta-2.2.21.jar;C:\Users\hugo_\.m2\repository\org\apache\commons\commons-lang3\3.17.0\commons-lang3-3.17.0.jar;C:\Users\hugo_\.m2\repository\io\swagger\core\v3\swagger-annotations-jakarta\2.2.21\swagger-annotations-jakarta-2.2.21.jar;C:\Users\hugo_\.m2\repository\io\swagger\core\v3\swagger-models-jakarta\2.2.21\swagger-models-jakarta-2.2.21.jar;C:\Users\hugo_\.m2\repository\com\fasterxml\jackson\dataformat\jackson-dataformat-yaml\2.19.2\jackson-dataformat-yaml-2.19.2.jar;C:\Users\hugo_\.m2\repository\org\webjars\swagger-ui\5.13.0\swagger-ui-5.13.0.jar
Launcher Type: SUN_STANDARD

[Global flags]
     intx CICompilerCount                          = 12                                        {product} {ergonomic}
     uint ConcGCThreads                            = 3                                         {product} {ergonomic}
     uint G1ConcRefinementThreads                  = 13                                        {product} {ergonomic}
   size_t G1HeapRegionSize                         = 2097152                                   {product} {ergonomic}
    uintx GCDrainStackTargetSize                   = 64                                        {product} {ergonomic}
   size_t InitialHeapSize                          = 257949696                                 {product} {ergonomic}
   size_t MarkStackSize                            = 4194304                                   {product} {ergonomic}
   size_t MaxHeapSize                              = 4108320768                                {product} {ergonomic}
   size_t MaxNewSize                               = 2464153600                                {product} {ergonomic}
   size_t MinHeapDeltaBytes                        = 2097152                                   {product} {ergonomic}
   size_t MinHeapSize                              = 8388608                                   {product} {ergonomic}
    uintx NonNMethodCodeHeapSize                   = 7602480                                {pd product} {ergonomic}
    uintx NonProfiledCodeHeapSize                  = 122027880                              {pd product} {ergonomic}
    uintx ProfiledCodeHeapSize                     = 122027880                              {pd product} {ergonomic}
    uintx ReservedCodeCacheSize                    = 251658240                              {pd product} {ergonomic}
     bool SegmentedCodeCache                       = true                                      {product} {ergonomic}
   size_t SoftMaxHeapSize                          = 4108320768                             {manageable} {ergonomic}
     bool UseCompressedOops                        = true                           {product lp64_product} {ergonomic}
     bool UseG1GC                                  = true                                      {product} {ergonomic}
     bool UseLargePagesIndividualAllocation        = false                                  {pd product} {ergonomic}

Logging:
Log output configuration:
 #0: stdout all=warning uptime,level,tags foldmultilines=false
 #1: stderr all=off uptime,level,tags foldmultilines=false

Environment Variables:
JAVA_HOME=C:\Program Files\Java\jdk-17
PATH=C:\Program Files\Common Files\Oracle\Java\javapath;C:\Program Files (x86)\Common Files\Oracle\Java\java8path;C:\Program Files (x86)\Common Files\Oracle\Java\javapath;C:\WINDOWS\system32;C:\WINDOWS;C:\WINDOWS\System32\Wbem;C:\WINDOWS\System32\WindowsPowerShell\v1.0\;C:\WINDOWS\System32\OpenSSH\;C:\Program Files\dotnet\;C:\Program Files (x86)\Microsoft SQL Server\160\Tools\Binn\;C:\Program Files\Microsoft SQL Server\160\Tools\Binn\;C:\Program Files\Microsoft SQL Server\Client SDK\ODBC\170\Tools\Binn\;C:\Program Files\Microsoft SQL Server\160\DTS\Binn\;C:\Program Files (x86)\Windows Kits\10\Windows Performance Toolkit\;C:\Program Files\Microsoft SQL Server\150\Tools\Binn\;C:\Program Files (x86)\Microsoft SQL Server\160\DTS\Binn\;C:\Program Files\Docker\Docker\resources\bin;C:\Program Files\Git\cmd;C:\Program Files\nodejs\;C:\Program Files\PuTTY\;C:\Users\hugo_\AppData\Local\Programs\Python\Python313\Scripts\;C:\Users\hugo_\AppData\Local\Programs\Python\Python313\;C:\Users\hugo_\AppData\Local\Programs\Python\Launcher\;C:\Users\hugo_\AppData\Local\Microsoft\WindowsApps;C:\Users\hugo_\AppData\Local\Programs\Microsoft VS Code\bin;C:\Users\hugo_\.dotnet\tools;C:\Program Files\Java\jdk-17\bin;C:\Users\hugo_\AppData\Roaming\npm;
USERNAME=hugo_
OS=Windows_NT
PROCESSOR_IDENTIFIER=AMD64 Family 25 Model 80 Stepping 0, AuthenticAMD
TMP=C:\Users\hugo_\AppData\Local\Temp
TEMP=C:\Users\hugo_\AppData\Local\Temp




Periodic native trim disabled

---------------  S Y S T E M  ---------------

OS:
 Windows 11 , 64 bit Build 26100 (10.0.26100.8521)
OS uptime: 0 days 8:15 hours
Hyper-V role detected

CPU: total 16 (initial active 16) (16 cores per cpu, 2 threads per core) family 25 model 80 stepping 0 microcode 0xa50000d, cx8, cmov, fxsr, ht, mmx, 3dnowpref, sse, sse2, sse3, ssse3, sse4a, sse4.1, sse4.2, popcnt, lzcnt, tsc, tscinvbit, avx, avx2, aes, erms, clmul, bmi1, bmi2, adx, sha, fma, vzeroupper, clflush, clflushopt, hv, rdtscp, rdpid, fsrm, f16c, cet_ss
Processor Information for all 16 processors :
  Max Mhz: 3801, Current Mhz: 3801, Mhz Limit: 3801

Memory: 4k page, system-wide physical 15664M (1355M free)
TotalPageFile size 19760M (AvailPageFile size 473M)
current process WorkingSet (physical memory assigned to process): 359M, peak: 361M
current process commit charge ("private bytes"): 406M, peak: 408M

vm_info: Java HotSpot(TM) 64-Bit Server VM (21.0.6+8-LTS-188) for windows-amd64 JRE (21.0.6+8-LTS-188), built on 2024-12-03T10:50:54Z by "mach5one" with MS VC++ 17.6 (VS2022)

END.
